I0326 13:59:56.451319 82662 cuckoo_watch.h:45] 65ms in ProcessBatch(lectures_batches/aaaaac.batch) [including 3ms in LoadMessage; 4ms in InitializeSparseNdw; 0ms in FindReuseThetaCacheEntry; 0ms in InitializeTheta; 0ms in CreateRegularizerAgents; 32ms in InferThetaAndUpdateNwtSparse; 0ms in UpdateCacheEntry; 23ms in CalculateScore(^^^ItemsProcessedScore^^^); ]
I0326 13:59:56.457396 82662 processor.cc:820] Processor: start processing batch ff63d635-8c20-4782-801d-81bcc99647a8 into model nwt
I0326 13:59:56.634722 82662 processor.cc:925] Processor: complete processing batch ff63d635-8c20-4782-801d-81bcc99647a8 into model nwt
I0326 13:59:56.637557 82662 cuckoo_watch.h:45] 186ms in ProcessBatch(lectures_batches/aaaaaf.batch) [including 6ms in LoadMessage; 15ms in InitializeSparseNdw; 0ms in FindReuseThetaCacheEntry; 0ms in InitializeTheta; 0ms in CreateRegularizerAgents; 88ms in InferThetaAndUpdateNwtSparse; 0ms in UpdateCacheEntry; 73ms in CalculateScore(^^^ItemsProcessedScore^^^); ]
I0326 13:59:56.658246 82662 processor.cc:740] No data in processing queue, waiting...
I0326 13:59:56.659879 82663 processor.cc:925] Processor: complete processing batch b31d937c-fdfa-4e81-905b-916e11ab469b into model nwt
I0326 13:59:56.663475 82663 cuckoo_watch.h:45] 225ms in ProcessBatch(lectures_batches/aaaaae.batch) [including 7ms in LoadMessage; 19ms in InitializeSparseNdw; 0ms in FindReuseThetaCacheEntry; 0ms in InitializeTheta; 0ms in CreateRegularizerAgents; 103ms in InferThetaAndUpdateNwtSparse; 0ms in UpdateCacheEntry; 91ms in CalculateScore(^^^ItemsProcessedScore^^^); ]
I0326 13:59:56.664572 81170 master_component.cc:1436] RegularizeModelArgs: rwt_target_name=rwt, pwt_source_name=pwt, nwt_source_name=nwt
I0326 13:59:56.664589 81170 master_component.cc:976] MasterComponent: start regularizing model pwt
I0326 13:59:56.683876 82663 processor.cc:740] No data in processing queue, waiting...
I0326 13:59:56.790295 81170 master_component.cc:1002] MasterComponent: complete regularizing model pwt
I0326 13:59:56.790318 81170 master_component.cc:1449] NormalizeModelArgs: pwt_target_name=pwt, nwt_source_name=nwt, rwt_source_name=rwt
I0326 13:59:56.790321 81170 master_component.cc:1006] MasterComponent: start normalizing model nwt
I0326 13:59:56.872450 81170 master_component.cc:1034] MasterComponent: complete normalizing model nwt
I0326 13:59:57.002786 81170 master_component.cc:1473] DisposeModel rwt
I0326 13:59:57.017308 81170 master_component.cc:1059] FitOffline: ItemsProcessed, num_items=1728, num_batches=7, token_weight=808522, token_weight_in_effect=808522
I0326 13:59:57.018368 81170 c_interface.cc:389] Pass FitOfflineMasterModelArgs, batch_filename_size=7, batch_weight_size=7, num_collection_passes=1, reset_nwt=yes to MN4artm4core15MasterComponentEFvRKNS_25FitOfflineMasterModelArgsEE
I0326 13:59:57.019174 81170 master_component.cc:1398] ProcessBatchesArgs: nwt_target_name=nwt, batch_filename_size=7, batch_size=0, batch_weight_size=7, pwt_source_name=pwt, num_document_passes=1, regularizer=(name:1:urn:uuid:5c9d374a-8e22-11eb-a755-29d44eeb5885, tau:100000), class=(text:1), class=(author:1), reuse_theta=yes, opt_for_avx=yes, predict_class_id=, reset_nwt=yes
I0326 13:59:57.036835 82663 processor.cc:747] Processing queue has data, processing started
I0326 13:59:57.039018 82662 processor.cc:747] Processing queue has data, processing started
I0326 13:59:57.039916 82663 processor.cc:820] Processor: start processing batch 925001f0-0962-4bd5-94d3-9f80db2b01ee into model nwt
I0326 13:59:57.043105 82662 processor.cc:820] Processor: start processing batch 3ddbd1c8-65ff-4c89-8026-1a8c9eac2ba4 into model nwt
I0326 13:59:57.089663 82663 processor.cc:925] Processor: complete processing batch 925001f0-0962-4bd5-94d3-9f80db2b01ee into model nwt
I0326 13:59:57.091158 82663 cuckoo_watch.h:45] 54ms in ProcessBatch(lectures_batches/aaaaab.batch) [including 3ms in LoadMessage; 3ms in InitializeSparseNdw; 0ms in FindReuseThetaCacheEntry; 0ms in InitializeTheta; 0ms in CreateRegularizerAgents; 26ms in InferThetaAndUpdateNwtSparse; 0ms in UpdateCacheEntry; 18ms in CalculateScore(^^^ItemsProcessedScore^^^); ]
I0326 13:59:57.093494 82663 processor.cc:820] Processor: start processing batch 749c72ea-4073-4a1e-abc8-276d7dc6135c into model nwt
I0326 13:59:57.116813 82662 processor.cc:925] Processor: complete processing batch 3ddbd1c8-65ff-4c89-8026-1a8c9eac2ba4 into model nwt
I0326 13:59:57.118491 82662 cuckoo_watch.h:45] 79ms in ProcessBatch(lectures_batches/aaaaag.batch) [including 4ms in LoadMessage; 5ms in InitializeSparseNdw; 0ms in FindReuseThetaCacheEntry; 0ms in InitializeTheta; 0ms in CreateRegularizerAgents; 37ms in InferThetaAndUpdateNwtSparse; 0ms in UpdateCacheEntry; 29ms in CalculateScore(^^^ItemsProcessedScore^^^); ]
I0326 13:59:57.122442 82662 processor.cc:820] Processor: start processing batch 7c2eb262-1c8d-4f98-8668-642910073ee6 into model nwt
I0326 13:59:57.134275 82663 processor.cc:925] Processor: complete processing batch 749c72ea-4073-4a1e-abc8-276d7dc6135c into model nwt
I0326 13:59:57.135507 82663 cuckoo_watch.h:45] 44ms in ProcessBatch(lectures_batches/aaaaaa.batch) [including 2ms in LoadMessage; 2ms in InitializeSparseNdw; 0ms in FindReuseThetaCacheEntry; 0ms in InitializeTheta; 0ms in CreateRegularizerAgents; 21ms in InferThetaAndUpdateNwtSparse; 0ms in UpdateCacheEntry; 16ms in CalculateScore(^^^ItemsProcessedScore^^^); ]
I0326 13:59:57.139214 82663 processor.cc:820] Processor: start processing batch 13c902cf-6d99-4932-8a1f-c6d0934165dc into model nwt
I0326 13:59:57.209101 82662 processor.cc:925] Processor: complete processing batch 7c2eb262-1c8d-4f98-8668-642910073ee6 into model nwt
I0326 13:59:57.212599 82662 cuckoo_watch.h:45] 94ms in ProcessBatch(lectures_batches/aaaaad.batch) [including 3ms in LoadMessage; 6ms in InitializeSparseNdw; 0ms in FindReuseThetaCacheEntry; 0ms in InitializeTheta; 0ms in CreateRegularizerAgents; 43ms in InferThetaAndUpdateNwtSparse; 0ms in UpdateCacheEntry; 35ms in CalculateScore(^^^ItemsProcessedScore^^^); ]
I0326 13:59:57.224138 82663 processor.cc:925] Processor: complete processing batch 13c902cf-6d99-4932-8a1f-c6d0934165dc into model nwt
I0326 13:59:57.227514 82662 processor.cc:820] Processor: start processing batch b31d937c-fdfa-4e81-905b-916e11ab469b into model nwt
I0326 13:59:57.227641 82663 cuckoo_watch.h:45] 92ms in ProcessBatch(lectures_batches/aaaaac.batch) [including 3ms in LoadMessage; 5ms in InitializeSparseNdw; 0ms in FindReuseThetaCacheEntry; 0ms in InitializeTheta; 0ms in CreateRegularizerAgents; 39ms in InferThetaAndUpdateNwtSparse; 0ms in UpdateCacheEntry; 39ms in CalculateScore(^^^ItemsProcessedScore^^^); ]
I0326 13:59:57.240938 82663 processor.cc:820] Processor: start processing batch ff63d635-8c20-4782-801d-81bcc99647a8 into model nwt
I0326 13:59:57.453572 82663 processor.cc:925] Processor: complete processing batch ff63d635-8c20-4782-801d-81bcc99647a8 into model nwt
I0326 13:59:57.456395 82663 cuckoo_watch.h:45] 228ms in ProcessBatch(lectures_batches/aaaaaf.batch) [including 13ms in LoadMessage; 27ms in InitializeSparseNdw; 0ms in FindReuseThetaCacheEntry; 0ms in InitializeTheta; 0ms in CreateRegularizerAgents; 97ms in InferThetaAndUpdateNwtSparse; 0ms in UpdateCacheEntry; 86ms in CalculateScore(^^^ItemsProcessedScore^^^); ]
I0326 13:59:57.477110 82663 processor.cc:740] No data in processing queue, waiting...
I0326 13:59:57.492177 82662 processor.cc:925] Processor: complete processing batch b31d937c-fdfa-4e81-905b-916e11ab469b into model nwt
I0326 13:59:57.497083 82662 cuckoo_watch.h:45] 284ms in ProcessBatch(lectures_batches/aaaaae.batch) [including 14ms in LoadMessage; 38ms in InitializeSparseNdw; 0ms in FindReuseThetaCacheEntry; 0ms in InitializeTheta; 0ms in CreateRegularizerAgents; 117ms in InferThetaAndUpdateNwtSparse; 0ms in UpdateCacheEntry; 108ms in CalculateScore(^^^ItemsProcessedScore^^^); ]
I0326 13:59:57.497253 81170 master_component.cc:1436] RegularizeModelArgs: rwt_target_name=rwt, pwt_source_name=pwt, nwt_source_name=nwt
I0326 13:59:57.497262 81170 master_component.cc:976] MasterComponent: start regularizing model pwt
I0326 13:59:57.517601 82662 processor.cc:740] No data in processing queue, waiting...
I0326 13:59:57.640386 81170 master_component.cc:1002] MasterComponent: complete regularizing model pwt
I0326 13:59:57.640410 81170 master_component.cc:1449] NormalizeModelArgs: pwt_target_name=pwt, nwt_source_name=nwt, rwt_source_name=rwt
I0326 13:59:57.640413 81170 master_component.cc:1006] MasterComponent: start normalizing model nwt
I0326 13:59:57.740936 81170 master_component.cc:1034] MasterComponent: complete normalizing model nwt
I0326 13:59:57.883495 81170 master_component.cc:1473] DisposeModel rwt
I0326 13:59:57.896278 81170 master_component.cc:1059] FitOffline: ItemsProcessed, num_items=1728, num_batches=7, token_weight=808522, token_weight_in_effect=808522
I0326 13:59:57.897135 81170 c_interface.cc:389] Pass FitOfflineMasterModelArgs, batch_filename_size=7, batch_weight_size=7, num_collection_passes=1, reset_nwt=yes to MN4artm4core15MasterComponentEFvRKNS_25FitOfflineMasterModelArgsEE
I0326 13:59:57.897796 81170 master_component.cc:1398] ProcessBatchesArgs: nwt_target_name=nwt, batch_filename_size=7, batch_size=0, batch_weight_size=7, pwt_source_name=pwt, num_document_passes=1, regularizer=(name:1:urn:uuid:5c9d374a-8e22-11eb-a755-29d44eeb5885, tau:100000), class=(text:1), class=(author:1), reuse_theta=yes, opt_for_avx=yes, predict_class_id=, reset_nwt=yes
I0326 13:59:57.915669 82663 processor.cc:747] Processing queue has data, processing started
I0326 13:59:57.916616 82662 processor.cc:747] Processing queue has data, processing started
I0326 13:59:57.919021 82663 processor.cc:820] Processor: start processing batch 925001f0-0962-4bd5-94d3-9f80db2b01ee into model nwt
I0326 13:59:57.921967 82662 processor.cc:820] Processor: start processing batch 3ddbd1c8-65ff-4c89-8026-1a8c9eac2ba4 into model nwt
I0326 13:59:57.966050 82663 processor.cc:925] Processor: complete processing batch 925001f0-0962-4bd5-94d3-9f80db2b01ee into model nwt
I0326 13:59:57.967422 82663 cuckoo_watch.h:45] 51ms in ProcessBatch(lectures_batches/aaaaab.batch) [including 3ms in LoadMessage; 3ms in InitializeSparseNdw; 0ms in FindReuseThetaCacheEntry; 0ms in InitializeTheta; 0ms in CreateRegularizerAgents; 26ms in InferThetaAndUpdateNwtSparse; 0ms in UpdateCacheEntry; 17ms in CalculateScore(^^^ItemsProcessedScore^^^); ]
I0326 13:59:57.969779 82663 processor.cc:820] Processor: start processing batch 749c72ea-4073-4a1e-abc8-276d7dc6135c into model nwt
I0326 13:59:57.990425 82662 processor.cc:925] Processor: complete processing batch 3ddbd1c8-65ff-4c89-8026-1a8c9eac2ba4 into model nwt
I0326 13:59:57.992157 82662 cuckoo_watch.h:45] 75ms in ProcessBatch(lectures_batches/aaaaag.batch) [including 5ms in LoadMessage; 5ms in InitializeSparseNdw; 0ms in FindReuseThetaCacheEntry; 0ms in InitializeTheta; 0ms in CreateRegularizerAgents; 36ms in InferThetaAndUpdateNwtSparse; 0ms in UpdateCacheEntry; 26ms in CalculateScore(^^^ItemsProcessedScore^^^); ]
I0326 13:59:57.995995 82662 processor.cc:820] Processor: start processing batch 7c2eb262-1c8d-4f98-8668-642910073ee6 into model nwt
I0326 13:59:58.005951 82663 processor.cc:925] Processor: complete processing batch 749c72ea-4073-4a1e-abc8-276d7dc6135c into model nwt
I0326 13:59:58.007133 82663 cuckoo_watch.h:45] 39ms in ProcessBatch(lectures_batches/aaaaaa.batch) [including 2ms in LoadMessage; 2ms in InitializeSparseNdw; 0ms in FindReuseThetaCacheEntry; 0ms in InitializeTheta; 0ms in CreateRegularizerAgents; 20ms in InferThetaAndUpdateNwtSparse; 0ms in UpdateCacheEntry; 12ms in CalculateScore(^^^ItemsProcessedScore^^^); ]
I0326 13:59:58.010711 82663 processor.cc:820] Processor: start processing batch 13c902cf-6d99-4932-8a1f-c6d0934165dc into model nwt
I0326 13:59:58.064148 82662 processor.cc:925] Processor: complete processing batch 7c2eb262-1c8d-4f98-8668-642910073ee6 into model nwt
I0326 13:59:58.065786 82662 cuckoo_watch.h:45] 73ms in ProcessBatch(lectures_batches/aaaaad.batch) [including 3ms in LoadMessage; 5ms in InitializeSparseNdw; 0ms in FindReuseThetaCacheEntry; 0ms in InitializeTheta; 0ms in CreateRegularizerAgents; 36ms in InferThetaAndUpdateNwtSparse; 0ms in UpdateCacheEntry; 26ms in CalculateScore(^^^ItemsProcessedScore^^^); ]
I0326 13:59:58.070869 82663 processor.cc:925] Processor: complete processing batch 13c902cf-6d99-4932-8a1f-c6d0934165dc into model nwt
I0326 13:59:58.072317 82663 cuckoo_watch.h:45] 65ms in ProcessBatch(lectures_batches/aaaaac.batch) [including 3ms in LoadMessage; 4ms in InitializeSparseNdw; 0ms in FindReuseThetaCacheEntry; 0ms in InitializeTheta; 0ms in CreateRegularizerAgents; 32ms in InferThetaAndUpdateNwtSparse; 0ms in UpdateCacheEntry; 22ms in CalculateScore(^^^ItemsProcessedScore^^^); ]
I0326 13:59:58.073144 82662 processor.cc:820] Processor: start processing batch b31d937c-fdfa-4e81-905b-916e11ab469b into model nwt
I0326 13:59:58.078794 82663 processor.cc:820] Processor: start processing batch ff63d635-8c20-4782-801d-81bcc99647a8 into model nwt
I0326 13:59:58.228150 82663 processor.cc:925] Processor: complete processing batch ff63d635-8c20-4782-801d-81bcc99647a8 into model nwt
I0326 13:59:58.230865 82663 cuckoo_watch.h:45] 158ms in ProcessBatch(lectures_batches/aaaaaf.batch) [including 6ms in LoadMessage; 12ms in InitializeSparseNdw; 0ms in FindReuseThetaCacheEntry; 0ms in InitializeTheta; 0ms in CreateRegularizerAgents; 77ms in InferThetaAndUpdateNwtSparse; 0ms in UpdateCacheEntry; 59ms in CalculateScore(^^^ItemsProcessedScore^^^); ]
I0326 13:59:58.251307 82663 processor.cc:740] No data in processing queue, waiting...
I0326 13:59:58.255304 82662 processor.cc:925] Processor: complete processing batch b31d937c-fdfa-4e81-905b-916e11ab469b into model nwt
I0326 13:59:58.258224 82662 cuckoo_watch.h:45] 192ms in ProcessBatch(lectures_batches/aaaaae.batch) [including 7ms in LoadMessage; 15ms in InitializeSparseNdw; 0ms in FindReuseThetaCacheEntry; 0ms in InitializeTheta; 0ms in CreateRegularizerAgents; 92ms in InferThetaAndUpdateNwtSparse; 0ms in UpdateCacheEntry; 73ms in CalculateScore(^^^ItemsProcessedScore^^^); ]
I0326 13:59:58.258884 81170 master_component.cc:1436] RegularizeModelArgs: rwt_target_name=rwt, pwt_source_name=pwt, nwt_source_name=nwt
I0326 13:59:58.258893 81170 master_component.cc:976] MasterComponent: start regularizing model pwt
I0326 13:59:58.278375 82662 processor.cc:740] No data in processing queue, waiting...
I0326 13:59:58.366933 81170 master_component.cc:1002] MasterComponent: complete regularizing model pwt
I0326 13:59:58.366956 81170 master_component.cc:1449] NormalizeModelArgs: pwt_target_name=pwt, nwt_source_name=nwt, rwt_source_name=rwt
I0326 13:59:58.366959 81170 master_component.cc:1006] MasterComponent: start normalizing model nwt
I0326 13:59:58.453970 81170 master_component.cc:1034] MasterComponent: complete normalizing model nwt
I0326 13:59:58.562348 81170 master_component.cc:1473] DisposeModel rwt
I0326 13:59:58.572604 81170 master_component.cc:1059] FitOffline: ItemsProcessed, num_items=1728, num_batches=7, token_weight=808522, token_weight_in_effect=808522
I0326 13:59:58.573362 81170 c_interface.cc:389] Pass FitOfflineMasterModelArgs, batch_filename_size=7, batch_weight_size=7, num_collection_passes=1, reset_nwt=yes to MN4artm4core15MasterComponentEFvRKNS_25FitOfflineMasterModelArgsEE
I0326 13:59:58.573979 81170 master_component.cc:1398] ProcessBatchesArgs: nwt_target_name=nwt, batch_filename_size=7, batch_size=0, batch_weight_size=7, pwt_source_name=pwt, num_document_passes=1, regularizer=(name:1:urn:uuid:5c9d374a-8e22-11eb-a755-29d44eeb5885, tau:100000), class=(text:1), class=(author:1), reuse_theta=yes, opt_for_avx=yes, predict_class_id=, reset_nwt=yes
I0326 13:59:58.589931 82663 processor.cc:747] Processing queue has data, processing started
I0326 13:59:58.590871 82662 processor.cc:747] Processing queue has data, processing started
I0326 13:59:58.592937 82663 processor.cc:820] Processor: start processing batch 925001f0-0962-4bd5-94d3-9f80db2b01ee into model nwt
I0326 13:59:58.594619 82662 processor.cc:820] Processor: start processing batch 3ddbd1c8-65ff-4c89-8026-1a8c9eac2ba4 into model nwt
I0326 13:59:58.638469 82663 processor.cc:925] Processor: complete processing batch 925001f0-0962-4bd5-94d3-9f80db2b01ee into model nwt
I0326 13:59:58.640269 82663 cuckoo_watch.h:45] 50ms in ProcessBatch(lectures_batches/aaaaab.batch) [including 2ms in LoadMessage; 2ms in InitializeSparseNdw; 0ms in FindReuseThetaCacheEntry; 0ms in InitializeTheta; 0ms in CreateRegularizerAgents; 24ms in InferThetaAndUpdateNwtSparse; 0ms in UpdateCacheEntry; 17ms in CalculateScore(^^^ItemsProcessedScore^^^); ]
I0326 13:59:58.643636 82663 processor.cc:820] Processor: start processing batch 749c72ea-4073-4a1e-abc8-276d7dc6135c into model nwt
I0326 13:59:58.669183 82662 processor.cc:925] Processor: complete processing batch 3ddbd1c8-65ff-4c89-8026-1a8c9eac2ba4 into model nwt
I0326 13:59:58.671088 82662 cuckoo_watch.h:45] 80ms in ProcessBatch(lectures_batches/aaaaag.batch) [including 3ms in LoadMessage; 4ms in InitializeSparseNdw; 0ms in FindReuseThetaCacheEntry; 0ms in InitializeTheta; 0ms in CreateRegularizerAgents; 33ms in InferThetaAndUpdateNwtSparse; 0ms in UpdateCacheEntry; 35ms in CalculateScore(^^^ItemsProcessedScore^^^); ]
I0326 13:59:58.675313 82662 processor.cc:820] Processor: start processing batch 7c2eb262-1c8d-4f98-8668-642910073ee6 into model nwt
I0326 13:59:58.687463 82663 processor.cc:925] Processor: complete processing batch 749c72ea-4073-4a1e-abc8-276d7dc6135c into model nwt
I0326 13:59:58.688709 82663 cuckoo_watch.h:45] 48ms in ProcessBatch(lectures_batches/aaaaaa.batch) [including 3ms in LoadMessage; 3ms in InitializeSparseNdw; 0ms in FindReuseThetaCacheEntry; 0ms in InitializeTheta; 0ms in CreateRegularizerAgents; 25ms in InferThetaAndUpdateNwtSparse; 0ms in UpdateCacheEntry; 14ms in CalculateScore(^^^ItemsProcessedScore^^^); ]
I0326 13:59:58.692425 82663 processor.cc:820] Processor: start processing batch 13c902cf-6d99-4932-8a1f-c6d0934165dc into model nwt
I0326 13:59:58.752924 82662 processor.cc:925] Processor: complete processing batch 7c2eb262-1c8d-4f98-8668-642910073ee6 into model nwt
I0326 13:59:58.755461 82662 cuckoo_watch.h:45] 84ms in ProcessBatch(lectures_batches/aaaaad.batch) [including 4ms in LoadMessage; 5ms in InitializeSparseNdw; 0ms in FindReuseThetaCacheEntry; 0ms in InitializeTheta; 0ms in CreateRegularizerAgents; 38ms in InferThetaAndUpdateNwtSparse; 0ms in UpdateCacheEntry; 33ms in CalculateScore(^^^ItemsProcessedScore^^^); ]
I0326 13:59:58.766325 82662 processor.cc:820] Processor: start processing batch b31d937c-fdfa-4e81-905b-916e11ab469b into model nwt
I0326 13:59:58.768080 82663 processor.cc:925] Processor: complete processing batch 13c902cf-6d99-4932-8a1f-c6d0934165dc into model nwt
I0326 13:59:58.770622 82663 cuckoo_watch.h:45] 81ms in ProcessBatch(lectures_batches/aaaaac.batch) [including 3ms in LoadMessage; 4ms in InitializeSparseNdw; 0ms in FindReuseThetaCacheEntry; 0ms in InitializeTheta; 0ms in CreateRegularizerAgents; 35ms in InferThetaAndUpdateNwtSparse; 0ms in UpdateCacheEntry; 35ms in CalculateScore(^^^ItemsProcessedScore^^^); ]
I0326 13:59:58.779515 82663 processor.cc:820] Processor: start processing batch ff63d635-8c20-4782-801d-81bcc99647a8 into model nwt
I0326 13:59:58.948153 82663 processor.cc:925] Processor: complete processing batch ff63d635-8c20-4782-801d-81bcc99647a8 into model nwt
I0326 13:59:58.951398 82663 cuckoo_watch.h:45] 180ms in ProcessBatch(lectures_batches/aaaaaf.batch) [including 8ms in LoadMessage; 20ms in InitializeSparseNdw; 0ms in FindReuseThetaCacheEntry; 0ms in InitializeTheta; 0ms in CreateRegularizerAgents; 86ms in InferThetaAndUpdateNwtSparse; 0ms in UpdateCacheEntry; 60ms in CalculateScore(^^^ItemsProcessedScore^^^); ]
I0326 13:59:58.971745 82663 processor.cc:740] No data in processing queue, waiting...
I0326 13:59:58.975468 82662 processor.cc:925] Processor: complete processing batch b31d937c-fdfa-4e81-905b-916e11ab469b into model nwt
I0326 13:59:58.980386 82662 cuckoo_watch.h:45] 224ms in ProcessBatch(lectures_batches/aaaaae.batch) [including 10ms in LoadMessage; 22ms in InitializeSparseNdw; 0ms in FindReuseThetaCacheEntry; 0ms in InitializeTheta; 0ms in CreateRegularizerAgents; 105ms in InferThetaAndUpdateNwtSparse; 0ms in UpdateCacheEntry; 81ms in CalculateScore(^^^ItemsProcessedScore^^^); ]
I0326 13:59:58.981353 81170 master_component.cc:1436] RegularizeModelArgs: rwt_target_name=rwt, pwt_source_name=pwt, nwt_source_name=nwt
I0326 13:59:58.981376 81170 master_component.cc:976] MasterComponent: start regularizing model pwt
I0326 13:59:59.000725 82662 processor.cc:740] No data in processing queue, waiting...
I0326 13:59:59.110126 81170 master_component.cc:1002] MasterComponent: complete regularizing model pwt
I0326 13:59:59.110148 81170 master_component.cc:1449] NormalizeModelArgs: pwt_target_name=pwt, nwt_source_name=nwt, rwt_source_name=rwt
I0326 13:59:59.110152 81170 master_component.cc:1006] MasterComponent: start normalizing model nwt
I0326 13:59:59.209970 81170 master_component.cc:1034] MasterComponent: complete normalizing model nwt
I0326 13:59:59.323926 81170 master_component.cc:1473] DisposeModel rwt
I0326 13:59:59.335187 81170 master_component.cc:1059] FitOffline: ItemsProcessed, num_items=1728, num_batches=7, token_weight=808522, token_weight_in_effect=808522
I0326 13:59:59.335964 81170 c_interface.cc:389] Pass FitOfflineMasterModelArgs, batch_filename_size=7, batch_weight_size=7, num_collection_passes=1, reset_nwt=yes to MN4artm4core15MasterComponentEFvRKNS_25FitOfflineMasterModelArgsEE
I0326 13:59:59.336565 81170 master_component.cc:1398] ProcessBatchesArgs: nwt_target_name=nwt, batch_filename_size=7, batch_size=0, batch_weight_size=7, pwt_source_name=pwt, num_document_passes=1, regularizer=(name:1:urn:uuid:5c9d374a-8e22-11eb-a755-29d44eeb5885, tau:100000), class=(text:1), class=(author:1), reuse_theta=yes, opt_for_avx=yes, predict_class_id=, reset_nwt=yes
I0326 13:59:59.352620 82662 processor.cc:747] Processing queue has data, processing started
I0326 13:59:59.354279 82663 processor.cc:747] Processing queue has data, processing started
I0326 13:59:59.355876 82662 processor.cc:820] Processor: start processing batch 925001f0-0962-4bd5-94d3-9f80db2b01ee into model nwt
I0326 13:59:59.358064 82663 processor.cc:820] Processor: start processing batch 3ddbd1c8-65ff-4c89-8026-1a8c9eac2ba4 into model nwt
I0326 13:59:59.401284 82662 processor.cc:925] Processor: complete processing batch 925001f0-0962-4bd5-94d3-9f80db2b01ee into model nwt
I0326 13:59:59.402874 82662 cuckoo_watch.h:45] 50ms in ProcessBatch(lectures_batches/aaaaab.batch) [including 3ms in LoadMessage; 2ms in InitializeSparseNdw; 0ms in FindReuseThetaCacheEntry; 0ms in InitializeTheta; 0ms in CreateRegularizerAgents; 25ms in InferThetaAndUpdateNwtSparse; 0ms in UpdateCacheEntry; 16ms in CalculateScore(^^^ItemsProcessedScore^^^); ]
I0326 13:59:59.405220 82662 processor.cc:820] Processor: start processing batch 749c72ea-4073-4a1e-abc8-276d7dc6135c into model nwt
I0326 13:59:59.425539 82663 processor.cc:925] Processor: complete processing batch 3ddbd1c8-65ff-4c89-8026-1a8c9eac2ba4 into model nwt
I0326 13:59:59.427752 82663 cuckoo_watch.h:45] 73ms in ProcessBatch(lectures_batches/aaaaag.batch) [including 3ms in LoadMessage; 5ms in InitializeSparseNdw; 0ms in FindReuseThetaCacheEntry; 0ms in InitializeTheta; 0ms in CreateRegularizerAgents; 35ms in InferThetaAndUpdateNwtSparse; 0ms in UpdateCacheEntry; 26ms in CalculateScore(^^^ItemsProcessedScore^^^); ]
I0326 13:59:59.431444 82663 processor.cc:820] Processor: start processing batch 7c2eb262-1c8d-4f98-8668-642910073ee6 into model nwt
I0326 13:59:59.441623 82662 processor.cc:925] Processor: complete processing batch 749c72ea-4073-4a1e-abc8-276d7dc6135c into model nwt
I0326 13:59:59.443151 82662 cuckoo_watch.h:45] 40ms in ProcessBatch(lectures_batches/aaaaaa.batch) [including 2ms in LoadMessage; 2ms in InitializeSparseNdw; 0ms in FindReuseThetaCacheEntry; 0ms in InitializeTheta; 0ms in CreateRegularizerAgents; 20ms in InferThetaAndUpdateNwtSparse; 0ms in UpdateCacheEntry; 13ms in CalculateScore(^^^ItemsProcessedScore^^^); ]
I0326 13:59:59.446735 82662 processor.cc:820] Processor: start processing batch 13c902cf-6d99-4932-8a1f-c6d0934165dc into model nwt
I0326 13:59:59.500108 82663 processor.cc:925] Processor: complete processing batch 7c2eb262-1c8d-4f98-8668-642910073ee6 into model nwt
I0326 13:59:59.501873 82663 cuckoo_watch.h:45] 74ms in ProcessBatch(lectures_batches/aaaaad.batch) [including 3ms in LoadMessage; 5ms in InitializeSparseNdw; 0ms in FindReuseThetaCacheEntry; 0ms in InitializeTheta; 0ms in CreateRegularizerAgents; 37ms in InferThetaAndUpdateNwtSparse; 0ms in UpdateCacheEntry; 25ms in CalculateScore(^^^ItemsProcessedScore^^^); ]
I0326 13:59:59.507599 82662 processor.cc:925] Processor: complete processing batch 13c902cf-6d99-4932-8a1f-c6d0934165dc into model nwt
I0326 13:59:59.509508 82663 processor.cc:820] Processor: start processing batch b31d937c-fdfa-4e81-905b-916e11ab469b into model nwt
I0326 13:59:59.509528 82662 cuckoo_watch.h:45] 66ms in ProcessBatch(lectures_batches/aaaaac.batch) [including 3ms in LoadMessage; 4ms in InitializeSparseNdw; 0ms in FindReuseThetaCacheEntry; 0ms in InitializeTheta; 0ms in CreateRegularizerAgents; 33ms in InferThetaAndUpdateNwtSparse; 0ms in UpdateCacheEntry; 22ms in CalculateScore(^^^ItemsProcessedScore^^^); ]
I0326 13:59:59.516206 82662 processor.cc:820] Processor: start processing batch ff63d635-8c20-4782-801d-81bcc99647a8 into model nwt
I0326 13:59:59.669215 82662 processor.cc:925] Processor: complete processing batch ff63d635-8c20-4782-801d-81bcc99647a8 into model nwt
I0326 13:59:59.671754 82662 cuckoo_watch.h:45] 162ms in ProcessBatch(lectures_batches/aaaaaf.batch) [including 6ms in LoadMessage; 14ms in InitializeSparseNdw; 0ms in FindReuseThetaCacheEntry; 0ms in InitializeTheta; 0ms in CreateRegularizerAgents; 77ms in InferThetaAndUpdateNwtSparse; 0ms in UpdateCacheEntry; 61ms in CalculateScore(^^^ItemsProcessedScore^^^); ]
I0326 13:59:59.692822 82662 processor.cc:740] No data in processing queue, waiting...
I0326 13:59:59.695547 82663 processor.cc:925] Processor: complete processing batch b31d937c-fdfa-4e81-905b-916e11ab469b into model nwt
I0326 13:59:59.698408 82663 cuckoo_watch.h:45] 196ms in ProcessBatch(lectures_batches/aaaaae.batch) [including 7ms in LoadMessage; 18ms in InitializeSparseNdw; 0ms in FindReuseThetaCacheEntry; 0ms in InitializeTheta; 0ms in CreateRegularizerAgents; 93ms in InferThetaAndUpdateNwtSparse; 0ms in UpdateCacheEntry; 73ms in CalculateScore(^^^ItemsProcessedScore^^^); ]
I0326 13:59:59.698478 81170 master_component.cc:1436] RegularizeModelArgs: rwt_target_name=rwt, pwt_source_name=pwt, nwt_source_name=nwt
I0326 13:59:59.698487 81170 master_component.cc:976] MasterComponent: start regularizing model pwt
I0326 13:59:59.719754 82663 processor.cc:740] No data in processing queue, waiting...
I0326 13:59:59.805032 81170 master_component.cc:1002] MasterComponent: complete regularizing model pwt
I0326 13:59:59.805053 81170 master_component.cc:1449] NormalizeModelArgs: pwt_target_name=pwt, nwt_source_name=nwt, rwt_source_name=rwt
I0326 13:59:59.805056 81170 master_component.cc:1006] MasterComponent: start normalizing model nwt
I0326 13:59:59.889340 81170 master_component.cc:1034] MasterComponent: complete normalizing model nwt
I0326 13:59:59.984021 81170 master_component.cc:1473] DisposeModel rwt
I0326 13:59:59.995076 81170 master_component.cc:1059] FitOffline: ItemsProcessed, num_items=1728, num_batches=7, token_weight=808522, token_weight_in_effect=808522
I0326 13:59:59.995976 81170 c_interface.cc:389] Pass FitOfflineMasterModelArgs, batch_filename_size=7, batch_weight_size=7, num_collection_passes=1, reset_nwt=yes to MN4artm4core15MasterComponentEFvRKNS_25FitOfflineMasterModelArgsEE
I0326 13:59:59.996693 81170 master_component.cc:1398] ProcessBatchesArgs: nwt_target_name=nwt, batch_filename_size=7, batch_size=0, batch_weight_size=7, pwt_source_name=pwt, num_document_passes=1, regularizer=(name:1:urn:uuid:5c9d374a-8e22-11eb-a755-29d44eeb5885, tau:100000), class=(text:1), class=(author:1), reuse_theta=yes, opt_for_avx=yes, predict_class_id=, reset_nwt=yes
I0326 14:00:00.012370 82663 processor.cc:747] Processing queue has data, processing started
I0326 14:00:00.014202 82662 processor.cc:747] Processing queue has data, processing started
I0326 14:00:00.017292 82663 processor.cc:820] Processor: start processing batch 925001f0-0962-4bd5-94d3-9f80db2b01ee into model nwt
I0326 14:00:00.020437 82662 processor.cc:820] Processor: start processing batch 3ddbd1c8-65ff-4c89-8026-1a8c9eac2ba4 into model nwt
I0326 14:00:00.070884 82663 processor.cc:925] Processor: complete processing batch 925001f0-0962-4bd5-94d3-9f80db2b01ee into model nwt
I0326 14:00:00.072517 82663 cuckoo_watch.h:45] 59ms in ProcessBatch(lectures_batches/aaaaab.batch) [including 4ms in LoadMessage; 5ms in InitializeSparseNdw; 0ms in FindReuseThetaCacheEntry; 0ms in InitializeTheta; 0ms in CreateRegularizerAgents; 30ms in InferThetaAndUpdateNwtSparse; 0ms in UpdateCacheEntry; 16ms in CalculateScore(^^^ItemsProcessedScore^^^); ]
I0326 14:00:00.074788 82663 processor.cc:820] Processor: start processing batch 749c72ea-4073-4a1e-abc8-276d7dc6135c into model nwt
I0326 14:00:00.096503 82662 processor.cc:925] Processor: complete processing batch 3ddbd1c8-65ff-4c89-8026-1a8c9eac2ba4 into model nwt
I0326 14:00:00.098531 82662 cuckoo_watch.h:45] 84ms in ProcessBatch(lectures_batches/aaaaag.batch) [including 6ms in LoadMessage; 8ms in InitializeSparseNdw; 0ms in FindReuseThetaCacheEntry; 0ms in InitializeTheta; 0ms in CreateRegularizerAgents; 40ms in InferThetaAndUpdateNwtSparse; 0ms in UpdateCacheEntry; 26ms in CalculateScore(^^^ItemsProcessedScore^^^); ]
I0326 14:00:00.102488 82662 processor.cc:820] Processor: start processing batch 7c2eb262-1c8d-4f98-8668-642910073ee6 into model nwt
I0326 14:00:00.111414 82663 processor.cc:925] Processor: complete processing batch 749c72ea-4073-4a1e-abc8-276d7dc6135c into model nwt
I0326 14:00:00.112756 82663 cuckoo_watch.h:45] 40ms in ProcessBatch(lectures_batches/aaaaaa.batch) [including 2ms in LoadMessage; 2ms in InitializeSparseNdw; 0ms in FindReuseThetaCacheEntry; 0ms in InitializeTheta; 0ms in CreateRegularizerAgents; 20ms in InferThetaAndUpdateNwtSparse; 0ms in UpdateCacheEntry; 13ms in CalculateScore(^^^ItemsProcessedScore^^^); ]
I0326 14:00:00.116219 82663 processor.cc:820] Processor: start processing batch 13c902cf-6d99-4932-8a1f-c6d0934165dc into model nwt
I0326 14:00:00.171706 82662 processor.cc:925] Processor: complete processing batch 7c2eb262-1c8d-4f98-8668-642910073ee6 into model nwt
I0326 14:00:00.173576 82662 cuckoo_watch.h:45] 75ms in ProcessBatch(lectures_batches/aaaaad.batch) [including 3ms in LoadMessage; 5ms in InitializeSparseNdw; 0ms in FindReuseThetaCacheEntry; 0ms in InitializeTheta; 0ms in CreateRegularizerAgents; 37ms in InferThetaAndUpdateNwtSparse; 0ms in UpdateCacheEntry; 26ms in CalculateScore(^^^ItemsProcessedScore^^^); ]
I0326 14:00:00.177837 82663 processor.cc:925] Processor: complete processing batch 13c902cf-6d99-4932-8a1f-c6d0934165dc into model nwt
I0326 14:00:00.179589 82663 cuckoo_watch.h:45] 66ms in ProcessBatch(lectures_batches/aaaaac.batch) [including 3ms in LoadMessage; 4ms in InitializeSparseNdw; 0ms in FindReuseThetaCacheEntry; 0ms in InitializeTheta; 0ms in CreateRegularizerAgents; 34ms in InferThetaAndUpdateNwtSparse; 0ms in UpdateCacheEntry; 23ms in CalculateScore(^^^ItemsProcessedScore^^^); ]
I0326 14:00:00.181304 82662 processor.cc:820] Processor: start processing batch b31d937c-fdfa-4e81-905b-916e11ab469b into model nwt
I0326 14:00:00.185925 82663 processor.cc:820] Processor: start processing batch ff63d635-8c20-4782-801d-81bcc99647a8 into model nwt
I0326 14:00:00.342885 82663 processor.cc:925] Processor: complete processing batch ff63d635-8c20-4782-801d-81bcc99647a8 into model nwt
I0326 14:00:00.345701 82663 cuckoo_watch.h:45] 166ms in ProcessBatch(lectures_batches/aaaaaf.batch) [including 6ms in LoadMessage; 12ms in InitializeSparseNdw; 0ms in FindReuseThetaCacheEntry; 0ms in InitializeTheta; 0ms in CreateRegularizerAgents; 84ms in InferThetaAndUpdateNwtSparse; 0ms in UpdateCacheEntry; 60ms in CalculateScore(^^^ItemsProcessedScore^^^); ]
I0326 14:00:00.366663 82663 processor.cc:740] No data in processing queue, waiting...
I0326 14:00:00.370479 82662 processor.cc:925] Processor: complete processing batch b31d937c-fdfa-4e81-905b-916e11ab469b into model nwt
I0326 14:00:00.373625 82662 cuckoo_watch.h:45] 200ms in ProcessBatch(lectures_batches/aaaaae.batch) [including 7ms in LoadMessage; 15ms in InitializeSparseNdw; 0ms in FindReuseThetaCacheEntry; 0ms in InitializeTheta; 0ms in CreateRegularizerAgents; 100ms in InferThetaAndUpdateNwtSparse; 0ms in UpdateCacheEntry; 73ms in CalculateScore(^^^ItemsProcessedScore^^^); ]
I0326 14:00:00.374315 81170 master_component.cc:1436] RegularizeModelArgs: rwt_target_name=rwt, pwt_source_name=pwt, nwt_source_name=nwt
I0326 14:00:00.374323 81170 master_component.cc:976] MasterComponent: start regularizing model pwt
I0326 14:00:00.394977 82662 processor.cc:740] No data in processing queue, waiting...
I0326 14:00:00.482290 81170 master_component.cc:1002] MasterComponent: complete regularizing model pwt
I0326 14:00:00.482311 81170 master_component.cc:1449] NormalizeModelArgs: pwt_target_name=pwt, nwt_source_name=nwt, rwt_source_name=rwt
I0326 14:00:00.482314 81170 master_component.cc:1006] MasterComponent: start normalizing model nwt
I0326 14:00:00.566591 81170 master_component.cc:1034] MasterComponent: complete normalizing model nwt
I0326 14:00:00.662497 81170 master_component.cc:1473] DisposeModel rwt
I0326 14:00:00.672960 81170 master_component.cc:1059] FitOffline: ItemsProcessed, num_items=1728, num_batches=7, token_weight=808522, token_weight_in_effect=808522
I0326 14:00:00.673710 81170 c_interface.cc:389] Pass FitOfflineMasterModelArgs, batch_filename_size=7, batch_weight_size=7, num_collection_passes=1, reset_nwt=yes to MN4artm4core15MasterComponentEFvRKNS_25FitOfflineMasterModelArgsEE
I0326 14:00:00.674285 81170 master_component.cc:1398] ProcessBatchesArgs: nwt_target_name=nwt, batch_filename_size=7, batch_size=0, batch_weight_size=7, pwt_source_name=pwt, num_document_passes=1, regularizer=(name:1:urn:uuid:5c9d374a-8e22-11eb-a755-29d44eeb5885, tau:100000), class=(text:1), class=(author:1), reuse_theta=yes, opt_for_avx=yes, predict_class_id=, reset_nwt=yes
I0326 14:00:00.690577 82662 processor.cc:747] Processing queue has data, processing started
I0326 14:00:00.691942 82663 processor.cc:747] Processing queue has data, processing started
I0326 14:00:00.693925 82662 processor.cc:820] Processor: start processing batch 925001f0-0962-4bd5-94d3-9f80db2b01ee into model nwt
I0326 14:00:00.696509 82663 processor.cc:820] Processor: start processing batch 3ddbd1c8-65ff-4c89-8026-1a8c9eac2ba4 into model nwt
I0326 14:00:00.738806 82662 processor.cc:925] Processor: complete processing batch 925001f0-0962-4bd5-94d3-9f80db2b01ee into model nwt
I0326 14:00:00.740460 82662 cuckoo_watch.h:45] 49ms in ProcessBatch(lectures_batches/aaaaab.batch) [including 3ms in LoadMessage; 2ms in InitializeSparseNdw; 0ms in FindReuseThetaCacheEntry; 0ms in InitializeTheta; 0ms in CreateRegularizerAgents; 25ms in InferThetaAndUpdateNwtSparse; 0ms in UpdateCacheEntry; 16ms in CalculateScore(^^^ItemsProcessedScore^^^); ]
I0326 14:00:00.742738 82662 processor.cc:820] Processor: start processing batch 749c72ea-4073-4a1e-abc8-276d7dc6135c into model nwt
I0326 14:00:00.762130 82663 processor.cc:925] Processor: complete processing batch 3ddbd1c8-65ff-4c89-8026-1a8c9eac2ba4 into model nwt
I0326 14:00:00.763859 82663 cuckoo_watch.h:45] 71ms in ProcessBatch(lectures_batches/aaaaag.batch) [including 4ms in LoadMessage; 4ms in InitializeSparseNdw; 0ms in FindReuseThetaCacheEntry; 0ms in InitializeTheta; 0ms in CreateRegularizerAgents; 34ms in InferThetaAndUpdateNwtSparse; 0ms in UpdateCacheEntry; 25ms in CalculateScore(^^^ItemsProcessedScore^^^); ]
I0326 14:00:00.767699 82663 processor.cc:820] Processor: start processing batch 7c2eb262-1c8d-4f98-8668-642910073ee6 into model nwt
I0326 14:00:00.778811 82662 processor.cc:925] Processor: complete processing batch 749c72ea-4073-4a1e-abc8-276d7dc6135c into model nwt
I0326 14:00:00.780126 82662 cuckoo_watch.h:45] 39ms in ProcessBatch(lectures_batches/aaaaaa.batch) [including 2ms in LoadMessage; 2ms in InitializeSparseNdw; 0ms in FindReuseThetaCacheEntry; 0ms in InitializeTheta; 0ms in CreateRegularizerAgents; 20ms in InferThetaAndUpdateNwtSparse; 0ms in UpdateCacheEntry; 13ms in CalculateScore(^^^ItemsProcessedScore^^^); ]
I0326 14:00:00.783586 82662 processor.cc:820] Processor: start processing batch 13c902cf-6d99-4932-8a1f-c6d0934165dc into model nwt
I0326 14:00:00.840044 82663 processor.cc:925] Processor: complete processing batch 7c2eb262-1c8d-4f98-8668-642910073ee6 into model nwt
I0326 14:00:00.842192 82663 cuckoo_watch.h:45] 78ms in ProcessBatch(lectures_batches/aaaaad.batch) [including 3ms in LoadMessage; 5ms in InitializeSparseNdw; 0ms in FindReuseThetaCacheEntry; 0ms in InitializeTheta; 0ms in CreateRegularizerAgents; 39ms in InferThetaAndUpdateNwtSparse; 0ms in UpdateCacheEntry; 27ms in CalculateScore(^^^ItemsProcessedScore^^^); ]
I0326 14:00:00.849701 82662 processor.cc:925] Processor: complete processing batch 13c902cf-6d99-4932-8a1f-c6d0934165dc into model nwt
I0326 14:00:00.850193 82663 processor.cc:820] Processor: start processing batch b31d937c-fdfa-4e81-905b-916e11ab469b into model nwt
I0326 14:00:00.851480 82662 cuckoo_watch.h:45] 71ms in ProcessBatch(lectures_batches/aaaaac.batch) [including 3ms in LoadMessage; 4ms in InitializeSparseNdw; 0ms in FindReuseThetaCacheEntry; 0ms in InitializeTheta; 0ms in CreateRegularizerAgents; 37ms in InferThetaAndUpdateNwtSparse; 0ms in UpdateCacheEntry; 24ms in CalculateScore(^^^ItemsProcessedScore^^^); ]
I0326 14:00:00.857900 82662 processor.cc:820] Processor: start processing batch ff63d635-8c20-4782-801d-81bcc99647a8 into model nwt
I0326 14:00:01.022675 82662 processor.cc:925] Processor: complete processing batch ff63d635-8c20-4782-801d-81bcc99647a8 into model nwt
I0326 14:00:01.025804 82662 cuckoo_watch.h:45] 174ms in ProcessBatch(lectures_batches/aaaaaf.batch) [including 6ms in LoadMessage; 12ms in InitializeSparseNdw; 0ms in FindReuseThetaCacheEntry; 0ms in InitializeTheta; 0ms in CreateRegularizerAgents; 87ms in InferThetaAndUpdateNwtSparse; 0ms in UpdateCacheEntry; 64ms in CalculateScore(^^^ItemsProcessedScore^^^); ]
I0326 14:00:01.046504 82662 processor.cc:740] No data in processing queue, waiting...
I0326 14:00:01.048825 82663 processor.cc:925] Processor: complete processing batch b31d937c-fdfa-4e81-905b-916e11ab469b into model nwt
I0326 14:00:01.052212 82663 cuckoo_watch.h:45] 209ms in ProcessBatch(lectures_batches/aaaaae.batch) [including 7ms in LoadMessage; 16ms in InitializeSparseNdw; 0ms in FindReuseThetaCacheEntry; 0ms in InitializeTheta; 0ms in CreateRegularizerAgents; 105ms in InferThetaAndUpdateNwtSparse; 0ms in UpdateCacheEntry; 76ms in CalculateScore(^^^ItemsProcessedScore^^^); ]
I0326 14:00:01.052314 81170 master_component.cc:1436] RegularizeModelArgs: rwt_target_name=rwt, pwt_source_name=pwt, nwt_source_name=nwt
I0326 14:00:01.052322 81170 master_component.cc:976] MasterComponent: start regularizing model pwt
I0326 14:00:01.072993 82663 processor.cc:740] No data in processing queue, waiting...
I0326 14:00:01.161661 81170 master_component.cc:1002] MasterComponent: complete regularizing model pwt
I0326 14:00:01.161684 81170 master_component.cc:1449] NormalizeModelArgs: pwt_target_name=pwt, nwt_source_name=nwt, rwt_source_name=rwt
I0326 14:00:01.161686 81170 master_component.cc:1006] MasterComponent: start normalizing model nwt
I0326 14:00:01.248111 81170 master_component.cc:1034] MasterComponent: complete normalizing model nwt
I0326 14:00:01.347215 81170 master_component.cc:1473] DisposeModel rwt
I0326 14:00:01.361503 81170 master_component.cc:1059] FitOffline: ItemsProcessed, num_items=1728, num_batches=7, token_weight=808522, token_weight_in_effect=808522
I0326 14:00:01.362674 81170 c_interface.cc:389] Pass FitOfflineMasterModelArgs, batch_filename_size=7, batch_weight_size=7, num_collection_passes=1, reset_nwt=yes to MN4artm4core15MasterComponentEFvRKNS_25FitOfflineMasterModelArgsEE
I0326 14:00:01.363715 81170 master_component.cc:1398] ProcessBatchesArgs: nwt_target_name=nwt, batch_filename_size=7, batch_size=0, batch_weight_size=7, pwt_source_name=pwt, num_document_passes=1, regularizer=(name:1:urn:uuid:5c9d374a-8e22-11eb-a755-29d44eeb5885, tau:100000), class=(text:1), class=(author:1), reuse_theta=yes, opt_for_avx=yes, predict_class_id=, reset_nwt=yes
I0326 14:00:01.382652 82663 processor.cc:747] Processing queue has data, processing started
I0326 14:00:01.384675 82662 processor.cc:747] Processing queue has data, processing started
I0326 14:00:01.386225 82663 processor.cc:820] Processor: start processing batch 925001f0-0962-4bd5-94d3-9f80db2b01ee into model nwt
I0326 14:00:01.389400 82662 processor.cc:820] Processor: start processing batch 3ddbd1c8-65ff-4c89-8026-1a8c9eac2ba4 into model nwt
I0326 14:00:01.436076 82663 processor.cc:925] Processor: complete processing batch 925001f0-0962-4bd5-94d3-9f80db2b01ee into model nwt
I0326 14:00:01.437956 82663 cuckoo_watch.h:45] 55ms in ProcessBatch(lectures_batches/aaaaab.batch) [including 3ms in LoadMessage; 3ms in InitializeSparseNdw; 0ms in FindReuseThetaCacheEntry; 0ms in InitializeTheta; 0ms in CreateRegularizerAgents; 27ms in InferThetaAndUpdateNwtSparse; 0ms in UpdateCacheEntry; 18ms in CalculateScore(^^^ItemsProcessedScore^^^); ]
I0326 14:00:01.440402 82663 processor.cc:820] Processor: start processing batch 749c72ea-4073-4a1e-abc8-276d7dc6135c into model nwt
I0326 14:00:01.461578 82662 processor.cc:925] Processor: complete processing batch 3ddbd1c8-65ff-4c89-8026-1a8c9eac2ba4 into model nwt
I0326 14:00:01.463569 82662 cuckoo_watch.h:45] 78ms in ProcessBatch(lectures_batches/aaaaag.batch) [including 4ms in LoadMessage; 5ms in InitializeSparseNdw; 0ms in FindReuseThetaCacheEntry; 0ms in InitializeTheta; 0ms in CreateRegularizerAgents; 38ms in InferThetaAndUpdateNwtSparse; 0ms in UpdateCacheEntry; 27ms in CalculateScore(^^^ItemsProcessedScore^^^); ]
I0326 14:00:01.467645 82662 processor.cc:820] Processor: start processing batch 7c2eb262-1c8d-4f98-8668-642910073ee6 into model nwt
I0326 14:00:01.478226 82663 processor.cc:925] Processor: complete processing batch 749c72ea-4073-4a1e-abc8-276d7dc6135c into model nwt
I0326 14:00:01.479758 82663 cuckoo_watch.h:45] 41ms in ProcessBatch(lectures_batches/aaaaaa.batch) [including 2ms in LoadMessage; 2ms in InitializeSparseNdw; 0ms in FindReuseThetaCacheEntry; 0ms in InitializeTheta; 0ms in CreateRegularizerAgents; 21ms in InferThetaAndUpdateNwtSparse; 0ms in UpdateCacheEntry; 13ms in CalculateScore(^^^ItemsProcessedScore^^^); ]
I0326 14:00:01.483265 82663 processor.cc:820] Processor: start processing batch 13c902cf-6d99-4932-8a1f-c6d0934165dc into model nwt
I0326 14:00:01.539319 82662 processor.cc:925] Processor: complete processing batch 7c2eb262-1c8d-4f98-8668-642910073ee6 into model nwt
I0326 14:00:01.541499 82662 cuckoo_watch.h:45] 77ms in ProcessBatch(lectures_batches/aaaaad.batch) [including 4ms in LoadMessage; 5ms in InitializeSparseNdw; 0ms in FindReuseThetaCacheEntry; 0ms in InitializeTheta; 0ms in CreateRegularizerAgents; 38ms in InferThetaAndUpdateNwtSparse; 0ms in UpdateCacheEntry; 27ms in CalculateScore(^^^ItemsProcessedScore^^^); ]
I0326 14:00:01.547803 82663 processor.cc:925] Processor: complete processing batch 13c902cf-6d99-4932-8a1f-c6d0934165dc into model nwt
I0326 14:00:01.549659 82663 cuckoo_watch.h:45] 69ms in ProcessBatch(lectures_batches/aaaaac.batch) [including 3ms in LoadMessage; 4ms in InitializeSparseNdw; 0ms in FindReuseThetaCacheEntry; 0ms in InitializeTheta; 0ms in CreateRegularizerAgents; 35ms in InferThetaAndUpdateNwtSparse; 0ms in UpdateCacheEntry; 24ms in CalculateScore(^^^ItemsProcessedScore^^^); ]
I0326 14:00:01.549719 82662 processor.cc:820] Processor: start processing batch b31d937c-fdfa-4e81-905b-916e11ab469b into model nwt
I0326 14:00:01.556139 82663 processor.cc:820] Processor: start processing batch ff63d635-8c20-4782-801d-81bcc99647a8 into model nwt
I0326 14:00:01.709298 82663 processor.cc:925] Processor: complete processing batch ff63d635-8c20-4782-801d-81bcc99647a8 into model nwt
I0326 14:00:01.712468 82663 cuckoo_watch.h:45] 162ms in ProcessBatch(lectures_batches/aaaaaf.batch) [including 6ms in LoadMessage; 12ms in InitializeSparseNdw; 0ms in FindReuseThetaCacheEntry; 0ms in InitializeTheta; 0ms in CreateRegularizerAgents; 78ms in InferThetaAndUpdateNwtSparse; 0ms in UpdateCacheEntry; 62ms in CalculateScore(^^^ItemsProcessedScore^^^); ]
I0326 14:00:01.733093 82663 processor.cc:740] No data in processing queue, waiting...
I0326 14:00:01.736240 82662 processor.cc:925] Processor: complete processing batch b31d937c-fdfa-4e81-905b-916e11ab469b into model nwt
I0326 14:00:01.739816 82662 cuckoo_watch.h:45] 198ms in ProcessBatch(lectures_batches/aaaaae.batch) [including 8ms in LoadMessage; 16ms in InitializeSparseNdw; 0ms in FindReuseThetaCacheEntry; 0ms in InitializeTheta; 0ms in CreateRegularizerAgents; 94ms in InferThetaAndUpdateNwtSparse; 0ms in UpdateCacheEntry; 75ms in CalculateScore(^^^ItemsProcessedScore^^^); ]
I0326 14:00:01.740051 81170 master_component.cc:1436] RegularizeModelArgs: rwt_target_name=rwt, pwt_source_name=pwt, nwt_source_name=nwt
I0326 14:00:01.740057 81170 master_component.cc:976] MasterComponent: start regularizing model pwt
I0326 14:00:01.760047 82662 processor.cc:740] No data in processing queue, waiting...
I0326 14:00:01.851354 81170 master_component.cc:1002] MasterComponent: complete regularizing model pwt
I0326 14:00:01.851378 81170 master_component.cc:1449] NormalizeModelArgs: pwt_target_name=pwt, nwt_source_name=nwt, rwt_source_name=rwt
I0326 14:00:01.851382 81170 master_component.cc:1006] MasterComponent: start normalizing model nwt
I0326 14:00:01.945946 81170 master_component.cc:1034] MasterComponent: complete normalizing model nwt
I0326 14:00:02.074416 81170 master_component.cc:1473] DisposeModel rwt
I0326 14:00:02.089354 81170 master_component.cc:1059] FitOffline: ItemsProcessed, num_items=1728, num_batches=7, token_weight=808522, token_weight_in_effect=808522
I0326 14:00:02.090368 81170 c_interface.cc:389] Pass FitOfflineMasterModelArgs, batch_filename_size=7, batch_weight_size=7, num_collection_passes=1, reset_nwt=yes to MN4artm4core15MasterComponentEFvRKNS_25FitOfflineMasterModelArgsEE
I0326 14:00:02.091162 81170 master_component.cc:1398] ProcessBatchesArgs: nwt_target_name=nwt, batch_filename_size=7, batch_size=0, batch_weight_size=7, pwt_source_name=pwt, num_document_passes=1, regularizer=(name:1:urn:uuid:5c9d374a-8e22-11eb-a755-29d44eeb5885, tau:100000), class=(text:1), class=(author:1), reuse_theta=yes, opt_for_avx=yes, predict_class_id=, reset_nwt=yes
I0326 14:00:02.112331 82663 processor.cc:747] Processing queue has data, processing started
I0326 14:00:02.113549 82662 processor.cc:747] Processing queue has data, processing started
I0326 14:00:02.116961 82663 processor.cc:820] Processor: start processing batch 925001f0-0962-4bd5-94d3-9f80db2b01ee into model nwt
I0326 14:00:02.119135 82662 processor.cc:820] Processor: start processing batch 3ddbd1c8-65ff-4c89-8026-1a8c9eac2ba4 into model nwt
I0326 14:00:02.184180 82663 processor.cc:925] Processor: complete processing batch 925001f0-0962-4bd5-94d3-9f80db2b01ee into model nwt
I0326 14:00:02.188781 82663 cuckoo_watch.h:45] 76ms in ProcessBatch(lectures_batches/aaaaab.batch) [including 4ms in LoadMessage; 3ms in InitializeSparseNdw; 0ms in FindReuseThetaCacheEntry; 0ms in InitializeTheta; 0ms in CreateRegularizerAgents; 34ms in InferThetaAndUpdateNwtSparse; 0ms in UpdateCacheEntry; 28ms in CalculateScore(^^^ItemsProcessedScore^^^); ]
I0326 14:00:02.193735 82663 processor.cc:820] Processor: start processing batch 749c72ea-4073-4a1e-abc8-276d7dc6135c into model nwt
I0326 14:00:02.225836 82662 processor.cc:925] Processor: complete processing batch 3ddbd1c8-65ff-4c89-8026-1a8c9eac2ba4 into model nwt
I0326 14:00:02.230391 82662 cuckoo_watch.h:45] 116ms in ProcessBatch(lectures_batches/aaaaag.batch) [including 5ms in LoadMessage; 7ms in InitializeSparseNdw; 0ms in FindReuseThetaCacheEntry; 0ms in InitializeTheta; 0ms in CreateRegularizerAgents; 48ms in InferThetaAndUpdateNwtSparse; 0ms in UpdateCacheEntry; 50ms in CalculateScore(^^^ItemsProcessedScore^^^); ]
I0326 14:00:02.235953 82662 processor.cc:820] Processor: start processing batch 7c2eb262-1c8d-4f98-8668-642910073ee6 into model nwt
I0326 14:00:02.250777 82663 processor.cc:925] Processor: complete processing batch 749c72ea-4073-4a1e-abc8-276d7dc6135c into model nwt
I0326 14:00:02.252526 82663 cuckoo_watch.h:45] 63ms in ProcessBatch(lectures_batches/aaaaaa.batch) [including 4ms in LoadMessage; 5ms in InitializeSparseNdw; 0ms in FindReuseThetaCacheEntry; 0ms in InitializeTheta; 0ms in CreateRegularizerAgents; 30ms in InferThetaAndUpdateNwtSparse; 0ms in UpdateCacheEntry; 20ms in CalculateScore(^^^ItemsProcessedScore^^^); ]
I0326 14:00:02.256851 82663 processor.cc:820] Processor: start processing batch 13c902cf-6d99-4932-8a1f-c6d0934165dc into model nwt
I0326 14:00:02.331130 82662 processor.cc:925] Processor: complete processing batch 7c2eb262-1c8d-4f98-8668-642910073ee6 into model nwt
