Log file created at: 2021/03/26 13:36:32
Running on machine: tater-VivoBook-15-ASUS-Laptop-X542UF
Log line format: [IWEF]mmdd hh:mm:ss.uuuuuu threadid file:line] msg
I0326 13:36:32.453316 81170 c_interface.cc:127] Logging enabled to .
I0326 13:36:32.453722 81170 c_interface.cc:128] BigARTM version: v0.9.2
I0326 13:36:32.453778 81170 c_interface.cc:271] Pass MasterModelConfig: topic_name_size=0, score_config_size=1, num_processors=0, pwt_name=pwt, nwt_name=nwt, num_document_passes=0, reuse_theta=no, cache_theta=no, opt_for_avx=yes, disk_cache_path= to ArtmCreateMasterModel
I0326 13:36:32.453812 81170 c_interface.cc:274] Creating MasterModel (id=1)...
I0326 13:36:32.454782 81170 collection_parser.cc:557] CollectionParserConfig.num_threads is automatically set to 8
I0326 13:36:33.029460 81170 c_interface.cc:375] Pass 5706d8a1-ed54-4fee-81f0-2b7e11918019 to MN4artm4core15MasterComponentEFvRKSsE
I0326 13:36:33.029603 81170 c_interface.cc:389] Pass GatherDictionaryArgs: dictionary_target_name=5706d8a1-ed54-4fee-81f0-2b7e11918019, data_path=lectures_batches, symmetric_cooc_values=0 to MN4artm4core15MasterComponentEFvRKNS_20GatherDictionaryArgsEE
I0326 13:36:33.029707 81170 dictionary_operations.cc:261] Found 7 batches in 'lectures_batches' folder
I0326 13:36:33.164816 81170 dictionary_operations.cc:325] Find 26866 unique tokens in 1728 items
I0326 13:36:33.197376 81170 dictionary_operations.cc:589] Dictionary name='5706d8a1-ed54-4fee-81f0-2b7e11918019' contains entries: author:539; text:26327; 
I0326 13:36:41.795593 81170 c_interface.cc:271] Pass MasterModelConfig: topic_name_size=30, class=(text:1), class=(author:1), score_config_size=1, num_processors=2, pwt_name=pwt, nwt_name=nwt, num_document_passes=10, reuse_theta=yes, cache_theta=yes, opt_for_avx=yes, disk_cache_path= to ArtmCreateMasterModel
I0326 13:36:41.795734 81170 c_interface.cc:274] Creating MasterModel (id=2)...
I0326 13:36:41.797027 81354 processor.cc:724] Processor thread started
I0326 13:36:41.797641 81355 processor.cc:724] Processor thread started
I0326 13:36:41.817864 81355 processor.cc:740] No data in processing queue, waiting...
I0326 13:36:41.817911 81354 processor.cc:740] No data in processing queue, waiting...
I0326 13:36:52.091485 81170 c_interface.cc:271] Pass MasterModelConfig: topic_name_size=0, score_config_size=1, num_processors=0, pwt_name=pwt, nwt_name=nwt, num_document_passes=0, reuse_theta=no, cache_theta=no, opt_for_avx=yes, disk_cache_path= to ArtmCreateMasterModel
I0326 13:36:52.091554 81170 c_interface.cc:274] Creating MasterModel (id=3)...
I0326 13:36:52.092404 81170 c_interface.cc:375] Pass dict to MN4artm4core15MasterComponentEFvRKSsE
I0326 13:36:52.092871 81170 c_interface.cc:389] Pass GatherDictionaryArgs: dictionary_target_name=dict, data_path=lectures_batches, symmetric_cooc_values=0 to MN4artm4core15MasterComponentEFvRKNS_20GatherDictionaryArgsEE
I0326 13:36:52.093122 81170 dictionary_operations.cc:261] Found 7 batches in 'lectures_batches' folder
I0326 13:36:52.258558 81170 dictionary_operations.cc:325] Find 26866 unique tokens in 1728 items
I0326 13:36:52.286584 81170 dictionary_operations.cc:589] Dictionary name='dict' contains entries: author:539; text:26327; 
I0326 13:36:52.287518 81170 c_interface.cc:375] Pass pwt to MN4artm4core15MasterComponentEFvRKSsE
I0326 13:36:52.287546 81170 c_interface.cc:375] Pass nwt to MN4artm4core15MasterComponentEFvRKSsE
I0326 13:36:52.287675 81170 c_interface.cc:389] Pass InitializeModelArgs: model_name=pwt, dictionary_name=dict, topic_name_size=30, seed=-1 to MN4artm4core15MasterComponentEFvRKNS_19InitializeModelArgsEE
I0326 13:36:52.395093 81170 master_component.cc:664] InitializeModel() created matrix pwt with 30 topics and 26866 tokens; 
I0326 13:36:52.395246 81170 c_interface.cc:389] Pass InitializeModelArgs: model_name=nwt, dictionary_name=dict, topic_name_size=30, seed=-1 to MN4artm4core15MasterComponentEFvRKNS_19InitializeModelArgsEE
I0326 13:36:52.498458 81170 master_component.cc:664] InitializeModel() created matrix nwt with 30 topics and 26866 tokens; 
I0326 13:36:52.498649 81170 c_interface.cc:231] ArtmCopyRequestedMessage is copying 311 bytes...
I0326 13:37:00.388615 81170 c_interface.cc:389] Pass MasterModelConfig: topic_name_size=30, class=(text:1), class=(author:1), score_config_size=2, num_processors=2, pwt_name=pwt, nwt_name=nwt, num_document_passes=10, reuse_theta=yes, cache_theta=yes, opt_for_avx=yes, disk_cache_path= to MN4artm4core15MasterComponentEFvRKNS_17MasterModelConfigEE
I0326 13:37:00.389642 81170 c_interface.cc:389] Pass MasterModelConfig: topic_name_size=30, class=(text:1), class=(author:1), score_config_size=3, num_processors=2, pwt_name=pwt, nwt_name=nwt, num_document_passes=10, reuse_theta=yes, cache_theta=yes, opt_for_avx=yes, disk_cache_path= to MN4artm4core15MasterComponentEFvRKNS_17MasterModelConfigEE
I0326 13:37:11.081477 81170 c_interface.cc:389] Pass MasterModelConfig: topic_name_size=30, class=(text:1), class=(author:1), score_config_size=3, num_processors=2, pwt_name=pwt, nwt_name=nwt, num_document_passes=10, regularizer=(1:urn:uuid:38ab38e4-8e1f-11eb-a755-29d44eeb5885:100000), reuse_theta=yes, cache_theta=yes, opt_for_avx=yes, disk_cache_path= to MN4artm4core15MasterComponentEFvRKNS_17MasterModelConfigEE
I0326 13:37:11.081554 81170 instance.cc:232] Regularizer '1:urn:uuid:38ab38e4-8e1f-11eb-a755-29d44eeb5885' was cold-reconfigured
I0326 13:37:19.146687 81170 c_interface.cc:389] Pass MasterModelConfig: topic_name_size=30, class=(text:1), class=(author:1), score_config_size=3, num_processors=2, pwt_name=pwt, nwt_name=nwt, num_document_passes=1, regularizer=(1:urn:uuid:38ab38e4-8e1f-11eb-a755-29d44eeb5885:100000), reuse_theta=yes, cache_theta=yes, opt_for_avx=yes, disk_cache_path= to MN4artm4core15MasterComponentEFvRKNS_17MasterModelConfigEE
I0326 13:37:19.146848 81170 instance.cc:232] Regularizer '1:urn:uuid:38ab38e4-8e1f-11eb-a755-29d44eeb5885' was cold-reconfigured
I0326 13:37:19.153740 81170 c_interface.cc:389] Pass FitOfflineMasterModelArgs, batch_filename_size=7, batch_weight_size=7, num_collection_passes=1, reset_nwt=yes to MN4artm4core15MasterComponentEFvRKNS_25FitOfflineMasterModelArgsEE
I0326 13:37:19.153864 81170 master_component.cc:1398] ProcessBatchesArgs: nwt_target_name=nwt, batch_filename_size=7, batch_size=0, batch_weight_size=7, pwt_source_name=pwt, num_document_passes=1, regularizer=(name:1:urn:uuid:38ab38e4-8e1f-11eb-a755-29d44eeb5885, tau:100000), class=(text:1), class=(author:1), reuse_theta=yes, opt_for_avx=yes, predict_class_id=, reset_nwt=yes
I0326 13:37:19.198742 81355 processor.cc:747] Processing queue has data, processing started
I0326 13:37:19.199900 81354 processor.cc:747] Processing queue has data, processing started
I0326 13:37:19.203230 81355 processor.cc:820] Processor: start processing batch fbbb13ed-a61c-4101-b241-d8227ae782f9 into model nwt
I0326 13:37:19.208297 81354 processor.cc:820] Processor: start processing batch 55aeb0cb-09d2-4657-9250-e120b86555f9 into model nwt
I0326 13:37:19.253722 81355 processor.cc:925] Processor: complete processing batch fbbb13ed-a61c-4101-b241-d8227ae782f9 into model nwt
I0326 13:37:19.254770 81355 cuckoo_watch.h:45] 55ms in ProcessBatch(lectures_batches/aaaaab.batch) [including 4ms in LoadMessage; 4ms in InitializeSparseNdw; 0ms in FindReuseThetaCacheEntry; 0ms in InitializeTheta; 0ms in CreateRegularizerAgents; 27ms in InferThetaAndUpdateNwtSparse; 0ms in UpdateCacheEntry; 17ms in CalculateScore(^^^ItemsProcessedScore^^^); ]
I0326 13:37:19.256925 81355 processor.cc:820] Processor: start processing batch f40c0809-c8bb-467b-8150-88cc715685f0 into model nwt
I0326 13:37:19.277848 81354 processor.cc:925] Processor: complete processing batch 55aeb0cb-09d2-4657-9250-e120b86555f9 into model nwt
I0326 13:37:19.279093 81354 cuckoo_watch.h:45] 79ms in ProcessBatch(lectures_batches/aaaaag.batch) [including 8ms in LoadMessage; 6ms in InitializeSparseNdw; 0ms in FindReuseThetaCacheEntry; 0ms in InitializeTheta; 0ms in CreateRegularizerAgents; 38ms in InferThetaAndUpdateNwtSparse; 0ms in UpdateCacheEntry; 24ms in CalculateScore(^^^ItemsProcessedScore^^^); ]
I0326 13:37:19.282521 81354 processor.cc:820] Processor: start processing batch b5031424-2399-4969-956f-93a9e2c1cd32 into model nwt
I0326 13:37:19.289937 81355 processor.cc:925] Processor: complete processing batch f40c0809-c8bb-467b-8150-88cc715685f0 into model nwt
I0326 13:37:19.290781 81355 cuckoo_watch.h:45] 35ms in ProcessBatch(lectures_batches/aaaaaa.batch) [including 2ms in LoadMessage; 2ms in InitializeSparseNdw; 0ms in FindReuseThetaCacheEntry; 0ms in InitializeTheta; 0ms in CreateRegularizerAgents; 19ms in InferThetaAndUpdateNwtSparse; 0ms in UpdateCacheEntry; 11ms in CalculateScore(^^^ItemsProcessedScore^^^); ]
I0326 13:37:19.293785 81355 processor.cc:820] Processor: start processing batch de2957f0-37c0-4389-a944-52b9a03d520a into model nwt
I0326 13:37:19.344485 81354 processor.cc:925] Processor: complete processing batch b5031424-2399-4969-956f-93a9e2c1cd32 into model nwt
I0326 13:37:19.345737 81354 cuckoo_watch.h:45] 66ms in ProcessBatch(lectures_batches/aaaaad.batch) [including 3ms in LoadMessage; 4ms in InitializeSparseNdw; 0ms in FindReuseThetaCacheEntry; 0ms in InitializeTheta; 0ms in CreateRegularizerAgents; 32ms in InferThetaAndUpdateNwtSparse; 0ms in UpdateCacheEntry; 24ms in CalculateScore(^^^ItemsProcessedScore^^^); ]
I0326 13:37:19.350353 81355 processor.cc:925] Processor: complete processing batch de2957f0-37c0-4389-a944-52b9a03d520a into model nwt
I0326 13:37:19.351536 81355 cuckoo_watch.h:45] 60ms in ProcessBatch(lectures_batches/aaaaac.batch) [including 2ms in LoadMessage; 4ms in InitializeSparseNdw; 0ms in FindReuseThetaCacheEntry; 0ms in InitializeTheta; 0ms in CreateRegularizerAgents; 30ms in InferThetaAndUpdateNwtSparse; 0ms in UpdateCacheEntry; 21ms in CalculateScore(^^^ItemsProcessedScore^^^); ]
I0326 13:37:19.352927 81354 processor.cc:820] Processor: start processing batch 69eefd3f-f18f-4d3f-8218-cbb64963e6e2 into model nwt
I0326 13:37:19.357489 81355 processor.cc:820] Processor: start processing batch c53d3d03-724b-4347-8b1d-36ae6bfa0655 into model nwt
I0326 13:37:19.502517 81355 processor.cc:925] Processor: complete processing batch c53d3d03-724b-4347-8b1d-36ae6bfa0655 into model nwt
I0326 13:37:19.504468 81355 cuckoo_watch.h:45] 152ms in ProcessBatch(lectures_batches/aaaaaf.batch) [including 5ms in LoadMessage; 12ms in InitializeSparseNdw; 0ms in FindReuseThetaCacheEntry; 0ms in InitializeTheta; 0ms in CreateRegularizerAgents; 75ms in InferThetaAndUpdateNwtSparse; 0ms in UpdateCacheEntry; 57ms in CalculateScore(^^^ItemsProcessedScore^^^); ]
I0326 13:37:19.525225 81355 processor.cc:740] No data in processing queue, waiting...
I0326 13:37:19.526903 81354 processor.cc:925] Processor: complete processing batch 69eefd3f-f18f-4d3f-8218-cbb64963e6e2 into model nwt
I0326 13:37:19.529369 81354 cuckoo_watch.h:45] 183ms in ProcessBatch(lectures_batches/aaaaae.batch) [including 7ms in LoadMessage; 15ms in InitializeSparseNdw; 0ms in FindReuseThetaCacheEntry; 0ms in InitializeTheta; 0ms in CreateRegularizerAgents; 89ms in InferThetaAndUpdateNwtSparse; 0ms in UpdateCacheEntry; 69ms in CalculateScore(^^^ItemsProcessedScore^^^); ]
I0326 13:37:19.530153 81170 master_component.cc:1436] RegularizeModelArgs: rwt_target_name=rwt, pwt_source_name=pwt, nwt_source_name=nwt
I0326 13:37:19.530162 81170 master_component.cc:976] MasterComponent: start regularizing model pwt
I0326 13:37:19.550082 81354 processor.cc:740] No data in processing queue, waiting...
I0326 13:37:19.633136 81170 master_component.cc:1002] MasterComponent: complete regularizing model pwt
I0326 13:37:19.633162 81170 master_component.cc:1449] NormalizeModelArgs: pwt_target_name=pwt, nwt_source_name=nwt, rwt_source_name=rwt
I0326 13:37:19.633167 81170 master_component.cc:1006] MasterComponent: start normalizing model nwt
I0326 13:37:19.721387 81170 master_component.cc:1034] MasterComponent: complete normalizing model nwt
I0326 13:37:19.865619 81170 master_component.cc:1473] DisposeModel rwt
I0326 13:37:19.875095 81170 master_component.cc:1059] FitOffline: ItemsProcessed, num_items=1728, num_batches=7, token_weight=808522, token_weight_in_effect=808522
I0326 13:37:19.875317 81170 c_interface.cc:389] Pass FitOfflineMasterModelArgs, batch_filename_size=7, batch_weight_size=7, num_collection_passes=1, reset_nwt=yes to MN4artm4core15MasterComponentEFvRKNS_25FitOfflineMasterModelArgsEE
I0326 13:37:19.875345 81170 master_component.cc:1398] ProcessBatchesArgs: nwt_target_name=nwt, batch_filename_size=7, batch_size=0, batch_weight_size=7, pwt_source_name=pwt, num_document_passes=1, regularizer=(name:1:urn:uuid:38ab38e4-8e1f-11eb-a755-29d44eeb5885, tau:100000), class=(text:1), class=(author:1), reuse_theta=yes, opt_for_avx=yes, predict_class_id=, reset_nwt=yes
I0326 13:37:19.892416 81354 processor.cc:747] Processing queue has data, processing started
I0326 13:37:19.893846 81355 processor.cc:747] Processing queue has data, processing started
I0326 13:37:19.895521 81354 processor.cc:820] Processor: start processing batch fbbb13ed-a61c-4101-b241-d8227ae782f9 into model nwt
I0326 13:37:19.897872 81355 processor.cc:820] Processor: start processing batch 55aeb0cb-09d2-4657-9250-e120b86555f9 into model nwt
I0326 13:37:19.953650 81354 processor.cc:925] Processor: complete processing batch fbbb13ed-a61c-4101-b241-d8227ae782f9 into model nwt
I0326 13:37:19.955063 81354 cuckoo_watch.h:45] 62ms in ProcessBatch(lectures_batches/aaaaab.batch) [including 3ms in LoadMessage; 4ms in InitializeSparseNdw; 0ms in FindReuseThetaCacheEntry; 0ms in InitializeTheta; 0ms in CreateRegularizerAgents; 29ms in InferThetaAndUpdateNwtSparse; 0ms in UpdateCacheEntry; 23ms in CalculateScore(^^^ItemsProcessedScore^^^); ]
I0326 13:37:19.957631 81354 processor.cc:820] Processor: start processing batch f40c0809-c8bb-467b-8150-88cc715685f0 into model nwt
I0326 13:37:19.979882 81355 processor.cc:925] Processor: complete processing batch 55aeb0cb-09d2-4657-9250-e120b86555f9 into model nwt
I0326 13:37:19.981403 81355 cuckoo_watch.h:45] 87ms in ProcessBatch(lectures_batches/aaaaag.batch) [including 3ms in LoadMessage; 6ms in InitializeSparseNdw; 0ms in FindReuseThetaCacheEntry; 0ms in InitializeTheta; 0ms in CreateRegularizerAgents; 43ms in InferThetaAndUpdateNwtSparse; 0ms in UpdateCacheEntry; 31ms in CalculateScore(^^^ItemsProcessedScore^^^); ]
I0326 13:37:19.985302 81355 processor.cc:820] Processor: start processing batch b5031424-2399-4969-956f-93a9e2c1cd32 into model nwt
I0326 13:37:19.995918 81354 processor.cc:925] Processor: complete processing batch f40c0809-c8bb-467b-8150-88cc715685f0 into model nwt
I0326 13:37:19.996914 81354 cuckoo_watch.h:45] 41ms in ProcessBatch(lectures_batches/aaaaaa.batch) [including 2ms in LoadMessage; 2ms in InitializeSparseNdw; 0ms in FindReuseThetaCacheEntry; 0ms in InitializeTheta; 0ms in CreateRegularizerAgents; 22ms in InferThetaAndUpdateNwtSparse; 0ms in UpdateCacheEntry; 12ms in CalculateScore(^^^ItemsProcessedScore^^^); ]
I0326 13:37:20.000258 81354 processor.cc:820] Processor: start processing batch de2957f0-37c0-4389-a944-52b9a03d520a into model nwt
I0326 13:37:20.052925 81355 processor.cc:925] Processor: complete processing batch b5031424-2399-4969-956f-93a9e2c1cd32 into model nwt
I0326 13:37:20.054390 81355 cuckoo_watch.h:45] 72ms in ProcessBatch(lectures_batches/aaaaad.batch) [including 3ms in LoadMessage; 5ms in InitializeSparseNdw; 0ms in FindReuseThetaCacheEntry; 0ms in InitializeTheta; 0ms in CreateRegularizerAgents; 36ms in InferThetaAndUpdateNwtSparse; 0ms in UpdateCacheEntry; 25ms in CalculateScore(^^^ItemsProcessedScore^^^); ]
I0326 13:37:20.059101 81354 processor.cc:925] Processor: complete processing batch de2957f0-37c0-4389-a944-52b9a03d520a into model nwt
I0326 13:37:20.060381 81354 cuckoo_watch.h:45] 63ms in ProcessBatch(lectures_batches/aaaaac.batch) [including 3ms in LoadMessage; 4ms in InitializeSparseNdw; 0ms in FindReuseThetaCacheEntry; 0ms in InitializeTheta; 0ms in CreateRegularizerAgents; 32ms in InferThetaAndUpdateNwtSparse; 0ms in UpdateCacheEntry; 22ms in CalculateScore(^^^ItemsProcessedScore^^^); ]
I0326 13:37:20.061725 81355 processor.cc:820] Processor: start processing batch 69eefd3f-f18f-4d3f-8218-cbb64963e6e2 into model nwt
I0326 13:37:20.066309 81354 processor.cc:820] Processor: start processing batch c53d3d03-724b-4347-8b1d-36ae6bfa0655 into model nwt
I0326 13:37:20.208449 81354 processor.cc:925] Processor: complete processing batch c53d3d03-724b-4347-8b1d-36ae6bfa0655 into model nwt
I0326 13:37:20.210453 81354 cuckoo_watch.h:45] 150ms in ProcessBatch(lectures_batches/aaaaaf.batch) [including 5ms in LoadMessage; 12ms in InitializeSparseNdw; 0ms in FindReuseThetaCacheEntry; 0ms in InitializeTheta; 0ms in CreateRegularizerAgents; 73ms in InferThetaAndUpdateNwtSparse; 0ms in UpdateCacheEntry; 55ms in CalculateScore(^^^ItemsProcessedScore^^^); ]
I0326 13:37:20.230860 81354 processor.cc:740] No data in processing queue, waiting...
I0326 13:37:20.239938 81355 processor.cc:925] Processor: complete processing batch 69eefd3f-f18f-4d3f-8218-cbb64963e6e2 into model nwt
I0326 13:37:20.242128 81355 cuckoo_watch.h:45] 187ms in ProcessBatch(lectures_batches/aaaaae.batch) [including 7ms in LoadMessage; 16ms in InitializeSparseNdw; 0ms in FindReuseThetaCacheEntry; 0ms in InitializeTheta; 0ms in CreateRegularizerAgents; 90ms in InferThetaAndUpdateNwtSparse; 0ms in UpdateCacheEntry; 70ms in CalculateScore(^^^ItemsProcessedScore^^^); ]
I0326 13:37:20.242219 81170 master_component.cc:1436] RegularizeModelArgs: rwt_target_name=rwt, pwt_source_name=pwt, nwt_source_name=nwt
I0326 13:37:20.242254 81170 master_component.cc:976] MasterComponent: start regularizing model pwt
I0326 13:37:20.262923 81355 processor.cc:740] No data in processing queue, waiting...
I0326 13:37:20.340409 81170 master_component.cc:1002] MasterComponent: complete regularizing model pwt
I0326 13:37:20.340432 81170 master_component.cc:1449] NormalizeModelArgs: pwt_target_name=pwt, nwt_source_name=nwt, rwt_source_name=rwt
I0326 13:37:20.340437 81170 master_component.cc:1006] MasterComponent: start normalizing model nwt
I0326 13:37:20.406031 81170 master_component.cc:1034] MasterComponent: complete normalizing model nwt
I0326 13:37:20.501441 81170 master_component.cc:1473] DisposeModel rwt
I0326 13:37:20.508913 81170 master_component.cc:1059] FitOffline: ItemsProcessed, num_items=1728, num_batches=7, token_weight=808522, token_weight_in_effect=808522
I0326 13:37:20.509465 81170 c_interface.cc:389] Pass FitOfflineMasterModelArgs, batch_filename_size=7, batch_weight_size=7, num_collection_passes=1, reset_nwt=yes to MN4artm4core15MasterComponentEFvRKNS_25FitOfflineMasterModelArgsEE
I0326 13:37:20.509748 81170 master_component.cc:1398] ProcessBatchesArgs: nwt_target_name=nwt, batch_filename_size=7, batch_size=0, batch_weight_size=7, pwt_source_name=pwt, num_document_passes=1, regularizer=(name:1:urn:uuid:38ab38e4-8e1f-11eb-a755-29d44eeb5885, tau:100000), class=(text:1), class=(author:1), reuse_theta=yes, opt_for_avx=yes, predict_class_id=, reset_nwt=yes
I0326 13:37:20.522912 81355 processor.cc:747] Processing queue has data, processing started
I0326 13:37:20.523212 81354 processor.cc:747] Processing queue has data, processing started
I0326 13:37:20.525386 81355 processor.cc:820] Processor: start processing batch fbbb13ed-a61c-4101-b241-d8227ae782f9 into model nwt
I0326 13:37:20.526316 81354 processor.cc:820] Processor: start processing batch 55aeb0cb-09d2-4657-9250-e120b86555f9 into model nwt
I0326 13:37:20.564415 81355 processor.cc:925] Processor: complete processing batch fbbb13ed-a61c-4101-b241-d8227ae782f9 into model nwt
I0326 13:37:20.565696 81355 cuckoo_watch.h:45] 42ms in ProcessBatch(lectures_batches/aaaaab.batch) [including 2ms in LoadMessage; 2ms in InitializeSparseNdw; 0ms in FindReuseThetaCacheEntry; 0ms in InitializeTheta; 0ms in CreateRegularizerAgents; 21ms in InferThetaAndUpdateNwtSparse; 0ms in UpdateCacheEntry; 14ms in CalculateScore(^^^ItemsProcessedScore^^^); ]
I0326 13:37:20.567672 81355 processor.cc:820] Processor: start processing batch f40c0809-c8bb-467b-8150-88cc715685f0 into model nwt
I0326 13:37:20.584285 81354 processor.cc:925] Processor: complete processing batch 55aeb0cb-09d2-4657-9250-e120b86555f9 into model nwt
I0326 13:37:20.585528 81354 cuckoo_watch.h:45] 62ms in ProcessBatch(lectures_batches/aaaaag.batch) [including 3ms in LoadMessage; 4ms in InitializeSparseNdw; 0ms in FindReuseThetaCacheEntry; 0ms in InitializeTheta; 0ms in CreateRegularizerAgents; 30ms in InferThetaAndUpdateNwtSparse; 0ms in UpdateCacheEntry; 22ms in CalculateScore(^^^ItemsProcessedScore^^^); ]
I0326 13:37:20.588914 81354 processor.cc:820] Processor: start processing batch b5031424-2399-4969-956f-93a9e2c1cd32 into model nwt
I0326 13:37:20.599980 81355 processor.cc:925] Processor: complete processing batch f40c0809-c8bb-467b-8150-88cc715685f0 into model nwt
I0326 13:37:20.600879 81355 cuckoo_watch.h:45] 35ms in ProcessBatch(lectures_batches/aaaaaa.batch) [including 1ms in LoadMessage; 2ms in InitializeSparseNdw; 0ms in FindReuseThetaCacheEntry; 0ms in InitializeTheta; 0ms in CreateRegularizerAgents; 18ms in InferThetaAndUpdateNwtSparse; 0ms in UpdateCacheEntry; 11ms in CalculateScore(^^^ItemsProcessedScore^^^); ]
I0326 13:37:20.603868 81355 processor.cc:820] Processor: start processing batch de2957f0-37c0-4389-a944-52b9a03d520a into model nwt
I0326 13:37:20.650310 81354 processor.cc:925] Processor: complete processing batch b5031424-2399-4969-956f-93a9e2c1cd32 into model nwt
I0326 13:37:20.651631 81354 cuckoo_watch.h:45] 66ms in ProcessBatch(lectures_batches/aaaaad.batch) [including 3ms in LoadMessage; 4ms in InitializeSparseNdw; 0ms in FindReuseThetaCacheEntry; 0ms in InitializeTheta; 0ms in CreateRegularizerAgents; 32ms in InferThetaAndUpdateNwtSparse; 0ms in UpdateCacheEntry; 23ms in CalculateScore(^^^ItemsProcessedScore^^^); ]
I0326 13:37:20.658787 81354 processor.cc:820] Processor: start processing batch 69eefd3f-f18f-4d3f-8218-cbb64963e6e2 into model nwt
I0326 13:37:20.659670 81355 processor.cc:925] Processor: complete processing batch de2957f0-37c0-4389-a944-52b9a03d520a into model nwt
I0326 13:37:20.661006 81355 cuckoo_watch.h:45] 60ms in ProcessBatch(lectures_batches/aaaaac.batch) [including 2ms in LoadMessage; 4ms in InitializeSparseNdw; 0ms in FindReuseThetaCacheEntry; 0ms in InitializeTheta; 0ms in CreateRegularizerAgents; 30ms in InferThetaAndUpdateNwtSparse; 0ms in UpdateCacheEntry; 20ms in CalculateScore(^^^ItemsProcessedScore^^^); ]
I0326 13:37:20.667074 81355 processor.cc:820] Processor: start processing batch c53d3d03-724b-4347-8b1d-36ae6bfa0655 into model nwt
I0326 13:37:20.806632 81355 processor.cc:925] Processor: complete processing batch c53d3d03-724b-4347-8b1d-36ae6bfa0655 into model nwt
I0326 13:37:20.808708 81355 cuckoo_watch.h:45] 147ms in ProcessBatch(lectures_batches/aaaaaf.batch) [including 6ms in LoadMessage; 11ms in InitializeSparseNdw; 0ms in FindReuseThetaCacheEntry; 0ms in InitializeTheta; 0ms in CreateRegularizerAgents; 71ms in InferThetaAndUpdateNwtSparse; 0ms in UpdateCacheEntry; 55ms in CalculateScore(^^^ItemsProcessedScore^^^); ]
I0326 13:37:20.829185 81354 processor.cc:925] Processor: complete processing batch 69eefd3f-f18f-4d3f-8218-cbb64963e6e2 into model nwt
I0326 13:37:20.829578 81355 processor.cc:740] No data in processing queue, waiting...
I0326 13:37:20.831295 81354 cuckoo_watch.h:45] 179ms in ProcessBatch(lectures_batches/aaaaae.batch) [including 7ms in LoadMessage; 15ms in InitializeSparseNdw; 0ms in FindReuseThetaCacheEntry; 0ms in InitializeTheta; 0ms in CreateRegularizerAgents; 87ms in InferThetaAndUpdateNwtSparse; 0ms in UpdateCacheEntry; 67ms in CalculateScore(^^^ItemsProcessedScore^^^); ]
I0326 13:37:20.831938 81170 master_component.cc:1436] RegularizeModelArgs: rwt_target_name=rwt, pwt_source_name=pwt, nwt_source_name=nwt
I0326 13:37:20.831945 81170 master_component.cc:976] MasterComponent: start regularizing model pwt
I0326 13:37:20.852265 81354 processor.cc:740] No data in processing queue, waiting...
I0326 13:37:20.924960 81170 master_component.cc:1002] MasterComponent: complete regularizing model pwt
I0326 13:37:20.924981 81170 master_component.cc:1449] NormalizeModelArgs: pwt_target_name=pwt, nwt_source_name=nwt, rwt_source_name=rwt
I0326 13:37:20.924984 81170 master_component.cc:1006] MasterComponent: start normalizing model nwt
I0326 13:37:20.988963 81170 master_component.cc:1034] MasterComponent: complete normalizing model nwt
I0326 13:37:21.078251 81170 master_component.cc:1473] DisposeModel rwt
I0326 13:37:21.085791 81170 master_component.cc:1059] FitOffline: ItemsProcessed, num_items=1728, num_batches=7, token_weight=808522, token_weight_in_effect=808522
I0326 13:37:21.086328 81170 c_interface.cc:389] Pass FitOfflineMasterModelArgs, batch_filename_size=7, batch_weight_size=7, num_collection_passes=1, reset_nwt=yes to MN4artm4core15MasterComponentEFvRKNS_25FitOfflineMasterModelArgsEE
I0326 13:37:21.086608 81170 master_component.cc:1398] ProcessBatchesArgs: nwt_target_name=nwt, batch_filename_size=7, batch_size=0, batch_weight_size=7, pwt_source_name=pwt, num_document_passes=1, regularizer=(name:1:urn:uuid:38ab38e4-8e1f-11eb-a755-29d44eeb5885, tau:100000), class=(text:1), class=(author:1), reuse_theta=yes, opt_for_avx=yes, predict_class_id=, reset_nwt=yes
I0326 13:37:21.099728 81354 processor.cc:747] Processing queue has data, processing started
I0326 13:37:21.100469 81355 processor.cc:747] Processing queue has data, processing started
I0326 13:37:21.103996 81354 processor.cc:820] Processor: start processing batch fbbb13ed-a61c-4101-b241-d8227ae782f9 into model nwt
I0326 13:37:21.105952 81355 processor.cc:820] Processor: start processing batch 55aeb0cb-09d2-4657-9250-e120b86555f9 into model nwt
I0326 13:37:21.150511 81354 processor.cc:925] Processor: complete processing batch fbbb13ed-a61c-4101-b241-d8227ae782f9 into model nwt
I0326 13:37:21.151767 81354 cuckoo_watch.h:45] 52ms in ProcessBatch(lectures_batches/aaaaab.batch) [including 4ms in LoadMessage; 5ms in InitializeSparseNdw; 0ms in FindReuseThetaCacheEntry; 0ms in InitializeTheta; 0ms in CreateRegularizerAgents; 26ms in InferThetaAndUpdateNwtSparse; 0ms in UpdateCacheEntry; 14ms in CalculateScore(^^^ItemsProcessedScore^^^); ]
I0326 13:37:21.153770 81354 processor.cc:820] Processor: start processing batch f40c0809-c8bb-467b-8150-88cc715685f0 into model nwt
I0326 13:37:21.172703 81355 processor.cc:925] Processor: complete processing batch 55aeb0cb-09d2-4657-9250-e120b86555f9 into model nwt
I0326 13:37:21.174015 81355 cuckoo_watch.h:45] 73ms in ProcessBatch(lectures_batches/aaaaag.batch) [including 5ms in LoadMessage; 8ms in InitializeSparseNdw; 0ms in FindReuseThetaCacheEntry; 0ms in InitializeTheta; 0ms in CreateRegularizerAgents; 35ms in InferThetaAndUpdateNwtSparse; 0ms in UpdateCacheEntry; 22ms in CalculateScore(^^^ItemsProcessedScore^^^); ]
I0326 13:37:21.177332 81355 processor.cc:820] Processor: start processing batch b5031424-2399-4969-956f-93a9e2c1cd32 into model nwt
I0326 13:37:21.185874 81354 processor.cc:925] Processor: complete processing batch f40c0809-c8bb-467b-8150-88cc715685f0 into model nwt
I0326 13:37:21.186770 81354 cuckoo_watch.h:45] 34ms in ProcessBatch(lectures_batches/aaaaaa.batch) [including 1ms in LoadMessage; 2ms in InitializeSparseNdw; 0ms in FindReuseThetaCacheEntry; 0ms in InitializeTheta; 0ms in CreateRegularizerAgents; 17ms in InferThetaAndUpdateNwtSparse; 0ms in UpdateCacheEntry; 11ms in CalculateScore(^^^ItemsProcessedScore^^^); ]
I0326 13:37:21.189872 81354 processor.cc:820] Processor: start processing batch de2957f0-37c0-4389-a944-52b9a03d520a into model nwt
I0326 13:37:21.240784 81355 processor.cc:925] Processor: complete processing batch b5031424-2399-4969-956f-93a9e2c1cd32 into model nwt
I0326 13:37:21.242111 81355 cuckoo_watch.h:45] 68ms in ProcessBatch(lectures_batches/aaaaad.batch) [including 3ms in LoadMessage; 5ms in InitializeSparseNdw; 0ms in FindReuseThetaCacheEntry; 0ms in InitializeTheta; 0ms in CreateRegularizerAgents; 33ms in InferThetaAndUpdateNwtSparse; 0ms in UpdateCacheEntry; 24ms in CalculateScore(^^^ItemsProcessedScore^^^); ]
I0326 13:37:21.245466 81354 processor.cc:925] Processor: complete processing batch de2957f0-37c0-4389-a944-52b9a03d520a into model nwt
I0326 13:37:21.246757 81354 cuckoo_watch.h:45] 59ms in ProcessBatch(lectures_batches/aaaaac.batch) [including 3ms in LoadMessage; 4ms in InitializeSparseNdw; 0ms in FindReuseThetaCacheEntry; 0ms in InitializeTheta; 0ms in CreateRegularizerAgents; 30ms in InferThetaAndUpdateNwtSparse; 0ms in UpdateCacheEntry; 20ms in CalculateScore(^^^ItemsProcessedScore^^^); ]
I0326 13:37:21.249341 81355 processor.cc:820] Processor: start processing batch 69eefd3f-f18f-4d3f-8218-cbb64963e6e2 into model nwt
I0326 13:37:21.252822 81354 processor.cc:820] Processor: start processing batch c53d3d03-724b-4347-8b1d-36ae6bfa0655 into model nwt
I0326 13:37:21.394865 81354 processor.cc:925] Processor: complete processing batch c53d3d03-724b-4347-8b1d-36ae6bfa0655 into model nwt
I0326 13:37:21.397152 81354 cuckoo_watch.h:45] 150ms in ProcessBatch(lectures_batches/aaaaaf.batch) [including 6ms in LoadMessage; 11ms in InitializeSparseNdw; 0ms in FindReuseThetaCacheEntry; 0ms in InitializeTheta; 0ms in CreateRegularizerAgents; 73ms in InferThetaAndUpdateNwtSparse; 0ms in UpdateCacheEntry; 56ms in CalculateScore(^^^ItemsProcessedScore^^^); ]
I0326 13:37:21.417749 81354 processor.cc:740] No data in processing queue, waiting...
I0326 13:37:21.424904 81355 processor.cc:925] Processor: complete processing batch 69eefd3f-f18f-4d3f-8218-cbb64963e6e2 into model nwt
I0326 13:37:21.427366 81355 cuckoo_watch.h:45] 185ms in ProcessBatch(lectures_batches/aaaaae.batch) [including 7ms in LoadMessage; 15ms in InitializeSparseNdw; 0ms in FindReuseThetaCacheEntry; 0ms in InitializeTheta; 0ms in CreateRegularizerAgents; 89ms in InferThetaAndUpdateNwtSparse; 0ms in UpdateCacheEntry; 70ms in CalculateScore(^^^ItemsProcessedScore^^^); ]
I0326 13:37:21.428434 81170 master_component.cc:1436] RegularizeModelArgs: rwt_target_name=rwt, pwt_source_name=pwt, nwt_source_name=nwt
I0326 13:37:21.428443 81170 master_component.cc:976] MasterComponent: start regularizing model pwt
I0326 13:37:21.448154 81355 processor.cc:740] No data in processing queue, waiting...
I0326 13:37:21.526332 81170 master_component.cc:1002] MasterComponent: complete regularizing model pwt
I0326 13:37:21.526355 81170 master_component.cc:1449] NormalizeModelArgs: pwt_target_name=pwt, nwt_source_name=nwt, rwt_source_name=rwt
I0326 13:37:21.526358 81170 master_component.cc:1006] MasterComponent: start normalizing model nwt
I0326 13:37:21.595454 81170 master_component.cc:1034] MasterComponent: complete normalizing model nwt
I0326 13:37:21.687472 81170 master_component.cc:1473] DisposeModel rwt
I0326 13:37:21.695174 81170 master_component.cc:1059] FitOffline: ItemsProcessed, num_items=1728, num_batches=7, token_weight=808522, token_weight_in_effect=808522
I0326 13:37:21.695749 81170 c_interface.cc:389] Pass FitOfflineMasterModelArgs, batch_filename_size=7, batch_weight_size=7, num_collection_passes=1, reset_nwt=yes to MN4artm4core15MasterComponentEFvRKNS_25FitOfflineMasterModelArgsEE
I0326 13:37:21.696033 81170 master_component.cc:1398] ProcessBatchesArgs: nwt_target_name=nwt, batch_filename_size=7, batch_size=0, batch_weight_size=7, pwt_source_name=pwt, num_document_passes=1, regularizer=(name:1:urn:uuid:38ab38e4-8e1f-11eb-a755-29d44eeb5885, tau:100000), class=(text:1), class=(author:1), reuse_theta=yes, opt_for_avx=yes, predict_class_id=, reset_nwt=yes
I0326 13:37:21.708876 81354 processor.cc:747] Processing queue has data, processing started
I0326 13:37:21.710320 81355 processor.cc:747] Processing queue has data, processing started
I0326 13:37:21.711313 81354 processor.cc:820] Processor: start processing batch fbbb13ed-a61c-4101-b241-d8227ae782f9 into model nwt
I0326 13:37:21.714211 81355 processor.cc:820] Processor: start processing batch 55aeb0cb-09d2-4657-9250-e120b86555f9 into model nwt
I0326 13:37:21.750355 81354 processor.cc:925] Processor: complete processing batch fbbb13ed-a61c-4101-b241-d8227ae782f9 into model nwt
I0326 13:37:21.751448 81354 cuckoo_watch.h:45] 42ms in ProcessBatch(lectures_batches/aaaaab.batch) [including 2ms in LoadMessage; 2ms in InitializeSparseNdw; 0ms in FindReuseThetaCacheEntry; 0ms in InitializeTheta; 0ms in CreateRegularizerAgents; 21ms in InferThetaAndUpdateNwtSparse; 0ms in UpdateCacheEntry; 14ms in CalculateScore(^^^ItemsProcessedScore^^^); ]
I0326 13:37:21.753471 81354 processor.cc:820] Processor: start processing batch f40c0809-c8bb-467b-8150-88cc715685f0 into model nwt
I0326 13:37:21.773658 81355 processor.cc:925] Processor: complete processing batch 55aeb0cb-09d2-4657-9250-e120b86555f9 into model nwt
I0326 13:37:21.774924 81355 cuckoo_watch.h:45] 64ms in ProcessBatch(lectures_batches/aaaaag.batch) [including 3ms in LoadMessage; 4ms in InitializeSparseNdw; 0ms in FindReuseThetaCacheEntry; 0ms in InitializeTheta; 0ms in CreateRegularizerAgents; 31ms in InferThetaAndUpdateNwtSparse; 0ms in UpdateCacheEntry; 22ms in CalculateScore(^^^ItemsProcessedScore^^^); ]
I0326 13:37:21.778242 81355 processor.cc:820] Processor: start processing batch b5031424-2399-4969-956f-93a9e2c1cd32 into model nwt
I0326 13:37:21.785732 81354 processor.cc:925] Processor: complete processing batch f40c0809-c8bb-467b-8150-88cc715685f0 into model nwt
I0326 13:37:21.786650 81354 cuckoo_watch.h:45] 35ms in ProcessBatch(lectures_batches/aaaaaa.batch) [including 2ms in LoadMessage; 2ms in InitializeSparseNdw; 0ms in FindReuseThetaCacheEntry; 0ms in InitializeTheta; 0ms in CreateRegularizerAgents; 18ms in InferThetaAndUpdateNwtSparse; 0ms in UpdateCacheEntry; 11ms in CalculateScore(^^^ItemsProcessedScore^^^); ]
I0326 13:37:21.789707 81354 processor.cc:820] Processor: start processing batch de2957f0-37c0-4389-a944-52b9a03d520a into model nwt
I0326 13:37:21.840304 81355 processor.cc:925] Processor: complete processing batch b5031424-2399-4969-956f-93a9e2c1cd32 into model nwt
I0326 13:37:21.841619 81355 cuckoo_watch.h:45] 66ms in ProcessBatch(lectures_batches/aaaaad.batch) [including 3ms in LoadMessage; 4ms in InitializeSparseNdw; 0ms in FindReuseThetaCacheEntry; 0ms in InitializeTheta; 0ms in CreateRegularizerAgents; 33ms in InferThetaAndUpdateNwtSparse; 0ms in UpdateCacheEntry; 23ms in CalculateScore(^^^ItemsProcessedScore^^^); ]
I0326 13:37:21.845523 81354 processor.cc:925] Processor: complete processing batch de2957f0-37c0-4389-a944-52b9a03d520a into model nwt
I0326 13:37:21.846746 81354 cuckoo_watch.h:45] 60ms in ProcessBatch(lectures_batches/aaaaac.batch) [including 3ms in LoadMessage; 4ms in InitializeSparseNdw; 0ms in FindReuseThetaCacheEntry; 0ms in InitializeTheta; 0ms in CreateRegularizerAgents; 30ms in InferThetaAndUpdateNwtSparse; 0ms in UpdateCacheEntry; 20ms in CalculateScore(^^^ItemsProcessedScore^^^); ]
I0326 13:37:21.848659 81355 processor.cc:820] Processor: start processing batch 69eefd3f-f18f-4d3f-8218-cbb64963e6e2 into model nwt
I0326 13:37:21.852888 81354 processor.cc:820] Processor: start processing batch c53d3d03-724b-4347-8b1d-36ae6bfa0655 into model nwt
I0326 13:37:22.018502 81354 processor.cc:925] Processor: complete processing batch c53d3d03-724b-4347-8b1d-36ae6bfa0655 into model nwt
I0326 13:37:22.021173 81354 cuckoo_watch.h:45] 174ms in ProcessBatch(lectures_batches/aaaaaf.batch) [including 6ms in LoadMessage; 12ms in InitializeSparseNdw; 0ms in FindReuseThetaCacheEntry; 0ms in InitializeTheta; 0ms in CreateRegularizerAgents; 81ms in InferThetaAndUpdateNwtSparse; 0ms in UpdateCacheEntry; 70ms in CalculateScore(^^^ItemsProcessedScore^^^); ]
I0326 13:37:22.041599 81354 processor.cc:740] No data in processing queue, waiting...
I0326 13:37:22.054934 81355 processor.cc:925] Processor: complete processing batch 69eefd3f-f18f-4d3f-8218-cbb64963e6e2 into model nwt
I0326 13:37:22.057931 81355 cuckoo_watch.h:45] 216ms in ProcessBatch(lectures_batches/aaaaae.batch) [including 7ms in LoadMessage; 15ms in InitializeSparseNdw; 0ms in FindReuseThetaCacheEntry; 0ms in InitializeTheta; 0ms in CreateRegularizerAgents; 100ms in InferThetaAndUpdateNwtSparse; 0ms in UpdateCacheEntry; 89ms in CalculateScore(^^^ItemsProcessedScore^^^); ]
I0326 13:37:22.058856 81170 master_component.cc:1436] RegularizeModelArgs: rwt_target_name=rwt, pwt_source_name=pwt, nwt_source_name=nwt
I0326 13:37:22.058864 81170 master_component.cc:976] MasterComponent: start regularizing model pwt
I0326 13:37:22.078666 81355 processor.cc:740] No data in processing queue, waiting...
I0326 13:37:22.175738 81170 master_component.cc:1002] MasterComponent: complete regularizing model pwt
I0326 13:37:22.175761 81170 master_component.cc:1449] NormalizeModelArgs: pwt_target_name=pwt, nwt_source_name=nwt, rwt_source_name=rwt
I0326 13:37:22.175765 81170 master_component.cc:1006] MasterComponent: start normalizing model nwt
I0326 13:37:22.245383 81170 master_component.cc:1034] MasterComponent: complete normalizing model nwt
I0326 13:37:22.338606 81170 master_component.cc:1473] DisposeModel rwt
I0326 13:37:22.346452 81170 master_component.cc:1059] FitOffline: ItemsProcessed, num_items=1728, num_batches=7, token_weight=808522, token_weight_in_effect=808522
I0326 13:37:22.346995 81170 c_interface.cc:389] Pass FitOfflineMasterModelArgs, batch_filename_size=7, batch_weight_size=7, num_collection_passes=1, reset_nwt=yes to MN4artm4core15MasterComponentEFvRKNS_25FitOfflineMasterModelArgsEE
I0326 13:37:22.347283 81170 master_component.cc:1398] ProcessBatchesArgs: nwt_target_name=nwt, batch_filename_size=7, batch_size=0, batch_weight_size=7, pwt_source_name=pwt, num_document_passes=1, regularizer=(name:1:urn:uuid:38ab38e4-8e1f-11eb-a755-29d44eeb5885, tau:100000), class=(text:1), class=(author:1), reuse_theta=yes, opt_for_avx=yes, predict_class_id=, reset_nwt=yes
I0326 13:37:22.360890 81355 processor.cc:747] Processing queue has data, processing started
I0326 13:37:22.361622 81354 processor.cc:747] Processing queue has data, processing started
I0326 13:37:22.365092 81354 processor.cc:820] Processor: start processing batch 55aeb0cb-09d2-4657-9250-e120b86555f9 into model nwt
I0326 13:37:22.365360 81355 processor.cc:820] Processor: start processing batch fbbb13ed-a61c-4101-b241-d8227ae782f9 into model nwt
I0326 13:37:22.407634 81355 processor.cc:925] Processor: complete processing batch fbbb13ed-a61c-4101-b241-d8227ae782f9 into model nwt
I0326 13:37:22.408741 81355 cuckoo_watch.h:45] 47ms in ProcessBatch(lectures_batches/aaaaab.batch) [including 4ms in LoadMessage; 2ms in InitializeSparseNdw; 0ms in FindReuseThetaCacheEntry; 0ms in InitializeTheta; 0ms in CreateRegularizerAgents; 21ms in InferThetaAndUpdateNwtSparse; 0ms in UpdateCacheEntry; 17ms in CalculateScore(^^^ItemsProcessedScore^^^); ]
I0326 13:37:22.410753 81355 processor.cc:820] Processor: start processing batch f40c0809-c8bb-467b-8150-88cc715685f0 into model nwt
I0326 13:37:22.428200 81354 processor.cc:925] Processor: complete processing batch 55aeb0cb-09d2-4657-9250-e120b86555f9 into model nwt
I0326 13:37:22.429895 81354 cuckoo_watch.h:45] 68ms in ProcessBatch(lectures_batches/aaaaag.batch) [including 3ms in LoadMessage; 4ms in InitializeSparseNdw; 0ms in FindReuseThetaCacheEntry; 0ms in InitializeTheta; 0ms in CreateRegularizerAgents; 31ms in InferThetaAndUpdateNwtSparse; 0ms in UpdateCacheEntry; 26ms in CalculateScore(^^^ItemsProcessedScore^^^); ]
I0326 13:37:22.434275 81354 processor.cc:820] Processor: start processing batch b5031424-2399-4969-956f-93a9e2c1cd32 into model nwt
I0326 13:37:22.447829 81355 processor.cc:925] Processor: complete processing batch f40c0809-c8bb-467b-8150-88cc715685f0 into model nwt
I0326 13:37:22.448966 81355 cuckoo_watch.h:45] 40ms in ProcessBatch(lectures_batches/aaaaaa.batch) [including 1ms in LoadMessage; 2ms in InitializeSparseNdw; 0ms in FindReuseThetaCacheEntry; 0ms in InitializeTheta; 0ms in CreateRegularizerAgents; 21ms in InferThetaAndUpdateNwtSparse; 0ms in UpdateCacheEntry; 12ms in CalculateScore(^^^ItemsProcessedScore^^^); ]
I0326 13:37:22.452431 81355 processor.cc:820] Processor: start processing batch de2957f0-37c0-4389-a944-52b9a03d520a into model nwt
I0326 13:37:22.508400 81354 processor.cc:925] Processor: complete processing batch b5031424-2399-4969-956f-93a9e2c1cd32 into model nwt
I0326 13:37:22.509850 81354 cuckoo_watch.h:45] 79ms in ProcessBatch(lectures_batches/aaaaad.batch) [including 4ms in LoadMessage; 5ms in InitializeSparseNdw; 0ms in FindReuseThetaCacheEntry; 0ms in InitializeTheta; 0ms in CreateRegularizerAgents; 37ms in InferThetaAndUpdateNwtSparse; 0ms in UpdateCacheEntry; 30ms in CalculateScore(^^^ItemsProcessedScore^^^); ]
I0326 13:37:22.518244 81354 processor.cc:820] Processor: start processing batch 69eefd3f-f18f-4d3f-8218-cbb64963e6e2 into model nwt
I0326 13:37:22.520200 81355 processor.cc:925] Processor: complete processing batch de2957f0-37c0-4389-a944-52b9a03d520a into model nwt
I0326 13:37:22.521728 81355 cuckoo_watch.h:45] 72ms in ProcessBatch(lectures_batches/aaaaac.batch) [including 3ms in LoadMessage; 4ms in InitializeSparseNdw; 0ms in FindReuseThetaCacheEntry; 0ms in InitializeTheta; 0ms in CreateRegularizerAgents; 34ms in InferThetaAndUpdateNwtSparse; 0ms in UpdateCacheEntry; 27ms in CalculateScore(^^^ItemsProcessedScore^^^); ]
I0326 13:37:22.528102 81355 processor.cc:820] Processor: start processing batch c53d3d03-724b-4347-8b1d-36ae6bfa0655 into model nwt
I0326 13:37:22.700757 81355 processor.cc:925] Processor: complete processing batch c53d3d03-724b-4347-8b1d-36ae6bfa0655 into model nwt
I0326 13:37:22.703536 81355 cuckoo_watch.h:45] 181ms in ProcessBatch(lectures_batches/aaaaaf.batch) [including 6ms in LoadMessage; 15ms in InitializeSparseNdw; 0ms in FindReuseThetaCacheEntry; 0ms in InitializeTheta; 0ms in CreateRegularizerAgents; 82ms in InferThetaAndUpdateNwtSparse; 0ms in UpdateCacheEntry; 74ms in CalculateScore(^^^ItemsProcessedScore^^^); ]
I0326 13:37:22.724007 81355 processor.cc:740] No data in processing queue, waiting...
I0326 13:37:22.727082 81354 processor.cc:925] Processor: complete processing batch 69eefd3f-f18f-4d3f-8218-cbb64963e6e2 into model nwt
I0326 13:37:22.730237 81354 cuckoo_watch.h:45] 220ms in ProcessBatch(lectures_batches/aaaaae.batch) [including 8ms in LoadMessage; 18ms in InitializeSparseNdw; 0ms in FindReuseThetaCacheEntry; 0ms in InitializeTheta; 0ms in CreateRegularizerAgents; 98ms in InferThetaAndUpdateNwtSparse; 0ms in UpdateCacheEntry; 91ms in CalculateScore(^^^ItemsProcessedScore^^^); ]
I0326 13:37:22.730654 81170 master_component.cc:1436] RegularizeModelArgs: rwt_target_name=rwt, pwt_source_name=pwt, nwt_source_name=nwt
I0326 13:37:22.730667 81170 master_component.cc:976] MasterComponent: start regularizing model pwt
I0326 13:37:22.750767 81354 processor.cc:740] No data in processing queue, waiting...
I0326 13:37:22.857780 81170 master_component.cc:1002] MasterComponent: complete regularizing model pwt
I0326 13:37:22.857805 81170 master_component.cc:1449] NormalizeModelArgs: pwt_target_name=pwt, nwt_source_name=nwt, rwt_source_name=rwt
I0326 13:37:22.857808 81170 master_component.cc:1006] MasterComponent: start normalizing model nwt
I0326 13:37:22.926952 81170 master_component.cc:1034] MasterComponent: complete normalizing model nwt
I0326 13:37:23.045581 81170 master_component.cc:1473] DisposeModel rwt
I0326 13:37:23.055929 81170 master_component.cc:1059] FitOffline: ItemsProcessed, num_items=1728, num_batches=7, token_weight=808522, token_weight_in_effect=808522
I0326 13:37:23.056565 81170 c_interface.cc:389] Pass FitOfflineMasterModelArgs, batch_filename_size=7, batch_weight_size=7, num_collection_passes=1, reset_nwt=yes to MN4artm4core15MasterComponentEFvRKNS_25FitOfflineMasterModelArgsEE
I0326 13:37:23.056912 81170 master_component.cc:1398] ProcessBatchesArgs: nwt_target_name=nwt, batch_filename_size=7, batch_size=0, batch_weight_size=7, pwt_source_name=pwt, num_document_passes=1, regularizer=(name:1:urn:uuid:38ab38e4-8e1f-11eb-a755-29d44eeb5885, tau:100000), class=(text:1), class=(author:1), reuse_theta=yes, opt_for_avx=yes, predict_class_id=, reset_nwt=yes
I0326 13:37:23.072582 81354 processor.cc:747] Processing queue has data, processing started
I0326 13:37:23.073134 81355 processor.cc:747] Processing queue has data, processing started
I0326 13:37:23.076481 81355 processor.cc:820] Processor: start processing batch 55aeb0cb-09d2-4657-9250-e120b86555f9 into model nwt
I0326 13:37:23.076828 81354 processor.cc:820] Processor: start processing batch fbbb13ed-a61c-4101-b241-d8227ae782f9 into model nwt
I0326 13:37:23.123337 81354 processor.cc:925] Processor: complete processing batch fbbb13ed-a61c-4101-b241-d8227ae782f9 into model nwt
I0326 13:37:23.124492 81354 cuckoo_watch.h:45] 51ms in ProcessBatch(lectures_batches/aaaaab.batch) [including 4ms in LoadMessage; 3ms in InitializeSparseNdw; 0ms in FindReuseThetaCacheEntry; 0ms in InitializeTheta; 0ms in CreateRegularizerAgents; 25ms in InferThetaAndUpdateNwtSparse; 0ms in UpdateCacheEntry; 17ms in CalculateScore(^^^ItemsProcessedScore^^^); ]
I0326 13:37:23.126616 81354 processor.cc:820] Processor: start processing batch f40c0809-c8bb-467b-8150-88cc715685f0 into model nwt
I0326 13:37:23.145812 81355 processor.cc:925] Processor: complete processing batch 55aeb0cb-09d2-4657-9250-e120b86555f9 into model nwt
I0326 13:37:23.147737 81355 cuckoo_watch.h:45] 74ms in ProcessBatch(lectures_batches/aaaaag.batch) [including 3ms in LoadMessage; 5ms in InitializeSparseNdw; 0ms in FindReuseThetaCacheEntry; 0ms in InitializeTheta; 0ms in CreateRegularizerAgents; 37ms in InferThetaAndUpdateNwtSparse; 0ms in UpdateCacheEntry; 26ms in CalculateScore(^^^ItemsProcessedScore^^^); ]
I0326 13:37:23.151541 81355 processor.cc:820] Processor: start processing batch b5031424-2399-4969-956f-93a9e2c1cd32 into model nwt
I0326 13:37:23.161978 81354 processor.cc:925] Processor: complete processing batch f40c0809-c8bb-467b-8150-88cc715685f0 into model nwt
I0326 13:37:23.162940 81354 cuckoo_watch.h:45] 38ms in ProcessBatch(lectures_batches/aaaaaa.batch) [including 2ms in LoadMessage; 2ms in InitializeSparseNdw; 0ms in FindReuseThetaCacheEntry; 0ms in InitializeTheta; 0ms in CreateRegularizerAgents; 20ms in InferThetaAndUpdateNwtSparse; 0ms in UpdateCacheEntry; 12ms in CalculateScore(^^^ItemsProcessedScore^^^); ]
I0326 13:37:23.166577 81354 processor.cc:820] Processor: start processing batch de2957f0-37c0-4389-a944-52b9a03d520a into model nwt
I0326 13:37:23.227509 81355 processor.cc:925] Processor: complete processing batch b5031424-2399-4969-956f-93a9e2c1cd32 into model nwt
I0326 13:37:23.229351 81355 cuckoo_watch.h:45] 81ms in ProcessBatch(lectures_batches/aaaaad.batch) [including 3ms in LoadMessage; 5ms in InitializeSparseNdw; 0ms in FindReuseThetaCacheEntry; 0ms in InitializeTheta; 0ms in CreateRegularizerAgents; 38ms in InferThetaAndUpdateNwtSparse; 0ms in UpdateCacheEntry; 31ms in CalculateScore(^^^ItemsProcessedScore^^^); ]
I0326 13:37:23.238731 81355 processor.cc:820] Processor: start processing batch 69eefd3f-f18f-4d3f-8218-cbb64963e6e2 into model nwt
I0326 13:37:23.239265 81354 processor.cc:925] Processor: complete processing batch de2957f0-37c0-4389-a944-52b9a03d520a into model nwt
I0326 13:37:23.240710 81354 cuckoo_watch.h:45] 77ms in ProcessBatch(lectures_batches/aaaaac.batch) [including 3ms in LoadMessage; 4ms in InitializeSparseNdw; 0ms in FindReuseThetaCacheEntry; 0ms in InitializeTheta; 0ms in CreateRegularizerAgents; 37ms in InferThetaAndUpdateNwtSparse; 0ms in UpdateCacheEntry; 29ms in CalculateScore(^^^ItemsProcessedScore^^^); ]
I0326 13:37:23.247720 81354 processor.cc:820] Processor: start processing batch c53d3d03-724b-4347-8b1d-36ae6bfa0655 into model nwt
I0326 13:37:23.419963 81354 processor.cc:925] Processor: complete processing batch c53d3d03-724b-4347-8b1d-36ae6bfa0655 into model nwt
I0326 13:37:23.422370 81354 cuckoo_watch.h:45] 181ms in ProcessBatch(lectures_batches/aaaaaf.batch) [including 6ms in LoadMessage; 14ms in InitializeSparseNdw; 0ms in FindReuseThetaCacheEntry; 0ms in InitializeTheta; 0ms in CreateRegularizerAgents; 88ms in InferThetaAndUpdateNwtSparse; 0ms in UpdateCacheEntry; 69ms in CalculateScore(^^^ItemsProcessedScore^^^); ]
I0326 13:37:23.443177 81354 processor.cc:740] No data in processing queue, waiting...
I0326 13:37:23.448238 81355 processor.cc:925] Processor: complete processing batch 69eefd3f-f18f-4d3f-8218-cbb64963e6e2 into model nwt
I0326 13:37:23.451184 81355 cuckoo_watch.h:45] 221ms in ProcessBatch(lectures_batches/aaaaae.batch) [including 9ms in LoadMessage; 18ms in InitializeSparseNdw; 0ms in FindReuseThetaCacheEntry; 0ms in InitializeTheta; 0ms in CreateRegularizerAgents; 104ms in InferThetaAndUpdateNwtSparse; 0ms in UpdateCacheEntry; 86ms in CalculateScore(^^^ItemsProcessedScore^^^); ]
I0326 13:37:23.451674 81170 master_component.cc:1436] RegularizeModelArgs: rwt_target_name=rwt, pwt_source_name=pwt, nwt_source_name=nwt
I0326 13:37:23.451683 81170 master_component.cc:976] MasterComponent: start regularizing model pwt
I0326 13:37:23.471792 81355 processor.cc:740] No data in processing queue, waiting...
I0326 13:37:23.550216 81170 master_component.cc:1002] MasterComponent: complete regularizing model pwt
I0326 13:37:23.550236 81170 master_component.cc:1449] NormalizeModelArgs: pwt_target_name=pwt, nwt_source_name=nwt, rwt_source_name=rwt
I0326 13:37:23.550240 81170 master_component.cc:1006] MasterComponent: start normalizing model nwt
I0326 13:37:23.615716 81170 master_component.cc:1034] MasterComponent: complete normalizing model nwt
I0326 13:37:23.713696 81170 master_component.cc:1473] DisposeModel rwt
I0326 13:37:23.721959 81170 master_component.cc:1059] FitOffline: ItemsProcessed, num_items=1728, num_batches=7, token_weight=808522, token_weight_in_effect=808522
