I0326 14:00:02.334782 82662 cuckoo_watch.h:45] 103ms in ProcessBatch(lectures_batches/aaaaad.batch) [including 5ms in LoadMessage; 7ms in InitializeSparseNdw; 0ms in FindReuseThetaCacheEntry; 0ms in InitializeTheta; 0ms in CreateRegularizerAgents; 48ms in InferThetaAndUpdateNwtSparse; 0ms in UpdateCacheEntry; 38ms in CalculateScore(^^^ItemsProcessedScore^^^); ]
I0326 14:00:02.341679 82663 processor.cc:925] Processor: complete processing batch 13c902cf-6d99-4932-8a1f-c6d0934165dc into model nwt
I0326 14:00:02.344769 82663 cuckoo_watch.h:45] 92ms in ProcessBatch(lectures_batches/aaaaac.batch) [including 4ms in LoadMessage; 6ms in InitializeSparseNdw; 0ms in FindReuseThetaCacheEntry; 0ms in InitializeTheta; 0ms in CreateRegularizerAgents; 42ms in InferThetaAndUpdateNwtSparse; 0ms in UpdateCacheEntry; 34ms in CalculateScore(^^^ItemsProcessedScore^^^); ]
I0326 14:00:02.344947 82662 processor.cc:820] Processor: start processing batch b31d937c-fdfa-4e81-905b-916e11ab469b into model nwt
I0326 14:00:02.353438 82663 processor.cc:820] Processor: start processing batch ff63d635-8c20-4782-801d-81bcc99647a8 into model nwt
I0326 14:00:02.548125 82663 processor.cc:925] Processor: complete processing batch ff63d635-8c20-4782-801d-81bcc99647a8 into model nwt
I0326 14:00:02.551357 82663 cuckoo_watch.h:45] 206ms in ProcessBatch(lectures_batches/aaaaaf.batch) [including 8ms in LoadMessage; 15ms in InitializeSparseNdw; 0ms in FindReuseThetaCacheEntry; 0ms in InitializeTheta; 0ms in CreateRegularizerAgents; 100ms in InferThetaAndUpdateNwtSparse; 0ms in UpdateCacheEntry; 78ms in CalculateScore(^^^ItemsProcessedScore^^^); ]
I0326 14:00:02.572688 82663 processor.cc:740] No data in processing queue, waiting...
I0326 14:00:02.574046 82662 processor.cc:925] Processor: complete processing batch b31d937c-fdfa-4e81-905b-916e11ab469b into model nwt
I0326 14:00:02.578950 81170 master_component.cc:1436] RegularizeModelArgs: rwt_target_name=rwt, pwt_source_name=pwt, nwt_source_name=nwt
I0326 14:00:02.578965 81170 master_component.cc:976] MasterComponent: start regularizing model pwt
I0326 14:00:02.578974 82662 cuckoo_watch.h:45] 243ms in ProcessBatch(lectures_batches/aaaaae.batch) [including 10ms in LoadMessage; 20ms in InitializeSparseNdw; 0ms in FindReuseThetaCacheEntry; 0ms in InitializeTheta; 0ms in CreateRegularizerAgents; 117ms in InferThetaAndUpdateNwtSparse; 0ms in UpdateCacheEntry; 90ms in CalculateScore(^^^ItemsProcessedScore^^^); ]
I0326 14:00:02.599690 82662 processor.cc:740] No data in processing queue, waiting...
I0326 14:00:02.694284 81170 master_component.cc:1002] MasterComponent: complete regularizing model pwt
I0326 14:00:02.694308 81170 master_component.cc:1449] NormalizeModelArgs: pwt_target_name=pwt, nwt_source_name=nwt, rwt_source_name=rwt
I0326 14:00:02.694310 81170 master_component.cc:1006] MasterComponent: start normalizing model nwt
I0326 14:00:02.779237 81170 master_component.cc:1034] MasterComponent: complete normalizing model nwt
I0326 14:00:02.873782 81170 master_component.cc:1473] DisposeModel rwt
I0326 14:00:02.884289 81170 master_component.cc:1059] FitOffline: ItemsProcessed, num_items=1728, num_batches=7, token_weight=808522, token_weight_in_effect=808522
I0326 14:00:02.885097 81170 c_interface.cc:389] Pass FitOfflineMasterModelArgs, batch_filename_size=7, batch_weight_size=7, num_collection_passes=1, reset_nwt=yes to MN4artm4core15MasterComponentEFvRKNS_25FitOfflineMasterModelArgsEE
I0326 14:00:02.885701 81170 master_component.cc:1398] ProcessBatchesArgs: nwt_target_name=nwt, batch_filename_size=7, batch_size=0, batch_weight_size=7, pwt_source_name=pwt, num_document_passes=1, regularizer=(name:1:urn:uuid:5c9d374a-8e22-11eb-a755-29d44eeb5885, tau:100000), class=(text:1), class=(author:1), reuse_theta=yes, opt_for_avx=yes, predict_class_id=, reset_nwt=yes
I0326 14:00:02.902621 82662 processor.cc:747] Processing queue has data, processing started
I0326 14:00:02.903384 82663 processor.cc:747] Processing queue has data, processing started
I0326 14:00:02.905943 82662 processor.cc:820] Processor: start processing batch 925001f0-0962-4bd5-94d3-9f80db2b01ee into model nwt
I0326 14:00:02.908519 82663 processor.cc:820] Processor: start processing batch 3ddbd1c8-65ff-4c89-8026-1a8c9eac2ba4 into model nwt
I0326 14:00:02.954030 82662 processor.cc:925] Processor: complete processing batch 925001f0-0962-4bd5-94d3-9f80db2b01ee into model nwt
I0326 14:00:02.955787 82662 cuckoo_watch.h:45] 53ms in ProcessBatch(lectures_batches/aaaaab.batch) [including 3ms in LoadMessage; 3ms in InitializeSparseNdw; 0ms in FindReuseThetaCacheEntry; 0ms in InitializeTheta; 0ms in CreateRegularizerAgents; 27ms in InferThetaAndUpdateNwtSparse; 0ms in UpdateCacheEntry; 17ms in CalculateScore(^^^ItemsProcessedScore^^^); ]
I0326 14:00:02.958214 82662 processor.cc:820] Processor: start processing batch 749c72ea-4073-4a1e-abc8-276d7dc6135c into model nwt
I0326 14:00:02.977221 82663 processor.cc:925] Processor: complete processing batch 3ddbd1c8-65ff-4c89-8026-1a8c9eac2ba4 into model nwt
I0326 14:00:02.979197 82663 cuckoo_watch.h:45] 75ms in ProcessBatch(lectures_batches/aaaaag.batch) [including 5ms in LoadMessage; 5ms in InitializeSparseNdw; 0ms in FindReuseThetaCacheEntry; 0ms in InitializeTheta; 0ms in CreateRegularizerAgents; 36ms in InferThetaAndUpdateNwtSparse; 0ms in UpdateCacheEntry; 26ms in CalculateScore(^^^ItemsProcessedScore^^^); ]
I0326 14:00:02.982936 82663 processor.cc:820] Processor: start processing batch 7c2eb262-1c8d-4f98-8668-642910073ee6 into model nwt
I0326 14:00:02.995195 82662 processor.cc:925] Processor: complete processing batch 749c72ea-4073-4a1e-abc8-276d7dc6135c into model nwt
I0326 14:00:02.996572 82662 cuckoo_watch.h:45] 40ms in ProcessBatch(lectures_batches/aaaaaa.batch) [including 2ms in LoadMessage; 2ms in InitializeSparseNdw; 0ms in FindReuseThetaCacheEntry; 0ms in InitializeTheta; 0ms in CreateRegularizerAgents; 20ms in InferThetaAndUpdateNwtSparse; 0ms in UpdateCacheEntry; 13ms in CalculateScore(^^^ItemsProcessedScore^^^); ]
I0326 14:00:03.000018 82662 processor.cc:820] Processor: start processing batch 13c902cf-6d99-4932-8a1f-c6d0934165dc into model nwt
I0326 14:00:03.054780 82663 processor.cc:925] Processor: complete processing batch 7c2eb262-1c8d-4f98-8668-642910073ee6 into model nwt
I0326 14:00:03.056807 82663 cuckoo_watch.h:45] 77ms in ProcessBatch(lectures_batches/aaaaad.batch) [including 3ms in LoadMessage; 5ms in InitializeSparseNdw; 0ms in FindReuseThetaCacheEntry; 0ms in InitializeTheta; 0ms in CreateRegularizerAgents; 38ms in InferThetaAndUpdateNwtSparse; 0ms in UpdateCacheEntry; 28ms in CalculateScore(^^^ItemsProcessedScore^^^); ]
I0326 14:00:03.064951 82663 processor.cc:820] Processor: start processing batch b31d937c-fdfa-4e81-905b-916e11ab469b into model nwt
I0326 14:00:03.065726 82662 processor.cc:925] Processor: complete processing batch 13c902cf-6d99-4932-8a1f-c6d0934165dc into model nwt
I0326 14:00:03.067706 82662 cuckoo_watch.h:45] 71ms in ProcessBatch(lectures_batches/aaaaac.batch) [including 3ms in LoadMessage; 4ms in InitializeSparseNdw; 0ms in FindReuseThetaCacheEntry; 0ms in InitializeTheta; 0ms in CreateRegularizerAgents; 35ms in InferThetaAndUpdateNwtSparse; 0ms in UpdateCacheEntry; 25ms in CalculateScore(^^^ItemsProcessedScore^^^); ]
I0326 14:00:03.074414 82662 processor.cc:820] Processor: start processing batch ff63d635-8c20-4782-801d-81bcc99647a8 into model nwt
I0326 14:00:03.232003 82662 processor.cc:925] Processor: complete processing batch ff63d635-8c20-4782-801d-81bcc99647a8 into model nwt
I0326 14:00:03.235437 82662 cuckoo_watch.h:45] 167ms in ProcessBatch(lectures_batches/aaaaaf.batch) [including 6ms in LoadMessage; 12ms in InitializeSparseNdw; 0ms in FindReuseThetaCacheEntry; 0ms in InitializeTheta; 0ms in CreateRegularizerAgents; 80ms in InferThetaAndUpdateNwtSparse; 0ms in UpdateCacheEntry; 64ms in CalculateScore(^^^ItemsProcessedScore^^^); ]
I0326 14:00:03.256330 82662 processor.cc:740] No data in processing queue, waiting...
I0326 14:00:03.256660 82663 processor.cc:925] Processor: complete processing batch b31d937c-fdfa-4e81-905b-916e11ab469b into model nwt
I0326 14:00:03.260226 82663 cuckoo_watch.h:45] 203ms in ProcessBatch(lectures_batches/aaaaae.batch) [including 8ms in LoadMessage; 16ms in InitializeSparseNdw; 0ms in FindReuseThetaCacheEntry; 0ms in InitializeTheta; 0ms in CreateRegularizerAgents; 97ms in InferThetaAndUpdateNwtSparse; 0ms in UpdateCacheEntry; 77ms in CalculateScore(^^^ItemsProcessedScore^^^); ]
I0326 14:00:03.260886 81170 master_component.cc:1436] RegularizeModelArgs: rwt_target_name=rwt, pwt_source_name=pwt, nwt_source_name=nwt
I0326 14:00:03.260896 81170 master_component.cc:976] MasterComponent: start regularizing model pwt
I0326 14:00:03.280478 82663 processor.cc:740] No data in processing queue, waiting...
I0326 14:00:03.371939 81170 master_component.cc:1002] MasterComponent: complete regularizing model pwt
I0326 14:00:03.371961 81170 master_component.cc:1449] NormalizeModelArgs: pwt_target_name=pwt, nwt_source_name=nwt, rwt_source_name=rwt
I0326 14:00:03.371964 81170 master_component.cc:1006] MasterComponent: start normalizing model nwt
I0326 14:00:03.456770 81170 master_component.cc:1034] MasterComponent: complete normalizing model nwt
I0326 14:00:03.552807 81170 master_component.cc:1473] DisposeModel rwt
I0326 14:00:03.566490 81170 master_component.cc:1059] FitOffline: ItemsProcessed, num_items=1728, num_batches=7, token_weight=808522, token_weight_in_effect=808522
I0326 14:00:03.567448 81170 c_interface.cc:389] Pass FitOfflineMasterModelArgs, batch_filename_size=7, batch_weight_size=7, num_collection_passes=1, reset_nwt=yes to MN4artm4core15MasterComponentEFvRKNS_25FitOfflineMasterModelArgsEE
I0326 14:00:03.568171 81170 master_component.cc:1398] ProcessBatchesArgs: nwt_target_name=nwt, batch_filename_size=7, batch_size=0, batch_weight_size=7, pwt_source_name=pwt, num_document_passes=1, regularizer=(name:1:urn:uuid:5c9d374a-8e22-11eb-a755-29d44eeb5885, tau:100000), class=(text:1), class=(author:1), reuse_theta=yes, opt_for_avx=yes, predict_class_id=, reset_nwt=yes
I0326 14:00:03.586710 82662 processor.cc:747] Processing queue has data, processing started
I0326 14:00:03.587929 82663 processor.cc:747] Processing queue has data, processing started
I0326 14:00:03.590517 82662 processor.cc:820] Processor: start processing batch 925001f0-0962-4bd5-94d3-9f80db2b01ee into model nwt
I0326 14:00:03.593012 82663 processor.cc:820] Processor: start processing batch 3ddbd1c8-65ff-4c89-8026-1a8c9eac2ba4 into model nwt
I0326 14:00:03.643479 82662 processor.cc:925] Processor: complete processing batch 925001f0-0962-4bd5-94d3-9f80db2b01ee into model nwt
I0326 14:00:03.645215 82662 cuckoo_watch.h:45] 58ms in ProcessBatch(lectures_batches/aaaaab.batch) [including 3ms in LoadMessage; 3ms in InitializeSparseNdw; 0ms in FindReuseThetaCacheEntry; 0ms in InitializeTheta; 0ms in CreateRegularizerAgents; 29ms in InferThetaAndUpdateNwtSparse; 0ms in UpdateCacheEntry; 19ms in CalculateScore(^^^ItemsProcessedScore^^^); ]
I0326 14:00:03.647713 82662 processor.cc:820] Processor: start processing batch 749c72ea-4073-4a1e-abc8-276d7dc6135c into model nwt
I0326 14:00:03.666406 82663 processor.cc:925] Processor: complete processing batch 3ddbd1c8-65ff-4c89-8026-1a8c9eac2ba4 into model nwt
I0326 14:00:03.668437 82663 cuckoo_watch.h:45] 80ms in ProcessBatch(lectures_batches/aaaaag.batch) [including 5ms in LoadMessage; 5ms in InitializeSparseNdw; 0ms in FindReuseThetaCacheEntry; 0ms in InitializeTheta; 0ms in CreateRegularizerAgents; 40ms in InferThetaAndUpdateNwtSparse; 0ms in UpdateCacheEntry; 27ms in CalculateScore(^^^ItemsProcessedScore^^^); ]
I0326 14:00:03.672199 82663 processor.cc:820] Processor: start processing batch 7c2eb262-1c8d-4f98-8668-642910073ee6 into model nwt
I0326 14:00:03.684695 82662 processor.cc:925] Processor: complete processing batch 749c72ea-4073-4a1e-abc8-276d7dc6135c into model nwt
I0326 14:00:03.686015 82662 cuckoo_watch.h:45] 40ms in ProcessBatch(lectures_batches/aaaaaa.batch) [including 2ms in LoadMessage; 2ms in InitializeSparseNdw; 0ms in FindReuseThetaCacheEntry; 0ms in InitializeTheta; 0ms in CreateRegularizerAgents; 20ms in InferThetaAndUpdateNwtSparse; 0ms in UpdateCacheEntry; 13ms in CalculateScore(^^^ItemsProcessedScore^^^); ]
I0326 14:00:03.689606 82662 processor.cc:820] Processor: start processing batch 13c902cf-6d99-4932-8a1f-c6d0934165dc into model nwt
I0326 14:00:03.743750 82663 processor.cc:925] Processor: complete processing batch 7c2eb262-1c8d-4f98-8668-642910073ee6 into model nwt
I0326 14:00:03.746066 82663 cuckoo_watch.h:45] 77ms in ProcessBatch(lectures_batches/aaaaad.batch) [including 3ms in LoadMessage; 5ms in InitializeSparseNdw; 0ms in FindReuseThetaCacheEntry; 0ms in InitializeTheta; 0ms in CreateRegularizerAgents; 38ms in InferThetaAndUpdateNwtSparse; 0ms in UpdateCacheEntry; 27ms in CalculateScore(^^^ItemsProcessedScore^^^); ]
I0326 14:00:03.754442 82662 processor.cc:925] Processor: complete processing batch 13c902cf-6d99-4932-8a1f-c6d0934165dc into model nwt
I0326 14:00:03.754972 82663 processor.cc:820] Processor: start processing batch b31d937c-fdfa-4e81-905b-916e11ab469b into model nwt
I0326 14:00:03.756559 82662 cuckoo_watch.h:45] 70ms in ProcessBatch(lectures_batches/aaaaac.batch) [including 3ms in LoadMessage; 4ms in InitializeSparseNdw; 0ms in FindReuseThetaCacheEntry; 0ms in InitializeTheta; 0ms in CreateRegularizerAgents; 35ms in InferThetaAndUpdateNwtSparse; 0ms in UpdateCacheEntry; 24ms in CalculateScore(^^^ItemsProcessedScore^^^); ]
I0326 14:00:03.763844 82662 processor.cc:820] Processor: start processing batch ff63d635-8c20-4782-801d-81bcc99647a8 into model nwt
I0326 14:00:03.929042 82662 processor.cc:925] Processor: complete processing batch ff63d635-8c20-4782-801d-81bcc99647a8 into model nwt
I0326 14:00:03.933135 82662 cuckoo_watch.h:45] 176ms in ProcessBatch(lectures_batches/aaaaaf.batch) [including 7ms in LoadMessage; 14ms in InitializeSparseNdw; 0ms in FindReuseThetaCacheEntry; 0ms in InitializeTheta; 0ms in CreateRegularizerAgents; 81ms in InferThetaAndUpdateNwtSparse; 0ms in UpdateCacheEntry; 67ms in CalculateScore(^^^ItemsProcessedScore^^^); ]
I0326 14:00:03.954526 82662 processor.cc:740] No data in processing queue, waiting...
I0326 14:00:03.961678 82663 processor.cc:925] Processor: complete processing batch b31d937c-fdfa-4e81-905b-916e11ab469b into model nwt
I0326 14:00:03.965189 82663 cuckoo_watch.h:45] 218ms in ProcessBatch(lectures_batches/aaaaae.batch) [including 8ms in LoadMessage; 19ms in InitializeSparseNdw; 0ms in FindReuseThetaCacheEntry; 0ms in InitializeTheta; 0ms in CreateRegularizerAgents; 100ms in InferThetaAndUpdateNwtSparse; 0ms in UpdateCacheEntry; 85ms in CalculateScore(^^^ItemsProcessedScore^^^); ]
I0326 14:00:03.966166 81170 master_component.cc:1436] RegularizeModelArgs: rwt_target_name=rwt, pwt_source_name=pwt, nwt_source_name=nwt
I0326 14:00:03.966176 81170 master_component.cc:976] MasterComponent: start regularizing model pwt
I0326 14:00:03.985352 82663 processor.cc:740] No data in processing queue, waiting...
I0326 14:00:04.077383 81170 master_component.cc:1002] MasterComponent: complete regularizing model pwt
I0326 14:00:04.077405 81170 master_component.cc:1449] NormalizeModelArgs: pwt_target_name=pwt, nwt_source_name=nwt, rwt_source_name=rwt
I0326 14:00:04.077431 81170 master_component.cc:1006] MasterComponent: start normalizing model nwt
I0326 14:00:04.161391 81170 master_component.cc:1034] MasterComponent: complete normalizing model nwt
I0326 14:00:04.254966 81170 master_component.cc:1473] DisposeModel rwt
I0326 14:00:04.265666 81170 master_component.cc:1059] FitOffline: ItemsProcessed, num_items=1728, num_batches=7, token_weight=808522, token_weight_in_effect=808522
I0326 14:00:04.266670 81170 c_interface.cc:389] Pass FitOfflineMasterModelArgs, batch_filename_size=7, batch_weight_size=7, num_collection_passes=1, reset_nwt=yes to MN4artm4core15MasterComponentEFvRKNS_25FitOfflineMasterModelArgsEE
I0326 14:00:04.267457 81170 master_component.cc:1398] ProcessBatchesArgs: nwt_target_name=nwt, batch_filename_size=7, batch_size=0, batch_weight_size=7, pwt_source_name=pwt, num_document_passes=1, regularizer=(name:1:urn:uuid:5c9d374a-8e22-11eb-a755-29d44eeb5885, tau:100000), class=(text:1), class=(author:1), reuse_theta=yes, opt_for_avx=yes, predict_class_id=, reset_nwt=yes
I0326 14:00:04.285427 82662 processor.cc:747] Processing queue has data, processing started
I0326 14:00:04.286228 82663 processor.cc:747] Processing queue has data, processing started
I0326 14:00:04.289077 82662 processor.cc:820] Processor: start processing batch 925001f0-0962-4bd5-94d3-9f80db2b01ee into model nwt
I0326 14:00:04.291807 82663 processor.cc:820] Processor: start processing batch 3ddbd1c8-65ff-4c89-8026-1a8c9eac2ba4 into model nwt
I0326 14:00:04.361755 82662 processor.cc:925] Processor: complete processing batch 925001f0-0962-4bd5-94d3-9f80db2b01ee into model nwt
I0326 14:00:04.364872 82662 cuckoo_watch.h:45] 79ms in ProcessBatch(lectures_batches/aaaaab.batch) [including 3ms in LoadMessage; 4ms in InitializeSparseNdw; 0ms in FindReuseThetaCacheEntry; 0ms in InitializeTheta; 0ms in CreateRegularizerAgents; 38ms in InferThetaAndUpdateNwtSparse; 0ms in UpdateCacheEntry; 29ms in CalculateScore(^^^ItemsProcessedScore^^^); ]
I0326 14:00:04.368815 82662 processor.cc:820] Processor: start processing batch 749c72ea-4073-4a1e-abc8-276d7dc6135c into model nwt
I0326 14:00:04.393967 82663 processor.cc:925] Processor: complete processing batch 3ddbd1c8-65ff-4c89-8026-1a8c9eac2ba4 into model nwt
I0326 14:00:04.397981 82663 cuckoo_watch.h:45] 111ms in ProcessBatch(lectures_batches/aaaaag.batch) [including 5ms in LoadMessage; 7ms in InitializeSparseNdw; 0ms in FindReuseThetaCacheEntry; 0ms in InitializeTheta; 0ms in CreateRegularizerAgents; 50ms in InferThetaAndUpdateNwtSparse; 0ms in UpdateCacheEntry; 43ms in CalculateScore(^^^ItemsProcessedScore^^^); ]
I0326 14:00:04.403502 82663 processor.cc:820] Processor: start processing batch 7c2eb262-1c8d-4f98-8668-642910073ee6 into model nwt
I0326 14:00:04.427318 82662 processor.cc:925] Processor: complete processing batch 749c72ea-4073-4a1e-abc8-276d7dc6135c into model nwt
I0326 14:00:04.429556 82662 cuckoo_watch.h:45] 64ms in ProcessBatch(lectures_batches/aaaaaa.batch) [including 3ms in LoadMessage; 4ms in InitializeSparseNdw; 0ms in FindReuseThetaCacheEntry; 0ms in InitializeTheta; 0ms in CreateRegularizerAgents; 30ms in InferThetaAndUpdateNwtSparse; 0ms in UpdateCacheEntry; 22ms in CalculateScore(^^^ItemsProcessedScore^^^); ]
I0326 14:00:04.436231 82662 processor.cc:820] Processor: start processing batch 13c902cf-6d99-4932-8a1f-c6d0934165dc into model nwt
I0326 14:00:04.511096 82663 processor.cc:925] Processor: complete processing batch 7c2eb262-1c8d-4f98-8668-642910073ee6 into model nwt
I0326 14:00:04.515357 82663 cuckoo_watch.h:45] 117ms in ProcessBatch(lectures_batches/aaaaad.batch) [including 5ms in LoadMessage; 7ms in InitializeSparseNdw; 0ms in FindReuseThetaCacheEntry; 0ms in InitializeTheta; 0ms in CreateRegularizerAgents; 54ms in InferThetaAndUpdateNwtSparse; 0ms in UpdateCacheEntry; 44ms in CalculateScore(^^^ItemsProcessedScore^^^); ]
I0326 14:00:04.528131 82663 processor.cc:820] Processor: start processing batch b31d937c-fdfa-4e81-905b-916e11ab469b into model nwt
I0326 14:00:04.536506 82662 processor.cc:925] Processor: complete processing batch 13c902cf-6d99-4932-8a1f-c6d0934165dc into model nwt
I0326 14:00:04.539626 82662 cuckoo_watch.h:45] 109ms in ProcessBatch(lectures_batches/aaaaac.batch) [including 6ms in LoadMessage; 7ms in InitializeSparseNdw; 0ms in FindReuseThetaCacheEntry; 0ms in InitializeTheta; 0ms in CreateRegularizerAgents; 51ms in InferThetaAndUpdateNwtSparse; 0ms in UpdateCacheEntry; 40ms in CalculateScore(^^^ItemsProcessedScore^^^); ]
I0326 14:00:04.550627 82662 processor.cc:820] Processor: start processing batch ff63d635-8c20-4782-801d-81bcc99647a8 into model nwt
I0326 14:00:04.781266 82662 processor.cc:925] Processor: complete processing batch ff63d635-8c20-4782-801d-81bcc99647a8 into model nwt
I0326 14:00:04.785229 82662 cuckoo_watch.h:45] 245ms in ProcessBatch(lectures_batches/aaaaaf.batch) [including 10ms in LoadMessage; 21ms in InitializeSparseNdw; 0ms in FindReuseThetaCacheEntry; 0ms in InitializeTheta; 0ms in CreateRegularizerAgents; 117ms in InferThetaAndUpdateNwtSparse; 0ms in UpdateCacheEntry; 91ms in CalculateScore(^^^ItemsProcessedScore^^^); ]
I0326 14:00:04.803045 82663 processor.cc:925] Processor: complete processing batch b31d937c-fdfa-4e81-905b-916e11ab469b into model nwt
I0326 14:00:04.805922 82662 processor.cc:740] No data in processing queue, waiting...
I0326 14:00:04.806532 82663 cuckoo_watch.h:45] 290ms in ProcessBatch(lectures_batches/aaaaae.batch) [including 12ms in LoadMessage; 26ms in InitializeSparseNdw; 0ms in FindReuseThetaCacheEntry; 0ms in InitializeTheta; 0ms in CreateRegularizerAgents; 139ms in InferThetaAndUpdateNwtSparse; 0ms in UpdateCacheEntry; 109ms in CalculateScore(^^^ItemsProcessedScore^^^); ]
I0326 14:00:04.806942 81170 master_component.cc:1436] RegularizeModelArgs: rwt_target_name=rwt, pwt_source_name=pwt, nwt_source_name=nwt
I0326 14:00:04.806957 81170 master_component.cc:976] MasterComponent: start regularizing model pwt
I0326 14:00:04.827370 82663 processor.cc:740] No data in processing queue, waiting...
I0326 14:00:04.927439 81170 master_component.cc:1002] MasterComponent: complete regularizing model pwt
I0326 14:00:04.927464 81170 master_component.cc:1449] NormalizeModelArgs: pwt_target_name=pwt, nwt_source_name=nwt, rwt_source_name=rwt
I0326 14:00:04.927466 81170 master_component.cc:1006] MasterComponent: start normalizing model nwt
I0326 14:00:05.021593 81170 master_component.cc:1034] MasterComponent: complete normalizing model nwt
I0326 14:00:05.146708 81170 master_component.cc:1473] DisposeModel rwt
I0326 14:00:05.160511 81170 master_component.cc:1059] FitOffline: ItemsProcessed, num_items=1728, num_batches=7, token_weight=808522, token_weight_in_effect=808522
I0326 14:00:05.161653 81170 c_interface.cc:389] Pass FitOfflineMasterModelArgs, batch_filename_size=7, batch_weight_size=7, num_collection_passes=1, reset_nwt=yes to MN4artm4core15MasterComponentEFvRKNS_25FitOfflineMasterModelArgsEE
I0326 14:00:05.162601 81170 master_component.cc:1398] ProcessBatchesArgs: nwt_target_name=nwt, batch_filename_size=7, batch_size=0, batch_weight_size=7, pwt_source_name=pwt, num_document_passes=1, regularizer=(name:1:urn:uuid:5c9d374a-8e22-11eb-a755-29d44eeb5885, tau:100000), class=(text:1), class=(author:1), reuse_theta=yes, opt_for_avx=yes, predict_class_id=, reset_nwt=yes
I0326 14:00:05.182972 82663 processor.cc:747] Processing queue has data, processing started
I0326 14:00:05.184409 82662 processor.cc:747] Processing queue has data, processing started
I0326 14:00:05.188037 82663 processor.cc:820] Processor: start processing batch 3ddbd1c8-65ff-4c89-8026-1a8c9eac2ba4 into model nwt
I0326 14:00:05.189083 82662 processor.cc:820] Processor: start processing batch 925001f0-0962-4bd5-94d3-9f80db2b01ee into model nwt
I0326 14:00:05.250077 82662 processor.cc:925] Processor: complete processing batch 925001f0-0962-4bd5-94d3-9f80db2b01ee into model nwt
I0326 14:00:05.252053 82662 cuckoo_watch.h:45] 67ms in ProcessBatch(lectures_batches/aaaaab.batch) [including 4ms in LoadMessage; 3ms in InitializeSparseNdw; 0ms in FindReuseThetaCacheEntry; 0ms in InitializeTheta; 0ms in CreateRegularizerAgents; 32ms in InferThetaAndUpdateNwtSparse; 0ms in UpdateCacheEntry; 23ms in CalculateScore(^^^ItemsProcessedScore^^^); ]
I0326 14:00:05.254988 82662 processor.cc:820] Processor: start processing batch 749c72ea-4073-4a1e-abc8-276d7dc6135c into model nwt
I0326 14:00:05.273273 82663 processor.cc:925] Processor: complete processing batch 3ddbd1c8-65ff-4c89-8026-1a8c9eac2ba4 into model nwt
I0326 14:00:05.275811 82663 cuckoo_watch.h:45] 92ms in ProcessBatch(lectures_batches/aaaaag.batch) [including 5ms in LoadMessage; 6ms in InitializeSparseNdw; 0ms in FindReuseThetaCacheEntry; 0ms in InitializeTheta; 0ms in CreateRegularizerAgents; 44ms in InferThetaAndUpdateNwtSparse; 0ms in UpdateCacheEntry; 33ms in CalculateScore(^^^ItemsProcessedScore^^^); ]
I0326 14:00:05.281421 82663 processor.cc:820] Processor: start processing batch 7c2eb262-1c8d-4f98-8668-642910073ee6 into model nwt
I0326 14:00:05.303578 82662 processor.cc:925] Processor: complete processing batch 749c72ea-4073-4a1e-abc8-276d7dc6135c into model nwt
I0326 14:00:05.305413 82662 cuckoo_watch.h:45] 53ms in ProcessBatch(lectures_batches/aaaaaa.batch) [including 2ms in LoadMessage; 2ms in InitializeSparseNdw; 0ms in FindReuseThetaCacheEntry; 0ms in InitializeTheta; 0ms in CreateRegularizerAgents; 26ms in InferThetaAndUpdateNwtSparse; 0ms in UpdateCacheEntry; 18ms in CalculateScore(^^^ItemsProcessedScore^^^); ]
I0326 14:00:05.309746 82662 processor.cc:820] Processor: start processing batch 13c902cf-6d99-4932-8a1f-c6d0934165dc into model nwt
I0326 14:00:05.365396 82663 processor.cc:925] Processor: complete processing batch 7c2eb262-1c8d-4f98-8668-642910073ee6 into model nwt
I0326 14:00:05.368185 82663 cuckoo_watch.h:45] 92ms in ProcessBatch(lectures_batches/aaaaad.batch) [including 5ms in LoadMessage; 6ms in InitializeSparseNdw; 0ms in FindReuseThetaCacheEntry; 0ms in InitializeTheta; 0ms in CreateRegularizerAgents; 46ms in InferThetaAndUpdateNwtSparse; 0ms in UpdateCacheEntry; 30ms in CalculateScore(^^^ItemsProcessedScore^^^); ]
I0326 14:00:05.377158 82663 processor.cc:820] Processor: start processing batch b31d937c-fdfa-4e81-905b-916e11ab469b into model nwt
I0326 14:00:05.387334 82662 processor.cc:925] Processor: complete processing batch 13c902cf-6d99-4932-8a1f-c6d0934165dc into model nwt
I0326 14:00:05.389570 82662 cuckoo_watch.h:45] 83ms in ProcessBatch(lectures_batches/aaaaac.batch) [including 4ms in LoadMessage; 6ms in InitializeSparseNdw; 0ms in FindReuseThetaCacheEntry; 0ms in InitializeTheta; 0ms in CreateRegularizerAgents; 40ms in InferThetaAndUpdateNwtSparse; 0ms in UpdateCacheEntry; 31ms in CalculateScore(^^^ItemsProcessedScore^^^); ]
I0326 14:00:05.397282 82662 processor.cc:820] Processor: start processing batch ff63d635-8c20-4782-801d-81bcc99647a8 into model nwt
I0326 14:00:05.586349 82662 processor.cc:925] Processor: complete processing batch ff63d635-8c20-4782-801d-81bcc99647a8 into model nwt
I0326 14:00:05.590023 82662 cuckoo_watch.h:45] 200ms in ProcessBatch(lectures_batches/aaaaaf.batch) [including 7ms in LoadMessage; 16ms in InitializeSparseNdw; 0ms in FindReuseThetaCacheEntry; 0ms in InitializeTheta; 0ms in CreateRegularizerAgents; 93ms in InferThetaAndUpdateNwtSparse; 0ms in UpdateCacheEntry; 78ms in CalculateScore(^^^ItemsProcessedScore^^^); ]
I0326 14:00:05.605026 82663 processor.cc:925] Processor: complete processing batch b31d937c-fdfa-4e81-905b-916e11ab469b into model nwt
I0326 14:00:05.608760 82663 cuckoo_watch.h:45] 240ms in ProcessBatch(lectures_batches/aaaaae.batch) [including 8ms in LoadMessage; 20ms in InitializeSparseNdw; 0ms in FindReuseThetaCacheEntry; 0ms in InitializeTheta; 0ms in CreateRegularizerAgents; 112ms in InferThetaAndUpdateNwtSparse; 0ms in UpdateCacheEntry; 94ms in CalculateScore(^^^ItemsProcessedScore^^^); ]
I0326 14:00:05.609230 81170 master_component.cc:1436] RegularizeModelArgs: rwt_target_name=rwt, pwt_source_name=pwt, nwt_source_name=nwt
I0326 14:00:05.609241 81170 master_component.cc:976] MasterComponent: start regularizing model pwt
I0326 14:00:05.611502 82662 processor.cc:740] No data in processing queue, waiting...
I0326 14:00:05.629246 82663 processor.cc:740] No data in processing queue, waiting...
I0326 14:00:05.731317 81170 master_component.cc:1002] MasterComponent: complete regularizing model pwt
I0326 14:00:05.731343 81170 master_component.cc:1449] NormalizeModelArgs: pwt_target_name=pwt, nwt_source_name=nwt, rwt_source_name=rwt
I0326 14:00:05.731346 81170 master_component.cc:1006] MasterComponent: start normalizing model nwt
I0326 14:00:05.813896 81170 master_component.cc:1034] MasterComponent: complete normalizing model nwt
I0326 14:00:05.905419 81170 master_component.cc:1473] DisposeModel rwt
I0326 14:00:05.915884 81170 master_component.cc:1059] FitOffline: ItemsProcessed, num_items=1728, num_batches=7, token_weight=808522, token_weight_in_effect=808522
I0326 14:00:05.916710 81170 c_interface.cc:389] Pass FitOfflineMasterModelArgs, batch_filename_size=7, batch_weight_size=7, num_collection_passes=1, reset_nwt=yes to MN4artm4core15MasterComponentEFvRKNS_25FitOfflineMasterModelArgsEE
I0326 14:00:05.917368 81170 master_component.cc:1398] ProcessBatchesArgs: nwt_target_name=nwt, batch_filename_size=7, batch_size=0, batch_weight_size=7, pwt_source_name=pwt, num_document_passes=1, regularizer=(name:1:urn:uuid:5c9d374a-8e22-11eb-a755-29d44eeb5885, tau:100000), class=(text:1), class=(author:1), reuse_theta=yes, opt_for_avx=yes, predict_class_id=, reset_nwt=yes
I0326 14:00:05.934370 82662 processor.cc:747] Processing queue has data, processing started
I0326 14:00:05.935287 82663 processor.cc:747] Processing queue has data, processing started
I0326 14:00:05.939096 82662 processor.cc:820] Processor: start processing batch 925001f0-0962-4bd5-94d3-9f80db2b01ee into model nwt
I0326 14:00:05.939467 82663 processor.cc:820] Processor: start processing batch 3ddbd1c8-65ff-4c89-8026-1a8c9eac2ba4 into model nwt
I0326 14:00:05.989701 82662 processor.cc:925] Processor: complete processing batch 925001f0-0962-4bd5-94d3-9f80db2b01ee into model nwt
I0326 14:00:05.991384 82662 cuckoo_watch.h:45] 56ms in ProcessBatch(lectures_batches/aaaaab.batch) [including 4ms in LoadMessage; 3ms in InitializeSparseNdw; 0ms in FindReuseThetaCacheEntry; 0ms in InitializeTheta; 0ms in CreateRegularizerAgents; 27ms in InferThetaAndUpdateNwtSparse; 0ms in UpdateCacheEntry; 19ms in CalculateScore(^^^ItemsProcessedScore^^^); ]
I0326 14:00:05.994653 82662 processor.cc:820] Processor: start processing batch 749c72ea-4073-4a1e-abc8-276d7dc6135c into model nwt
I0326 14:00:06.018152 82663 processor.cc:925] Processor: complete processing batch 3ddbd1c8-65ff-4c89-8026-1a8c9eac2ba4 into model nwt
I0326 14:00:06.020365 82663 cuckoo_watch.h:45] 85ms in ProcessBatch(lectures_batches/aaaaag.batch) [including 4ms in LoadMessage; 4ms in InitializeSparseNdw; 0ms in FindReuseThetaCacheEntry; 0ms in InitializeTheta; 0ms in CreateRegularizerAgents; 39ms in InferThetaAndUpdateNwtSparse; 0ms in UpdateCacheEntry; 33ms in CalculateScore(^^^ItemsProcessedScore^^^); ]
I0326 14:00:06.024859 82663 processor.cc:820] Processor: start processing batch 7c2eb262-1c8d-4f98-8668-642910073ee6 into model nwt
I0326 14:00:06.042474 82662 processor.cc:925] Processor: complete processing batch 749c72ea-4073-4a1e-abc8-276d7dc6135c into model nwt
I0326 14:00:06.044895 82662 cuckoo_watch.h:45] 53ms in ProcessBatch(lectures_batches/aaaaaa.batch) [including 3ms in LoadMessage; 3ms in InitializeSparseNdw; 0ms in FindReuseThetaCacheEntry; 0ms in InitializeTheta; 0ms in CreateRegularizerAgents; 25ms in InferThetaAndUpdateNwtSparse; 0ms in UpdateCacheEntry; 18ms in CalculateScore(^^^ItemsProcessedScore^^^); ]
I0326 14:00:06.050014 82662 processor.cc:820] Processor: start processing batch 13c902cf-6d99-4932-8a1f-c6d0934165dc into model nwt
I0326 14:00:06.114024 82663 processor.cc:925] Processor: complete processing batch 7c2eb262-1c8d-4f98-8668-642910073ee6 into model nwt
I0326 14:00:06.117442 82663 cuckoo_watch.h:45] 96ms in ProcessBatch(lectures_batches/aaaaad.batch) [including 4ms in LoadMessage; 7ms in InitializeSparseNdw; 0ms in FindReuseThetaCacheEntry; 0ms in InitializeTheta; 0ms in CreateRegularizerAgents; 48ms in InferThetaAndUpdateNwtSparse; 0ms in UpdateCacheEntry; 32ms in CalculateScore(^^^ItemsProcessedScore^^^); ]
I0326 14:00:06.126603 82663 processor.cc:820] Processor: start processing batch b31d937c-fdfa-4e81-905b-916e11ab469b into model nwt
I0326 14:00:06.129060 82662 processor.cc:925] Processor: complete processing batch 13c902cf-6d99-4932-8a1f-c6d0934165dc into model nwt
I0326 14:00:06.131871 82662 cuckoo_watch.h:45] 86ms in ProcessBatch(lectures_batches/aaaaac.batch) [including 5ms in LoadMessage; 5ms in InitializeSparseNdw; 0ms in FindReuseThetaCacheEntry; 0ms in InitializeTheta; 0ms in CreateRegularizerAgents; 43ms in InferThetaAndUpdateNwtSparse; 0ms in UpdateCacheEntry; 29ms in CalculateScore(^^^ItemsProcessedScore^^^); ]
I0326 14:00:06.139415 82662 processor.cc:820] Processor: start processing batch ff63d635-8c20-4782-801d-81bcc99647a8 into model nwt
I0326 14:00:06.321074 82662 processor.cc:925] Processor: complete processing batch ff63d635-8c20-4782-801d-81bcc99647a8 into model nwt
I0326 14:00:06.324478 82662 cuckoo_watch.h:45] 192ms in ProcessBatch(lectures_batches/aaaaaf.batch) [including 7ms in LoadMessage; 20ms in InitializeSparseNdw; 0ms in FindReuseThetaCacheEntry; 0ms in InitializeTheta; 0ms in CreateRegularizerAgents; 98ms in InferThetaAndUpdateNwtSparse; 0ms in UpdateCacheEntry; 61ms in CalculateScore(^^^ItemsProcessedScore^^^); ]
I0326 14:00:06.344733 82662 processor.cc:740] No data in processing queue, waiting...
I0326 14:00:06.360363 82663 processor.cc:925] Processor: complete processing batch b31d937c-fdfa-4e81-905b-916e11ab469b into model nwt
I0326 14:00:06.366607 81170 master_component.cc:1436] RegularizeModelArgs: rwt_target_name=rwt, pwt_source_name=pwt, nwt_source_name=nwt
I0326 14:00:06.366629 81170 master_component.cc:976] MasterComponent: start regularizing model pwt
I0326 14:00:06.366791 82663 cuckoo_watch.h:45] 248ms in ProcessBatch(lectures_batches/aaaaae.batch) [including 9ms in LoadMessage; 17ms in InitializeSparseNdw; 0ms in FindReuseThetaCacheEntry; 0ms in InitializeTheta; 0ms in CreateRegularizerAgents; 130ms in InferThetaAndUpdateNwtSparse; 0ms in UpdateCacheEntry; 84ms in CalculateScore(^^^ItemsProcessedScore^^^); ]
I0326 14:00:06.387218 82663 processor.cc:740] No data in processing queue, waiting...
I0326 14:00:06.510637 81170 master_component.cc:1002] MasterComponent: complete regularizing model pwt
I0326 14:00:06.510660 81170 master_component.cc:1449] NormalizeModelArgs: pwt_target_name=pwt, nwt_source_name=nwt, rwt_source_name=rwt
I0326 14:00:06.510663 81170 master_component.cc:1006] MasterComponent: start normalizing model nwt
I0326 14:00:06.610260 81170 master_component.cc:1034] MasterComponent: complete normalizing model nwt
I0326 14:00:06.749047 81170 master_component.cc:1473] DisposeModel rwt
I0326 14:00:06.764382 81170 master_component.cc:1059] FitOffline: ItemsProcessed, num_items=1728, num_batches=7, token_weight=808522, token_weight_in_effect=808522
I0326 14:00:06.765487 81170 c_interface.cc:389] Pass FitOfflineMasterModelArgs, batch_filename_size=7, batch_weight_size=7, num_collection_passes=1, reset_nwt=yes to MN4artm4core15MasterComponentEFvRKNS_25FitOfflineMasterModelArgsEE
I0326 14:00:06.766409 81170 master_component.cc:1398] ProcessBatchesArgs: nwt_target_name=nwt, batch_filename_size=7, batch_size=0, batch_weight_size=7, pwt_source_name=pwt, num_document_passes=1, regularizer=(name:1:urn:uuid:5c9d374a-8e22-11eb-a755-29d44eeb5885, tau:100000), class=(text:1), class=(author:1), reuse_theta=yes, opt_for_avx=yes, predict_class_id=, reset_nwt=yes
I0326 14:00:06.787287 82663 processor.cc:747] Processing queue has data, processing started
I0326 14:00:06.788386 82662 processor.cc:747] Processing queue has data, processing started
I0326 14:00:06.793804 82663 processor.cc:820] Processor: start processing batch 925001f0-0962-4bd5-94d3-9f80db2b01ee into model nwt
I0326 14:00:06.796321 82662 processor.cc:820] Processor: start processing batch 3ddbd1c8-65ff-4c89-8026-1a8c9eac2ba4 into model nwt
I0326 14:00:06.861806 82663 processor.cc:925] Processor: complete processing batch 925001f0-0962-4bd5-94d3-9f80db2b01ee into model nwt
I0326 14:00:06.863709 82663 cuckoo_watch.h:45] 76ms in ProcessBatch(lectures_batches/aaaaab.batch) [including 6ms in LoadMessage; 7ms in InitializeSparseNdw; 0ms in FindReuseThetaCacheEntry; 0ms in InitializeTheta; 0ms in CreateRegularizerAgents; 38ms in InferThetaAndUpdateNwtSparse; 0ms in UpdateCacheEntry; 21ms in CalculateScore(^^^ItemsProcessedScore^^^); ]
I0326 14:00:06.866384 82663 processor.cc:820] Processor: start processing batch 749c72ea-4073-4a1e-abc8-276d7dc6135c into model nwt
I0326 14:00:06.889402 82662 processor.cc:925] Processor: complete processing batch 3ddbd1c8-65ff-4c89-8026-1a8c9eac2ba4 into model nwt
I0326 14:00:06.892093 82662 cuckoo_watch.h:45] 103ms in ProcessBatch(lectures_batches/aaaaag.batch) [including 7ms in LoadMessage; 11ms in InitializeSparseNdw; 0ms in FindReuseThetaCacheEntry; 0ms in InitializeTheta; 0ms in CreateRegularizerAgents; 50ms in InferThetaAndUpdateNwtSparse; 0ms in UpdateCacheEntry; 30ms in CalculateScore(^^^ItemsProcessedScore^^^); ]
I0326 14:00:06.896428 82662 processor.cc:820] Processor: start processing batch 7c2eb262-1c8d-4f98-8668-642910073ee6 into model nwt
I0326 14:00:06.908813 82663 processor.cc:925] Processor: complete processing batch 749c72ea-4073-4a1e-abc8-276d7dc6135c into model nwt
I0326 14:00:06.910785 82663 cuckoo_watch.h:45] 46ms in ProcessBatch(lectures_batches/aaaaaa.batch) [including 2ms in LoadMessage; 2ms in InitializeSparseNdw; 0ms in FindReuseThetaCacheEntry; 0ms in InitializeTheta; 0ms in CreateRegularizerAgents; 23ms in InferThetaAndUpdateNwtSparse; 0ms in UpdateCacheEntry; 15ms in CalculateScore(^^^ItemsProcessedScore^^^); ]
I0326 14:00:06.914613 82663 processor.cc:820] Processor: start processing batch 13c902cf-6d99-4932-8a1f-c6d0934165dc into model nwt
I0326 14:00:06.973901 82662 processor.cc:925] Processor: complete processing batch 7c2eb262-1c8d-4f98-8668-642910073ee6 into model nwt
I0326 14:00:06.976024 82662 cuckoo_watch.h:45] 83ms in ProcessBatch(lectures_batches/aaaaad.batch) [including 4ms in LoadMessage; 5ms in InitializeSparseNdw; 0ms in FindReuseThetaCacheEntry; 0ms in InitializeTheta; 0ms in CreateRegularizerAgents; 41ms in InferThetaAndUpdateNwtSparse; 0ms in UpdateCacheEntry; 29ms in CalculateScore(^^^ItemsProcessedScore^^^); ]
I0326 14:00:06.984076 82663 processor.cc:925] Processor: complete processing batch 13c902cf-6d99-4932-8a1f-c6d0934165dc into model nwt
I0326 14:00:06.984824 82662 processor.cc:820] Processor: start processing batch b31d937c-fdfa-4e81-905b-916e11ab469b into model nwt
I0326 14:00:06.986069 82663 cuckoo_watch.h:45] 75ms in ProcessBatch(lectures_batches/aaaaac.batch) [including 3ms in LoadMessage; 4ms in InitializeSparseNdw; 0ms in FindReuseThetaCacheEntry; 0ms in InitializeTheta; 0ms in CreateRegularizerAgents; 37ms in InferThetaAndUpdateNwtSparse; 0ms in UpdateCacheEntry; 26ms in CalculateScore(^^^ItemsProcessedScore^^^); ]
I0326 14:00:06.993075 82663 processor.cc:820] Processor: start processing batch ff63d635-8c20-4782-801d-81bcc99647a8 into model nwt
I0326 14:00:07.151430 82663 processor.cc:925] Processor: complete processing batch ff63d635-8c20-4782-801d-81bcc99647a8 into model nwt
I0326 14:00:07.155050 82663 cuckoo_watch.h:45] 168ms in ProcessBatch(lectures_batches/aaaaaf.batch) [including 6ms in LoadMessage; 12ms in InitializeSparseNdw; 0ms in FindReuseThetaCacheEntry; 0ms in InitializeTheta; 0ms in CreateRegularizerAgents; 81ms in InferThetaAndUpdateNwtSparse; 0ms in UpdateCacheEntry; 64ms in CalculateScore(^^^ItemsProcessedScore^^^); ]
I0326 14:00:07.175523 82663 processor.cc:740] No data in processing queue, waiting...
I0326 14:00:07.178663 82662 processor.cc:925] Processor: complete processing batch b31d937c-fdfa-4e81-905b-916e11ab469b into model nwt
I0326 14:00:07.182533 82662 cuckoo_watch.h:45] 206ms in ProcessBatch(lectures_batches/aaaaae.batch) [including 8ms in LoadMessage; 16ms in InitializeSparseNdw; 0ms in FindReuseThetaCacheEntry; 0ms in InitializeTheta; 0ms in CreateRegularizerAgents; 96ms in InferThetaAndUpdateNwtSparse; 0ms in UpdateCacheEntry; 80ms in CalculateScore(^^^ItemsProcessedScore^^^); ]
I0326 14:00:07.182618 81170 master_component.cc:1436] RegularizeModelArgs: rwt_target_name=rwt, pwt_source_name=pwt, nwt_source_name=nwt
I0326 14:00:07.182631 81170 master_component.cc:976] MasterComponent: start regularizing model pwt
I0326 14:00:07.202752 82662 processor.cc:740] No data in processing queue, waiting...
I0326 14:00:07.291880 81170 master_component.cc:1002] MasterComponent: complete regularizing model pwt
I0326 14:00:07.291903 81170 master_component.cc:1449] NormalizeModelArgs: pwt_target_name=pwt, nwt_source_name=nwt, rwt_source_name=rwt
I0326 14:00:07.291906 81170 master_component.cc:1006] MasterComponent: start normalizing model nwt
I0326 14:00:07.375780 81170 master_component.cc:1034] MasterComponent: complete normalizing model nwt
I0326 14:00:07.472901 81170 master_component.cc:1473] DisposeModel rwt
I0326 14:00:07.483844 81170 master_component.cc:1059] FitOffline: ItemsProcessed, num_items=1728, num_batches=7, token_weight=808522, token_weight_in_effect=808522
I0326 14:00:28.375480 81170 c_interface.cc:389] Pass MasterModelConfig: topic_name_size=30, class=(text:1), class=(author:1), score_config_size=3, num_processors=2, pwt_name=pwt, nwt_name=nwt, num_document_passes=1, regularizer=(1:urn:uuid:5c9d374a-8e22-11eb-a755-29d44eeb5885:100000), regularizer=(1:urn:uuid:7985561c-8e22-11eb-a755-29d44eeb5885:-100000), reuse_theta=yes, cache_theta=yes, opt_for_avx=yes, disk_cache_path= to MN4artm4core15MasterComponentEFvRKNS_17MasterModelConfigEE
I0326 14:00:28.376140 81170 instance.cc:232] Regularizer '1:urn:uuid:5c9d374a-8e22-11eb-a755-29d44eeb5885' was cold-reconfigured
I0326 14:00:28.376191 81170 instance.cc:232] Regularizer '1:urn:uuid:7985561c-8e22-11eb-a755-29d44eeb5885' was cold-reconfigured
I0326 14:00:29.372174 81170 c_interface.cc:389] Pass FitOfflineMasterModelArgs, batch_filename_size=7, batch_weight_size=7, num_collection_passes=1, reset_nwt=yes to MN4artm4core15MasterComponentEFvRKNS_25FitOfflineMasterModelArgsEE
I0326 14:00:29.372316 81170 master_component.cc:1398] ProcessBatchesArgs: nwt_target_name=nwt, batch_filename_size=7, batch_size=0, batch_weight_size=7, pwt_source_name=pwt, num_document_passes=1, regularizer=(name:1:urn:uuid:5c9d374a-8e22-11eb-a755-29d44eeb5885, tau:100000), regularizer=(name:1:urn:uuid:7985561c-8e22-11eb-a755-29d44eeb5885, tau:-100000), class=(text:1), class=(author:1), reuse_theta=yes, opt_for_avx=yes, predict_class_id=, reset_nwt=yes
I0326 14:00:29.407374 82662 processor.cc:747] Processing queue has data, processing started
I0326 14:00:29.407732 82663 processor.cc:747] Processing queue has data, processing started
I0326 14:00:29.410801 82662 processor.cc:820] Processor: start processing batch 925001f0-0962-4bd5-94d3-9f80db2b01ee into model nwt
I0326 14:00:29.411881 82663 processor.cc:820] Processor: start processing batch 3ddbd1c8-65ff-4c89-8026-1a8c9eac2ba4 into model nwt
I0326 14:00:29.463675 82662 processor.cc:925] Processor: complete processing batch 925001f0-0962-4bd5-94d3-9f80db2b01ee into model nwt
I0326 14:00:29.465481 82662 cuckoo_watch.h:45] 58ms in ProcessBatch(lectures_batches/aaaaab.batch) [including 3ms in LoadMessage; 4ms in InitializeSparseNdw; 0ms in FindReuseThetaCacheEntry; 0ms in InitializeTheta; 0ms in CreateRegularizerAgents; 28ms in InferThetaAndUpdateNwtSparse; 0ms in UpdateCacheEntry; 19ms in CalculateScore(^^^ItemsProcessedScore^^^); ]
I0326 14:00:29.468078 82662 processor.cc:820] Processor: start processing batch 749c72ea-4073-4a1e-abc8-276d7dc6135c into model nwt
I0326 14:00:29.486860 82663 processor.cc:925] Processor: complete processing batch 3ddbd1c8-65ff-4c89-8026-1a8c9eac2ba4 into model nwt
I0326 14:00:29.489068 82663 cuckoo_watch.h:45] 81ms in ProcessBatch(lectures_batches/aaaaag.batch) [including 4ms in LoadMessage; 5ms in InitializeSparseNdw; 0ms in FindReuseThetaCacheEntry; 0ms in InitializeTheta; 0ms in CreateRegularizerAgents; 40ms in InferThetaAndUpdateNwtSparse; 0ms in UpdateCacheEntry; 28ms in CalculateScore(^^^ItemsProcessedScore^^^); ]
I0326 14:00:29.493072 82663 processor.cc:820] Processor: start processing batch 7c2eb262-1c8d-4f98-8668-642910073ee6 into model nwt
I0326 14:00:29.507612 82662 processor.cc:925] Processor: complete processing batch 749c72ea-4073-4a1e-abc8-276d7dc6135c into model nwt
I0326 14:00:29.509065 82662 cuckoo_watch.h:45] 43ms in ProcessBatch(lectures_batches/aaaaaa.batch) [including 2ms in LoadMessage; 2ms in InitializeSparseNdw; 0ms in FindReuseThetaCacheEntry; 0ms in InitializeTheta; 0ms in CreateRegularizerAgents; 22ms in InferThetaAndUpdateNwtSparse; 0ms in UpdateCacheEntry; 14ms in CalculateScore(^^^ItemsProcessedScore^^^); ]
I0326 14:00:29.512792 82662 processor.cc:820] Processor: start processing batch 13c902cf-6d99-4932-8a1f-c6d0934165dc into model nwt
I0326 14:00:29.567065 82663 processor.cc:925] Processor: complete processing batch 7c2eb262-1c8d-4f98-8668-642910073ee6 into model nwt
I0326 14:00:29.569401 82663 cuckoo_watch.h:45] 80ms in ProcessBatch(lectures_batches/aaaaad.batch) [including 3ms in LoadMessage; 5ms in InitializeSparseNdw; 0ms in FindReuseThetaCacheEntry; 0ms in InitializeTheta; 0ms in CreateRegularizerAgents; 39ms in InferThetaAndUpdateNwtSparse; 0ms in UpdateCacheEntry; 28ms in CalculateScore(^^^ItemsProcessedScore^^^); ]
I0326 14:00:29.577898 82663 processor.cc:820] Processor: start processing batch b31d937c-fdfa-4e81-905b-916e11ab469b into model nwt
I0326 14:00:29.581023 82662 processor.cc:925] Processor: complete processing batch 13c902cf-6d99-4932-8a1f-c6d0934165dc into model nwt
I0326 14:00:29.583084 82662 cuckoo_watch.h:45] 73ms in ProcessBatch(lectures_batches/aaaaac.batch) [including 3ms in LoadMessage; 4ms in InitializeSparseNdw; 0ms in FindReuseThetaCacheEntry; 0ms in InitializeTheta; 0ms in CreateRegularizerAgents; 36ms in InferThetaAndUpdateNwtSparse; 0ms in UpdateCacheEntry; 26ms in CalculateScore(^^^ItemsProcessedScore^^^); ]
I0326 14:00:29.589959 82662 processor.cc:820] Processor: start processing batch ff63d635-8c20-4782-801d-81bcc99647a8 into model nwt
I0326 14:00:29.742473 82662 processor.cc:925] Processor: complete processing batch ff63d635-8c20-4782-801d-81bcc99647a8 into model nwt
I0326 14:00:29.745975 82662 cuckoo_watch.h:45] 162ms in ProcessBatch(lectures_batches/aaaaaf.batch) [including 6ms in LoadMessage; 12ms in InitializeSparseNdw; 0ms in FindReuseThetaCacheEntry; 0ms in InitializeTheta; 0ms in CreateRegularizerAgents; 78ms in InferThetaAndUpdateNwtSparse; 0ms in UpdateCacheEntry; 60ms in CalculateScore(^^^ItemsProcessedScore^^^); ]
I0326 14:00:29.765365 82663 processor.cc:925] Processor: complete processing batch b31d937c-fdfa-4e81-905b-916e11ab469b into model nwt
I0326 14:00:29.767074 82662 processor.cc:740] No data in processing queue, waiting...
I0326 14:00:29.768581 82663 cuckoo_watch.h:45] 198ms in ProcessBatch(lectures_batches/aaaaae.batch) [including 8ms in LoadMessage; 17ms in InitializeSparseNdw; 0ms in FindReuseThetaCacheEntry; 0ms in InitializeTheta; 0ms in CreateRegularizerAgents; 96ms in InferThetaAndUpdateNwtSparse; 0ms in UpdateCacheEntry; 73ms in CalculateScore(^^^ItemsProcessedScore^^^); ]
I0326 14:00:29.768617 81170 master_component.cc:1436] RegularizeModelArgs: rwt_target_name=rwt, pwt_source_name=pwt, nwt_source_name=nwt
I0326 14:00:29.768640 81170 master_component.cc:976] MasterComponent: start regularizing model pwt
I0326 14:00:29.789677 82663 processor.cc:740] No data in processing queue, waiting...
I0326 14:00:29.922554 81170 master_component.cc:1002] MasterComponent: complete regularizing model pwt
I0326 14:00:29.922574 81170 master_component.cc:1449] NormalizeModelArgs: pwt_target_name=pwt, nwt_source_name=nwt, rwt_source_name=rwt
I0326 14:00:29.922576 81170 master_component.cc:1006] MasterComponent: start normalizing model nwt
I0326 14:00:30.005311 81170 master_component.cc:1034] MasterComponent: complete normalizing model nwt
I0326 14:00:30.084242 81170 master_component.cc:1473] DisposeModel rwt
I0326 14:00:30.094451 81170 master_component.cc:1059] FitOffline: ItemsProcessed, num_items=1728, num_batches=7, token_weight=808522, token_weight_in_effect=808522
I0326 14:00:30.094728 81170 c_interface.cc:389] Pass FitOfflineMasterModelArgs, batch_filename_size=7, batch_weight_size=7, num_collection_passes=1, reset_nwt=yes to MN4artm4core15MasterComponentEFvRKNS_25FitOfflineMasterModelArgsEE
I0326 14:00:30.095561 81170 master_component.cc:1398] ProcessBatchesArgs: nwt_target_name=nwt, batch_filename_size=7, batch_size=0, batch_weight_size=7, pwt_source_name=pwt, num_document_passes=1, regularizer=(name:1:urn:uuid:5c9d374a-8e22-11eb-a755-29d44eeb5885, tau:100000), regularizer=(name:1:urn:uuid:7985561c-8e22-11eb-a755-29d44eeb5885, tau:-100000), class=(text:1), class=(author:1), reuse_theta=yes, opt_for_avx=yes, predict_class_id=, reset_nwt=yes
I0326 14:00:30.114054 82663 processor.cc:747] Processing queue has data, processing started
I0326 14:00:30.114907 82662 processor.cc:747] Processing queue has data, processing started
I0326 14:00:30.120075 82662 processor.cc:820] Processor: start processing batch 925001f0-0962-4bd5-94d3-9f80db2b01ee into model nwt
I0326 14:00:30.121207 82663 processor.cc:820] Processor: start processing batch 3ddbd1c8-65ff-4c89-8026-1a8c9eac2ba4 into model nwt
I0326 14:00:30.176597 82662 processor.cc:925] Processor: complete processing batch 925001f0-0962-4bd5-94d3-9f80db2b01ee into model nwt
I0326 14:00:30.178352 82662 cuckoo_watch.h:45] 63ms in ProcessBatch(lectures_batches/aaaaab.batch) [including 5ms in LoadMessage; 5ms in InitializeSparseNdw; 0ms in FindReuseThetaCacheEntry; 0ms in InitializeTheta; 0ms in CreateRegularizerAgents; 32ms in InferThetaAndUpdateNwtSparse; 0ms in UpdateCacheEntry; 17ms in CalculateScore(^^^ItemsProcessedScore^^^); ]
I0326 14:00:30.180889 82662 processor.cc:820] Processor: start processing batch 749c72ea-4073-4a1e-abc8-276d7dc6135c into model nwt
I0326 14:00:30.199878 82663 processor.cc:925] Processor: complete processing batch 3ddbd1c8-65ff-4c89-8026-1a8c9eac2ba4 into model nwt
