I0326 13:41:06.182193 81355 cuckoo_watch.h:45] 48ms in ProcessBatch(lectures_batches/aaaaaa.batch) [including 2ms in LoadMessage; 3ms in InitializeSparseNdw; 0ms in FindReuseThetaCacheEntry; 0ms in InitializeTheta; 0ms in CreateRegularizerAgents; 24ms in InferThetaAndUpdateNwtSparse; 0ms in UpdateCacheEntry; 14ms in CalculateScore(^^^ItemsProcessedScore^^^); ]
I0326 13:41:06.185950 81355 processor.cc:820] Processor: start processing batch de2957f0-37c0-4389-a944-52b9a03d520a into model nwt
I0326 13:41:06.242506 81354 processor.cc:925] Processor: complete processing batch b5031424-2399-4969-956f-93a9e2c1cd32 into model nwt
I0326 13:41:06.244844 81354 cuckoo_watch.h:45] 79ms in ProcessBatch(lectures_batches/aaaaad.batch) [including 4ms in LoadMessage; 6ms in InitializeSparseNdw; 0ms in FindReuseThetaCacheEntry; 0ms in InitializeTheta; 0ms in CreateRegularizerAgents; 38ms in InferThetaAndUpdateNwtSparse; 0ms in UpdateCacheEntry; 27ms in CalculateScore(^^^ItemsProcessedScore^^^); ]
I0326 13:41:06.251868 81355 processor.cc:925] Processor: complete processing batch de2957f0-37c0-4389-a944-52b9a03d520a into model nwt
I0326 13:41:06.253396 81354 processor.cc:820] Processor: start processing batch 69eefd3f-f18f-4d3f-8218-cbb64963e6e2 into model nwt
I0326 13:41:06.253841 81355 cuckoo_watch.h:45] 71ms in ProcessBatch(lectures_batches/aaaaac.batch) [including 3ms in LoadMessage; 4ms in InitializeSparseNdw; 0ms in FindReuseThetaCacheEntry; 0ms in InitializeTheta; 0ms in CreateRegularizerAgents; 35ms in InferThetaAndUpdateNwtSparse; 0ms in UpdateCacheEntry; 25ms in CalculateScore(^^^ItemsProcessedScore^^^); ]
I0326 13:41:06.260486 81355 processor.cc:820] Processor: start processing batch c53d3d03-724b-4347-8b1d-36ae6bfa0655 into model nwt
I0326 13:41:06.421504 81355 processor.cc:925] Processor: complete processing batch c53d3d03-724b-4347-8b1d-36ae6bfa0655 into model nwt
I0326 13:41:06.424957 81355 cuckoo_watch.h:45] 170ms in ProcessBatch(lectures_batches/aaaaaf.batch) [including 6ms in LoadMessage; 12ms in InitializeSparseNdw; 0ms in FindReuseThetaCacheEntry; 0ms in InitializeTheta; 0ms in CreateRegularizerAgents; 80ms in InferThetaAndUpdateNwtSparse; 0ms in UpdateCacheEntry; 67ms in CalculateScore(^^^ItemsProcessedScore^^^); ]
I0326 13:41:06.445788 81355 processor.cc:740] No data in processing queue, waiting...
I0326 13:41:06.447345 81354 processor.cc:925] Processor: complete processing batch 69eefd3f-f18f-4d3f-8218-cbb64963e6e2 into model nwt
I0326 13:41:06.450575 81354 cuckoo_watch.h:45] 205ms in ProcessBatch(lectures_batches/aaaaae.batch) [including 8ms in LoadMessage; 16ms in InitializeSparseNdw; 0ms in FindReuseThetaCacheEntry; 0ms in InitializeTheta; 0ms in CreateRegularizerAgents; 101ms in InferThetaAndUpdateNwtSparse; 0ms in UpdateCacheEntry; 76ms in CalculateScore(^^^ItemsProcessedScore^^^); ]
I0326 13:41:06.450657 81170 master_component.cc:1436] RegularizeModelArgs: rwt_target_name=rwt, pwt_source_name=pwt, nwt_source_name=nwt
I0326 13:41:06.450665 81170 master_component.cc:976] MasterComponent: start regularizing model pwt
I0326 13:41:06.471647 81354 processor.cc:740] No data in processing queue, waiting...
I0326 13:41:06.613343 81170 master_component.cc:1002] MasterComponent: complete regularizing model pwt
I0326 13:41:06.613504 81170 master_component.cc:1449] NormalizeModelArgs: pwt_target_name=pwt, nwt_source_name=nwt, rwt_source_name=rwt
I0326 13:41:06.613636 81170 master_component.cc:1006] MasterComponent: start normalizing model nwt
I0326 13:41:06.705618 81170 master_component.cc:1034] MasterComponent: complete normalizing model nwt
I0326 13:41:06.817720 81170 master_component.cc:1473] DisposeModel rwt
I0326 13:41:06.829946 81170 master_component.cc:1059] FitOffline: ItemsProcessed, num_items=1728, num_batches=7, token_weight=808522, token_weight_in_effect=808522
I0326 13:41:06.830251 81170 c_interface.cc:389] Pass FitOfflineMasterModelArgs, batch_filename_size=7, batch_weight_size=7, num_collection_passes=1, reset_nwt=yes to MN4artm4core15MasterComponentEFvRKNS_25FitOfflineMasterModelArgsEE
I0326 13:41:06.831073 81170 master_component.cc:1398] ProcessBatchesArgs: nwt_target_name=nwt, batch_filename_size=7, batch_size=0, batch_weight_size=7, pwt_source_name=pwt, num_document_passes=1, regularizer=(name:1:urn:uuid:38ab38e4-8e1f-11eb-a755-29d44eeb5885, tau:100000), regularizer=(name:1:urn:uuid:c01df00a-8e1f-11eb-a755-29d44eeb5885, tau:-100000), class=(text:1), class=(author:1), reuse_theta=yes, opt_for_avx=yes, predict_class_id=, reset_nwt=yes
I0326 13:41:06.852411 81354 processor.cc:747] Processing queue has data, processing started
I0326 13:41:06.853101 81355 processor.cc:747] Processing queue has data, processing started
I0326 13:41:06.858959 81354 processor.cc:820] Processor: start processing batch fbbb13ed-a61c-4101-b241-d8227ae782f9 into model nwt
I0326 13:41:06.861311 81355 processor.cc:820] Processor: start processing batch 55aeb0cb-09d2-4657-9250-e120b86555f9 into model nwt
I0326 13:41:06.925436 81354 processor.cc:925] Processor: complete processing batch fbbb13ed-a61c-4101-b241-d8227ae782f9 into model nwt
I0326 13:41:06.928035 81354 cuckoo_watch.h:45] 75ms in ProcessBatch(lectures_batches/aaaaab.batch) [including 6ms in LoadMessage; 6ms in InitializeSparseNdw; 0ms in FindReuseThetaCacheEntry; 0ms in InitializeTheta; 0ms in CreateRegularizerAgents; 35ms in InferThetaAndUpdateNwtSparse; 0ms in UpdateCacheEntry; 23ms in CalculateScore(^^^ItemsProcessedScore^^^); ]
I0326 13:41:06.930828 81354 processor.cc:820] Processor: start processing batch f40c0809-c8bb-467b-8150-88cc715685f0 into model nwt
I0326 13:41:06.955734 81355 processor.cc:925] Processor: complete processing batch 55aeb0cb-09d2-4657-9250-e120b86555f9 into model nwt
I0326 13:41:06.959661 81355 cuckoo_watch.h:45] 106ms in ProcessBatch(lectures_batches/aaaaag.batch) [including 8ms in LoadMessage; 9ms in InitializeSparseNdw; 0ms in FindReuseThetaCacheEntry; 0ms in InitializeTheta; 0ms in CreateRegularizerAgents; 47ms in InferThetaAndUpdateNwtSparse; 0ms in UpdateCacheEntry; 36ms in CalculateScore(^^^ItemsProcessedScore^^^); ]
I0326 13:41:06.964722 81355 processor.cc:820] Processor: start processing batch b5031424-2399-4969-956f-93a9e2c1cd32 into model nwt
I0326 13:41:06.981158 81354 processor.cc:925] Processor: complete processing batch f40c0809-c8bb-467b-8150-88cc715685f0 into model nwt
I0326 13:41:06.983016 81354 cuckoo_watch.h:45] 54ms in ProcessBatch(lectures_batches/aaaaaa.batch) [including 2ms in LoadMessage; 2ms in InitializeSparseNdw; 0ms in FindReuseThetaCacheEntry; 0ms in InitializeTheta; 0ms in CreateRegularizerAgents; 27ms in InferThetaAndUpdateNwtSparse; 0ms in UpdateCacheEntry; 19ms in CalculateScore(^^^ItemsProcessedScore^^^); ]
I0326 13:41:06.987795 81354 processor.cc:820] Processor: start processing batch de2957f0-37c0-4389-a944-52b9a03d520a into model nwt
I0326 13:41:07.060029 81355 processor.cc:925] Processor: complete processing batch b5031424-2399-4969-956f-93a9e2c1cd32 into model nwt
I0326 13:41:07.062947 81355 cuckoo_watch.h:45] 103ms in ProcessBatch(lectures_batches/aaaaad.batch) [including 5ms in LoadMessage; 7ms in InitializeSparseNdw; 0ms in FindReuseThetaCacheEntry; 0ms in InitializeTheta; 0ms in CreateRegularizerAgents; 48ms in InferThetaAndUpdateNwtSparse; 0ms in UpdateCacheEntry; 38ms in CalculateScore(^^^ItemsProcessedScore^^^); ]
I0326 13:41:07.073001 81354 processor.cc:925] Processor: complete processing batch de2957f0-37c0-4389-a944-52b9a03d520a into model nwt
I0326 13:41:07.073597 81355 processor.cc:820] Processor: start processing batch 69eefd3f-f18f-4d3f-8218-cbb64963e6e2 into model nwt
I0326 13:41:07.076918 81354 cuckoo_watch.h:45] 93ms in ProcessBatch(lectures_batches/aaaaac.batch) [including 4ms in LoadMessage; 6ms in InitializeSparseNdw; 0ms in FindReuseThetaCacheEntry; 0ms in InitializeTheta; 0ms in CreateRegularizerAgents; 44ms in InferThetaAndUpdateNwtSparse; 0ms in UpdateCacheEntry; 33ms in CalculateScore(^^^ItemsProcessedScore^^^); ]
I0326 13:41:07.085448 81354 processor.cc:820] Processor: start processing batch c53d3d03-724b-4347-8b1d-36ae6bfa0655 into model nwt
I0326 13:41:07.293426 81354 processor.cc:925] Processor: complete processing batch c53d3d03-724b-4347-8b1d-36ae6bfa0655 into model nwt
I0326 13:41:07.297559 81354 cuckoo_watch.h:45] 220ms in ProcessBatch(lectures_batches/aaaaaf.batch) [including 8ms in LoadMessage; 17ms in InitializeSparseNdw; 0ms in FindReuseThetaCacheEntry; 0ms in InitializeTheta; 0ms in CreateRegularizerAgents; 100ms in InferThetaAndUpdateNwtSparse; 0ms in UpdateCacheEntry; 88ms in CalculateScore(^^^ItemsProcessedScore^^^); ]
I0326 13:41:07.319041 81354 processor.cc:740] No data in processing queue, waiting...
I0326 13:41:07.334086 81355 processor.cc:925] Processor: complete processing batch 69eefd3f-f18f-4d3f-8218-cbb64963e6e2 into model nwt
I0326 13:41:07.340291 81170 master_component.cc:1436] RegularizeModelArgs: rwt_target_name=rwt, pwt_source_name=pwt, nwt_source_name=nwt
I0326 13:41:07.340308 81170 master_component.cc:976] MasterComponent: start regularizing model pwt
I0326 13:41:07.340384 81355 cuckoo_watch.h:45] 276ms in ProcessBatch(lectures_batches/aaaaae.batch) [including 10ms in LoadMessage; 22ms in InitializeSparseNdw; 0ms in FindReuseThetaCacheEntry; 0ms in InitializeTheta; 0ms in CreateRegularizerAgents; 124ms in InferThetaAndUpdateNwtSparse; 0ms in UpdateCacheEntry; 113ms in CalculateScore(^^^ItemsProcessedScore^^^); ]
I0326 13:41:07.361016 81355 processor.cc:740] No data in processing queue, waiting...
I0326 13:41:07.496134 81170 master_component.cc:1002] MasterComponent: complete regularizing model pwt
I0326 13:41:07.496250 81170 master_component.cc:1449] NormalizeModelArgs: pwt_target_name=pwt, nwt_source_name=nwt, rwt_source_name=rwt
I0326 13:41:07.496349 81170 master_component.cc:1006] MasterComponent: start normalizing model nwt
I0326 13:41:07.574524 81170 master_component.cc:1034] MasterComponent: complete normalizing model nwt
I0326 13:41:07.680968 81170 master_component.cc:1473] DisposeModel rwt
I0326 13:41:07.692724 81170 master_component.cc:1059] FitOffline: ItemsProcessed, num_items=1728, num_batches=7, token_weight=808522, token_weight_in_effect=808522
I0326 13:41:07.693065 81170 c_interface.cc:389] Pass FitOfflineMasterModelArgs, batch_filename_size=7, batch_weight_size=7, num_collection_passes=1, reset_nwt=yes to MN4artm4core15MasterComponentEFvRKNS_25FitOfflineMasterModelArgsEE
I0326 13:41:07.694082 81170 master_component.cc:1398] ProcessBatchesArgs: nwt_target_name=nwt, batch_filename_size=7, batch_size=0, batch_weight_size=7, pwt_source_name=pwt, num_document_passes=1, regularizer=(name:1:urn:uuid:38ab38e4-8e1f-11eb-a755-29d44eeb5885, tau:100000), regularizer=(name:1:urn:uuid:c01df00a-8e1f-11eb-a755-29d44eeb5885, tau:-100000), class=(text:1), class=(author:1), reuse_theta=yes, opt_for_avx=yes, predict_class_id=, reset_nwt=yes
I0326 13:41:07.715936 81355 processor.cc:747] Processing queue has data, processing started
I0326 13:41:07.716225 81354 processor.cc:747] Processing queue has data, processing started
I0326 13:41:07.721220 81354 processor.cc:820] Processor: start processing batch 55aeb0cb-09d2-4657-9250-e120b86555f9 into model nwt
I0326 13:41:07.721292 81355 processor.cc:820] Processor: start processing batch fbbb13ed-a61c-4101-b241-d8227ae782f9 into model nwt
I0326 13:41:07.777709 81355 processor.cc:925] Processor: complete processing batch fbbb13ed-a61c-4101-b241-d8227ae782f9 into model nwt
I0326 13:41:07.779577 81355 cuckoo_watch.h:45] 63ms in ProcessBatch(lectures_batches/aaaaab.batch) [including 5ms in LoadMessage; 4ms in InitializeSparseNdw; 0ms in FindReuseThetaCacheEntry; 0ms in InitializeTheta; 0ms in CreateRegularizerAgents; 30ms in InferThetaAndUpdateNwtSparse; 0ms in UpdateCacheEntry; 21ms in CalculateScore(^^^ItemsProcessedScore^^^); ]
I0326 13:41:07.782770 81355 processor.cc:820] Processor: start processing batch f40c0809-c8bb-467b-8150-88cc715685f0 into model nwt
I0326 13:41:07.808837 81354 processor.cc:925] Processor: complete processing batch 55aeb0cb-09d2-4657-9250-e120b86555f9 into model nwt
I0326 13:41:07.812000 81354 cuckoo_watch.h:45] 95ms in ProcessBatch(lectures_batches/aaaaag.batch) [including 4ms in LoadMessage; 7ms in InitializeSparseNdw; 0ms in FindReuseThetaCacheEntry; 0ms in InitializeTheta; 0ms in CreateRegularizerAgents; 42ms in InferThetaAndUpdateNwtSparse; 0ms in UpdateCacheEntry; 37ms in CalculateScore(^^^ItemsProcessedScore^^^); ]
I0326 13:41:07.817162 81354 processor.cc:820] Processor: start processing batch b5031424-2399-4969-956f-93a9e2c1cd32 into model nwt
I0326 13:41:07.832859 81355 processor.cc:925] Processor: complete processing batch f40c0809-c8bb-467b-8150-88cc715685f0 into model nwt
I0326 13:41:07.834514 81355 cuckoo_watch.h:45] 54ms in ProcessBatch(lectures_batches/aaaaaa.batch) [including 3ms in LoadMessage; 3ms in InitializeSparseNdw; 0ms in FindReuseThetaCacheEntry; 0ms in InitializeTheta; 0ms in CreateRegularizerAgents; 27ms in InferThetaAndUpdateNwtSparse; 0ms in UpdateCacheEntry; 18ms in CalculateScore(^^^ItemsProcessedScore^^^); ]
I0326 13:41:07.839622 81355 processor.cc:820] Processor: start processing batch de2957f0-37c0-4389-a944-52b9a03d520a into model nwt
I0326 13:41:07.912580 81354 processor.cc:925] Processor: complete processing batch b5031424-2399-4969-956f-93a9e2c1cd32 into model nwt
I0326 13:41:07.915220 81354 cuckoo_watch.h:45] 103ms in ProcessBatch(lectures_batches/aaaaad.batch) [including 5ms in LoadMessage; 9ms in InitializeSparseNdw; 0ms in FindReuseThetaCacheEntry; 0ms in InitializeTheta; 0ms in CreateRegularizerAgents; 48ms in InferThetaAndUpdateNwtSparse; 0ms in UpdateCacheEntry; 37ms in CalculateScore(^^^ItemsProcessedScore^^^); ]
I0326 13:41:07.921741 81355 processor.cc:925] Processor: complete processing batch de2957f0-37c0-4389-a944-52b9a03d520a into model nwt
I0326 13:41:07.925813 81354 processor.cc:820] Processor: start processing batch 69eefd3f-f18f-4d3f-8218-cbb64963e6e2 into model nwt
I0326 13:41:07.926028 81355 cuckoo_watch.h:45] 91ms in ProcessBatch(lectures_batches/aaaaac.batch) [including 5ms in LoadMessage; 6ms in InitializeSparseNdw; 0ms in FindReuseThetaCacheEntry; 0ms in InitializeTheta; 0ms in CreateRegularizerAgents; 42ms in InferThetaAndUpdateNwtSparse; 0ms in UpdateCacheEntry; 32ms in CalculateScore(^^^ItemsProcessedScore^^^); ]
I0326 13:41:07.934372 81355 processor.cc:820] Processor: start processing batch c53d3d03-724b-4347-8b1d-36ae6bfa0655 into model nwt
I0326 13:41:08.117686 81355 processor.cc:925] Processor: complete processing batch c53d3d03-724b-4347-8b1d-36ae6bfa0655 into model nwt
I0326 13:41:08.121369 81355 cuckoo_watch.h:45] 195ms in ProcessBatch(lectures_batches/aaaaaf.batch) [including 8ms in LoadMessage; 16ms in InitializeSparseNdw; 0ms in FindReuseThetaCacheEntry; 0ms in InitializeTheta; 0ms in CreateRegularizerAgents; 96ms in InferThetaAndUpdateNwtSparse; 0ms in UpdateCacheEntry; 69ms in CalculateScore(^^^ItemsProcessedScore^^^); ]
I0326 13:41:08.142343 81355 processor.cc:740] No data in processing queue, waiting...
I0326 13:41:08.144832 81354 processor.cc:925] Processor: complete processing batch 69eefd3f-f18f-4d3f-8218-cbb64963e6e2 into model nwt
I0326 13:41:08.148138 81354 cuckoo_watch.h:45] 232ms in ProcessBatch(lectures_batches/aaaaae.batch) [including 10ms in LoadMessage; 21ms in InitializeSparseNdw; 0ms in FindReuseThetaCacheEntry; 0ms in InitializeTheta; 0ms in CreateRegularizerAgents; 116ms in InferThetaAndUpdateNwtSparse; 0ms in UpdateCacheEntry; 80ms in CalculateScore(^^^ItemsProcessedScore^^^); ]
I0326 13:41:08.148594 81170 master_component.cc:1436] RegularizeModelArgs: rwt_target_name=rwt, pwt_source_name=pwt, nwt_source_name=nwt
I0326 13:41:08.148600 81170 master_component.cc:976] MasterComponent: start regularizing model pwt
I0326 13:41:08.168550 81354 processor.cc:740] No data in processing queue, waiting...
I0326 13:41:08.305534 81170 master_component.cc:1002] MasterComponent: complete regularizing model pwt
I0326 13:41:08.305665 81170 master_component.cc:1449] NormalizeModelArgs: pwt_target_name=pwt, nwt_source_name=nwt, rwt_source_name=rwt
I0326 13:41:08.305801 81170 master_component.cc:1006] MasterComponent: start normalizing model nwt
I0326 13:41:08.389515 81170 master_component.cc:1034] MasterComponent: complete normalizing model nwt
I0326 13:41:08.499078 81170 master_component.cc:1473] DisposeModel rwt
I0326 13:41:08.510907 81170 master_component.cc:1059] FitOffline: ItemsProcessed, num_items=1728, num_batches=7, token_weight=808522, token_weight_in_effect=808522
I0326 13:41:08.511212 81170 c_interface.cc:389] Pass FitOfflineMasterModelArgs, batch_filename_size=7, batch_weight_size=7, num_collection_passes=1, reset_nwt=yes to MN4artm4core15MasterComponentEFvRKNS_25FitOfflineMasterModelArgsEE
I0326 13:41:08.511953 81170 master_component.cc:1398] ProcessBatchesArgs: nwt_target_name=nwt, batch_filename_size=7, batch_size=0, batch_weight_size=7, pwt_source_name=pwt, num_document_passes=1, regularizer=(name:1:urn:uuid:38ab38e4-8e1f-11eb-a755-29d44eeb5885, tau:100000), regularizer=(name:1:urn:uuid:c01df00a-8e1f-11eb-a755-29d44eeb5885, tau:-100000), class=(text:1), class=(author:1), reuse_theta=yes, opt_for_avx=yes, predict_class_id=, reset_nwt=yes
I0326 13:41:08.532452 81354 processor.cc:747] Processing queue has data, processing started
I0326 13:41:08.532639 81355 processor.cc:747] Processing queue has data, processing started
I0326 13:41:08.536222 81355 processor.cc:820] Processor: start processing batch fbbb13ed-a61c-4101-b241-d8227ae782f9 into model nwt
I0326 13:41:08.537027 81354 processor.cc:820] Processor: start processing batch 55aeb0cb-09d2-4657-9250-e120b86555f9 into model nwt
I0326 13:41:08.593063 81355 processor.cc:925] Processor: complete processing batch fbbb13ed-a61c-4101-b241-d8227ae782f9 into model nwt
I0326 13:41:08.595657 81355 cuckoo_watch.h:45] 62ms in ProcessBatch(lectures_batches/aaaaab.batch) [including 3ms in LoadMessage; 4ms in InitializeSparseNdw; 0ms in FindReuseThetaCacheEntry; 0ms in InitializeTheta; 0ms in CreateRegularizerAgents; 28ms in InferThetaAndUpdateNwtSparse; 0ms in UpdateCacheEntry; 23ms in CalculateScore(^^^ItemsProcessedScore^^^); ]
I0326 13:41:08.599017 81355 processor.cc:820] Processor: start processing batch f40c0809-c8bb-467b-8150-88cc715685f0 into model nwt
I0326 13:41:08.624552 81354 processor.cc:925] Processor: complete processing batch 55aeb0cb-09d2-4657-9250-e120b86555f9 into model nwt
I0326 13:41:08.628090 81354 cuckoo_watch.h:45] 95ms in ProcessBatch(lectures_batches/aaaaag.batch) [including 4ms in LoadMessage; 6ms in InitializeSparseNdw; 0ms in FindReuseThetaCacheEntry; 0ms in InitializeTheta; 0ms in CreateRegularizerAgents; 41ms in InferThetaAndUpdateNwtSparse; 0ms in UpdateCacheEntry; 38ms in CalculateScore(^^^ItemsProcessedScore^^^); ]
I0326 13:41:08.633186 81354 processor.cc:820] Processor: start processing batch b5031424-2399-4969-956f-93a9e2c1cd32 into model nwt
I0326 13:41:08.649082 81355 processor.cc:925] Processor: complete processing batch f40c0809-c8bb-467b-8150-88cc715685f0 into model nwt
I0326 13:41:08.650701 81355 cuckoo_watch.h:45] 55ms in ProcessBatch(lectures_batches/aaaaaa.batch) [including 3ms in LoadMessage; 2ms in InitializeSparseNdw; 0ms in FindReuseThetaCacheEntry; 0ms in InitializeTheta; 0ms in CreateRegularizerAgents; 27ms in InferThetaAndUpdateNwtSparse; 0ms in UpdateCacheEntry; 18ms in CalculateScore(^^^ItemsProcessedScore^^^); ]
I0326 13:41:08.655819 81355 processor.cc:820] Processor: start processing batch de2957f0-37c0-4389-a944-52b9a03d520a into model nwt
I0326 13:41:08.728157 81354 processor.cc:925] Processor: complete processing batch b5031424-2399-4969-956f-93a9e2c1cd32 into model nwt
I0326 13:41:08.731081 81354 cuckoo_watch.h:45] 102ms in ProcessBatch(lectures_batches/aaaaad.batch) [including 5ms in LoadMessage; 7ms in InitializeSparseNdw; 0ms in FindReuseThetaCacheEntry; 0ms in InitializeTheta; 0ms in CreateRegularizerAgents; 48ms in InferThetaAndUpdateNwtSparse; 0ms in UpdateCacheEntry; 37ms in CalculateScore(^^^ItemsProcessedScore^^^); ]
I0326 13:41:08.739445 81355 processor.cc:925] Processor: complete processing batch de2957f0-37c0-4389-a944-52b9a03d520a into model nwt
I0326 13:41:08.741236 81354 processor.cc:820] Processor: start processing batch 69eefd3f-f18f-4d3f-8218-cbb64963e6e2 into model nwt
I0326 13:41:08.742499 81355 cuckoo_watch.h:45] 91ms in ProcessBatch(lectures_batches/aaaaac.batch) [including 5ms in LoadMessage; 6ms in InitializeSparseNdw; 0ms in FindReuseThetaCacheEntry; 0ms in InitializeTheta; 0ms in CreateRegularizerAgents; 42ms in InferThetaAndUpdateNwtSparse; 0ms in UpdateCacheEntry; 33ms in CalculateScore(^^^ItemsProcessedScore^^^); ]
I0326 13:41:08.751518 81355 processor.cc:820] Processor: start processing batch c53d3d03-724b-4347-8b1d-36ae6bfa0655 into model nwt
I0326 13:41:08.917809 81355 processor.cc:925] Processor: complete processing batch c53d3d03-724b-4347-8b1d-36ae6bfa0655 into model nwt
I0326 13:41:08.920965 81355 cuckoo_watch.h:45] 178ms in ProcessBatch(lectures_batches/aaaaaf.batch) [including 8ms in LoadMessage; 15ms in InitializeSparseNdw; 0ms in FindReuseThetaCacheEntry; 0ms in InitializeTheta; 0ms in CreateRegularizerAgents; 88ms in InferThetaAndUpdateNwtSparse; 0ms in UpdateCacheEntry; 61ms in CalculateScore(^^^ItemsProcessedScore^^^); ]
I0326 13:41:08.942242 81355 processor.cc:740] No data in processing queue, waiting...
I0326 13:41:08.947525 81354 processor.cc:925] Processor: complete processing batch 69eefd3f-f18f-4d3f-8218-cbb64963e6e2 into model nwt
I0326 13:41:08.952289 81354 cuckoo_watch.h:45] 220ms in ProcessBatch(lectures_batches/aaaaae.batch) [including 10ms in LoadMessage; 21ms in InitializeSparseNdw; 0ms in FindReuseThetaCacheEntry; 0ms in InitializeTheta; 0ms in CreateRegularizerAgents; 109ms in InferThetaAndUpdateNwtSparse; 0ms in UpdateCacheEntry; 75ms in CalculateScore(^^^ItemsProcessedScore^^^); ]
I0326 13:41:08.952692 81170 master_component.cc:1436] RegularizeModelArgs: rwt_target_name=rwt, pwt_source_name=pwt, nwt_source_name=nwt
I0326 13:41:08.952699 81170 master_component.cc:976] MasterComponent: start regularizing model pwt
I0326 13:41:08.972822 81354 processor.cc:740] No data in processing queue, waiting...
I0326 13:41:09.113716 81170 master_component.cc:1002] MasterComponent: complete regularizing model pwt
I0326 13:41:09.113842 81170 master_component.cc:1449] NormalizeModelArgs: pwt_target_name=pwt, nwt_source_name=nwt, rwt_source_name=rwt
I0326 13:41:09.113942 81170 master_component.cc:1006] MasterComponent: start normalizing model nwt
I0326 13:41:09.194515 81170 master_component.cc:1034] MasterComponent: complete normalizing model nwt
I0326 13:41:09.276872 81170 master_component.cc:1473] DisposeModel rwt
I0326 13:41:09.284936 81170 master_component.cc:1059] FitOffline: ItemsProcessed, num_items=1728, num_batches=7, token_weight=808522, token_weight_in_effect=808522
I0326 13:41:09.285190 81170 c_interface.cc:389] Pass FitOfflineMasterModelArgs, batch_filename_size=7, batch_weight_size=7, num_collection_passes=1, reset_nwt=yes to MN4artm4core15MasterComponentEFvRKNS_25FitOfflineMasterModelArgsEE
I0326 13:41:09.285915 81170 master_component.cc:1398] ProcessBatchesArgs: nwt_target_name=nwt, batch_filename_size=7, batch_size=0, batch_weight_size=7, pwt_source_name=pwt, num_document_passes=1, regularizer=(name:1:urn:uuid:38ab38e4-8e1f-11eb-a755-29d44eeb5885, tau:100000), regularizer=(name:1:urn:uuid:c01df00a-8e1f-11eb-a755-29d44eeb5885, tau:-100000), class=(text:1), class=(author:1), reuse_theta=yes, opt_for_avx=yes, predict_class_id=, reset_nwt=yes
I0326 13:41:09.303359 81355 processor.cc:747] Processing queue has data, processing started
I0326 13:41:09.304412 81354 processor.cc:747] Processing queue has data, processing started
I0326 13:41:09.306910 81355 processor.cc:820] Processor: start processing batch fbbb13ed-a61c-4101-b241-d8227ae782f9 into model nwt
I0326 13:41:09.308621 81354 processor.cc:820] Processor: start processing batch 55aeb0cb-09d2-4657-9250-e120b86555f9 into model nwt
I0326 13:41:09.354933 81355 processor.cc:925] Processor: complete processing batch fbbb13ed-a61c-4101-b241-d8227ae782f9 into model nwt
I0326 13:41:09.357199 81355 cuckoo_watch.h:45] 53ms in ProcessBatch(lectures_batches/aaaaab.batch) [including 3ms in LoadMessage; 3ms in InitializeSparseNdw; 0ms in FindReuseThetaCacheEntry; 0ms in InitializeTheta; 0ms in CreateRegularizerAgents; 25ms in InferThetaAndUpdateNwtSparse; 0ms in UpdateCacheEntry; 18ms in CalculateScore(^^^ItemsProcessedScore^^^); ]
I0326 13:41:09.359632 81355 processor.cc:820] Processor: start processing batch f40c0809-c8bb-467b-8150-88cc715685f0 into model nwt
I0326 13:41:09.380508 81354 processor.cc:925] Processor: complete processing batch 55aeb0cb-09d2-4657-9250-e120b86555f9 into model nwt
I0326 13:41:09.382793 81354 cuckoo_watch.h:45] 78ms in ProcessBatch(lectures_batches/aaaaag.batch) [including 4ms in LoadMessage; 5ms in InitializeSparseNdw; 0ms in FindReuseThetaCacheEntry; 0ms in InitializeTheta; 0ms in CreateRegularizerAgents; 37ms in InferThetaAndUpdateNwtSparse; 0ms in UpdateCacheEntry; 28ms in CalculateScore(^^^ItemsProcessedScore^^^); ]
I0326 13:41:09.386783 81354 processor.cc:820] Processor: start processing batch b5031424-2399-4969-956f-93a9e2c1cd32 into model nwt
I0326 13:41:09.398478 81355 processor.cc:925] Processor: complete processing batch f40c0809-c8bb-467b-8150-88cc715685f0 into model nwt
I0326 13:41:09.400102 81355 cuckoo_watch.h:45] 42ms in ProcessBatch(lectures_batches/aaaaaa.batch) [including 2ms in LoadMessage; 2ms in InitializeSparseNdw; 0ms in FindReuseThetaCacheEntry; 0ms in InitializeTheta; 0ms in CreateRegularizerAgents; 21ms in InferThetaAndUpdateNwtSparse; 0ms in UpdateCacheEntry; 14ms in CalculateScore(^^^ItemsProcessedScore^^^); ]
I0326 13:41:09.403610 81355 processor.cc:820] Processor: start processing batch de2957f0-37c0-4389-a944-52b9a03d520a into model nwt
I0326 13:41:09.474346 81354 processor.cc:925] Processor: complete processing batch b5031424-2399-4969-956f-93a9e2c1cd32 into model nwt
I0326 13:41:09.478075 81354 cuckoo_watch.h:45] 95ms in ProcessBatch(lectures_batches/aaaaad.batch) [including 3ms in LoadMessage; 5ms in InitializeSparseNdw; 0ms in FindReuseThetaCacheEntry; 0ms in InitializeTheta; 0ms in CreateRegularizerAgents; 42ms in InferThetaAndUpdateNwtSparse; 0ms in UpdateCacheEntry; 39ms in CalculateScore(^^^ItemsProcessedScore^^^); ]
I0326 13:41:09.485996 81355 processor.cc:925] Processor: complete processing batch de2957f0-37c0-4389-a944-52b9a03d520a into model nwt
I0326 13:41:09.489029 81354 processor.cc:820] Processor: start processing batch 69eefd3f-f18f-4d3f-8218-cbb64963e6e2 into model nwt
I0326 13:41:09.489205 81355 cuckoo_watch.h:45] 89ms in ProcessBatch(lectures_batches/aaaaac.batch) [including 3ms in LoadMessage; 5ms in InitializeSparseNdw; 0ms in FindReuseThetaCacheEntry; 0ms in InitializeTheta; 0ms in CreateRegularizerAgents; 41ms in InferThetaAndUpdateNwtSparse; 0ms in UpdateCacheEntry; 34ms in CalculateScore(^^^ItemsProcessedScore^^^); ]
I0326 13:41:09.497769 81355 processor.cc:820] Processor: start processing batch c53d3d03-724b-4347-8b1d-36ae6bfa0655 into model nwt
I0326 13:41:09.679965 81355 processor.cc:925] Processor: complete processing batch c53d3d03-724b-4347-8b1d-36ae6bfa0655 into model nwt
I0326 13:41:09.683743 81355 cuckoo_watch.h:45] 194ms in ProcessBatch(lectures_batches/aaaaaf.batch) [including 8ms in LoadMessage; 15ms in InitializeSparseNdw; 0ms in FindReuseThetaCacheEntry; 0ms in InitializeTheta; 0ms in CreateRegularizerAgents; 89ms in InferThetaAndUpdateNwtSparse; 0ms in UpdateCacheEntry; 77ms in CalculateScore(^^^ItemsProcessedScore^^^); ]
I0326 13:41:09.704602 81355 processor.cc:740] No data in processing queue, waiting...
I0326 13:41:09.718431 81354 processor.cc:925] Processor: complete processing batch 69eefd3f-f18f-4d3f-8218-cbb64963e6e2 into model nwt
I0326 13:41:09.724606 81170 master_component.cc:1436] RegularizeModelArgs: rwt_target_name=rwt, pwt_source_name=pwt, nwt_source_name=nwt
I0326 13:41:09.724622 81170 master_component.cc:976] MasterComponent: start regularizing model pwt
I0326 13:41:09.724769 81354 cuckoo_watch.h:45] 246ms in ProcessBatch(lectures_batches/aaaaae.batch) [including 10ms in LoadMessage; 20ms in InitializeSparseNdw; 0ms in FindReuseThetaCacheEntry; 0ms in InitializeTheta; 0ms in CreateRegularizerAgents; 110ms in InferThetaAndUpdateNwtSparse; 0ms in UpdateCacheEntry; 98ms in CalculateScore(^^^ItemsProcessedScore^^^); ]
I0326 13:41:09.745584 81354 processor.cc:740] No data in processing queue, waiting...
I0326 13:41:09.881016 81170 master_component.cc:1002] MasterComponent: complete regularizing model pwt
I0326 13:41:09.881132 81170 master_component.cc:1449] NormalizeModelArgs: pwt_target_name=pwt, nwt_source_name=nwt, rwt_source_name=rwt
I0326 13:41:09.881230 81170 master_component.cc:1006] MasterComponent: start normalizing model nwt
I0326 13:41:09.961053 81170 master_component.cc:1034] MasterComponent: complete normalizing model nwt
I0326 13:41:10.060416 81170 master_component.cc:1473] DisposeModel rwt
I0326 13:41:10.070333 81170 master_component.cc:1059] FitOffline: ItemsProcessed, num_items=1728, num_batches=7, token_weight=808522, token_weight_in_effect=808522
I0326 13:41:10.070811 81170 c_interface.cc:389] Pass FitOfflineMasterModelArgs, batch_filename_size=7, batch_weight_size=7, num_collection_passes=1, reset_nwt=yes to MN4artm4core15MasterComponentEFvRKNS_25FitOfflineMasterModelArgsEE
I0326 13:41:10.071841 81170 master_component.cc:1398] ProcessBatchesArgs: nwt_target_name=nwt, batch_filename_size=7, batch_size=0, batch_weight_size=7, pwt_source_name=pwt, num_document_passes=1, regularizer=(name:1:urn:uuid:38ab38e4-8e1f-11eb-a755-29d44eeb5885, tau:100000), regularizer=(name:1:urn:uuid:c01df00a-8e1f-11eb-a755-29d44eeb5885, tau:-100000), class=(text:1), class=(author:1), reuse_theta=yes, opt_for_avx=yes, predict_class_id=, reset_nwt=yes
I0326 13:41:10.091421 81355 processor.cc:747] Processing queue has data, processing started
I0326 13:41:10.092341 81354 processor.cc:747] Processing queue has data, processing started
I0326 13:41:10.095225 81355 processor.cc:820] Processor: start processing batch fbbb13ed-a61c-4101-b241-d8227ae782f9 into model nwt
I0326 13:41:10.097075 81354 processor.cc:820] Processor: start processing batch 55aeb0cb-09d2-4657-9250-e120b86555f9 into model nwt
I0326 13:41:10.159795 81355 processor.cc:925] Processor: complete processing batch fbbb13ed-a61c-4101-b241-d8227ae782f9 into model nwt
I0326 13:41:10.162389 81355 cuckoo_watch.h:45] 70ms in ProcessBatch(lectures_batches/aaaaab.batch) [including 3ms in LoadMessage; 3ms in InitializeSparseNdw; 0ms in FindReuseThetaCacheEntry; 0ms in InitializeTheta; 0ms in CreateRegularizerAgents; 31ms in InferThetaAndUpdateNwtSparse; 0ms in UpdateCacheEntry; 28ms in CalculateScore(^^^ItemsProcessedScore^^^); ]
I0326 13:41:10.165328 81355 processor.cc:820] Processor: start processing batch f40c0809-c8bb-467b-8150-88cc715685f0 into model nwt
I0326 13:41:10.191438 81354 processor.cc:925] Processor: complete processing batch 55aeb0cb-09d2-4657-9250-e120b86555f9 into model nwt
I0326 13:41:10.195097 81354 cuckoo_watch.h:45] 102ms in ProcessBatch(lectures_batches/aaaaag.batch) [including 4ms in LoadMessage; 5ms in InitializeSparseNdw; 0ms in FindReuseThetaCacheEntry; 0ms in InitializeTheta; 0ms in CreateRegularizerAgents; 49ms in InferThetaAndUpdateNwtSparse; 0ms in UpdateCacheEntry; 38ms in CalculateScore(^^^ItemsProcessedScore^^^); ]
I0326 13:41:10.199841 81354 processor.cc:820] Processor: start processing batch b5031424-2399-4969-956f-93a9e2c1cd32 into model nwt
I0326 13:41:10.214821 81355 processor.cc:925] Processor: complete processing batch f40c0809-c8bb-467b-8150-88cc715685f0 into model nwt
I0326 13:41:10.216442 81355 cuckoo_watch.h:45] 54ms in ProcessBatch(lectures_batches/aaaaaa.batch) [including 2ms in LoadMessage; 2ms in InitializeSparseNdw; 0ms in FindReuseThetaCacheEntry; 0ms in InitializeTheta; 0ms in CreateRegularizerAgents; 27ms in InferThetaAndUpdateNwtSparse; 0ms in UpdateCacheEntry; 18ms in CalculateScore(^^^ItemsProcessedScore^^^); ]
I0326 13:41:10.221541 81355 processor.cc:820] Processor: start processing batch de2957f0-37c0-4389-a944-52b9a03d520a into model nwt
I0326 13:41:10.292193 81354 processor.cc:925] Processor: complete processing batch b5031424-2399-4969-956f-93a9e2c1cd32 into model nwt
I0326 13:41:10.295579 81354 cuckoo_watch.h:45] 100ms in ProcessBatch(lectures_batches/aaaaad.batch) [including 4ms in LoadMessage; 7ms in InitializeSparseNdw; 0ms in FindReuseThetaCacheEntry; 0ms in InitializeTheta; 0ms in CreateRegularizerAgents; 48ms in InferThetaAndUpdateNwtSparse; 0ms in UpdateCacheEntry; 35ms in CalculateScore(^^^ItemsProcessedScore^^^); ]
I0326 13:41:10.302418 81355 processor.cc:925] Processor: complete processing batch de2957f0-37c0-4389-a944-52b9a03d520a into model nwt
I0326 13:41:10.305663 81354 processor.cc:820] Processor: start processing batch 69eefd3f-f18f-4d3f-8218-cbb64963e6e2 into model nwt
I0326 13:41:10.306561 81355 cuckoo_watch.h:45] 89ms in ProcessBatch(lectures_batches/aaaaac.batch) [including 5ms in LoadMessage; 6ms in InitializeSparseNdw; 0ms in FindReuseThetaCacheEntry; 0ms in InitializeTheta; 0ms in CreateRegularizerAgents; 41ms in InferThetaAndUpdateNwtSparse; 0ms in UpdateCacheEntry; 31ms in CalculateScore(^^^ItemsProcessedScore^^^); ]
I0326 13:41:10.315297 81355 processor.cc:820] Processor: start processing batch c53d3d03-724b-4347-8b1d-36ae6bfa0655 into model nwt
I0326 13:41:10.498687 81355 processor.cc:925] Processor: complete processing batch c53d3d03-724b-4347-8b1d-36ae6bfa0655 into model nwt
I0326 13:41:10.502399 81355 cuckoo_watch.h:45] 195ms in ProcessBatch(lectures_batches/aaaaaf.batch) [including 8ms in LoadMessage; 15ms in InitializeSparseNdw; 0ms in FindReuseThetaCacheEntry; 0ms in InitializeTheta; 0ms in CreateRegularizerAgents; 86ms in InferThetaAndUpdateNwtSparse; 0ms in UpdateCacheEntry; 80ms in CalculateScore(^^^ItemsProcessedScore^^^); ]
I0326 13:41:10.523164 81355 processor.cc:740] No data in processing queue, waiting...
I0326 13:41:10.540032 81354 processor.cc:925] Processor: complete processing batch 69eefd3f-f18f-4d3f-8218-cbb64963e6e2 into model nwt
I0326 13:41:10.545660 81354 cuckoo_watch.h:45] 249ms in ProcessBatch(lectures_batches/aaaaae.batch) [including 10ms in LoadMessage; 21ms in InitializeSparseNdw; 0ms in FindReuseThetaCacheEntry; 0ms in InitializeTheta; 0ms in CreateRegularizerAgents; 108ms in InferThetaAndUpdateNwtSparse; 0ms in UpdateCacheEntry; 103ms in CalculateScore(^^^ItemsProcessedScore^^^); ]
I0326 13:41:10.545943 81170 master_component.cc:1436] RegularizeModelArgs: rwt_target_name=rwt, pwt_source_name=pwt, nwt_source_name=nwt
I0326 13:41:10.545951 81170 master_component.cc:976] MasterComponent: start regularizing model pwt
I0326 13:41:10.566625 81354 processor.cc:740] No data in processing queue, waiting...
I0326 13:41:10.728097 81170 master_component.cc:1002] MasterComponent: complete regularizing model pwt
I0326 13:41:10.728215 81170 master_component.cc:1449] NormalizeModelArgs: pwt_target_name=pwt, nwt_source_name=nwt, rwt_source_name=rwt
I0326 13:41:10.728317 81170 master_component.cc:1006] MasterComponent: start normalizing model nwt
I0326 13:41:10.806124 81170 master_component.cc:1034] MasterComponent: complete normalizing model nwt
I0326 13:41:10.908008 81170 master_component.cc:1473] DisposeModel rwt
I0326 13:41:10.917829 81170 master_component.cc:1059] FitOffline: ItemsProcessed, num_items=1728, num_batches=7, token_weight=808522, token_weight_in_effect=808522
I0326 13:41:10.918131 81170 c_interface.cc:389] Pass FitOfflineMasterModelArgs, batch_filename_size=7, batch_weight_size=7, num_collection_passes=1, reset_nwt=yes to MN4artm4core15MasterComponentEFvRKNS_25FitOfflineMasterModelArgsEE
I0326 13:41:10.918747 81170 master_component.cc:1398] ProcessBatchesArgs: nwt_target_name=nwt, batch_filename_size=7, batch_size=0, batch_weight_size=7, pwt_source_name=pwt, num_document_passes=1, regularizer=(name:1:urn:uuid:38ab38e4-8e1f-11eb-a755-29d44eeb5885, tau:100000), regularizer=(name:1:urn:uuid:c01df00a-8e1f-11eb-a755-29d44eeb5885, tau:-100000), class=(text:1), class=(author:1), reuse_theta=yes, opt_for_avx=yes, predict_class_id=, reset_nwt=yes
I0326 13:41:10.939011 81354 processor.cc:747] Processing queue has data, processing started
I0326 13:41:10.940243 81355 processor.cc:747] Processing queue has data, processing started
I0326 13:41:10.944460 81354 processor.cc:820] Processor: start processing batch fbbb13ed-a61c-4101-b241-d8227ae782f9 into model nwt
I0326 13:41:10.945039 81355 processor.cc:820] Processor: start processing batch 55aeb0cb-09d2-4657-9250-e120b86555f9 into model nwt
I0326 13:41:10.999480 81354 processor.cc:925] Processor: complete processing batch fbbb13ed-a61c-4101-b241-d8227ae782f9 into model nwt
I0326 13:41:11.001372 81354 cuckoo_watch.h:45] 62ms in ProcessBatch(lectures_batches/aaaaab.batch) [including 5ms in LoadMessage; 3ms in InitializeSparseNdw; 0ms in FindReuseThetaCacheEntry; 0ms in InitializeTheta; 0ms in CreateRegularizerAgents; 29ms in InferThetaAndUpdateNwtSparse; 0ms in UpdateCacheEntry; 21ms in CalculateScore(^^^ItemsProcessedScore^^^); ]
I0326 13:41:11.004673 81354 processor.cc:820] Processor: start processing batch f40c0809-c8bb-467b-8150-88cc715685f0 into model nwt
I0326 13:41:11.027047 81355 processor.cc:925] Processor: complete processing batch 55aeb0cb-09d2-4657-9250-e120b86555f9 into model nwt
I0326 13:41:11.029819 81355 cuckoo_watch.h:45] 89ms in ProcessBatch(lectures_batches/aaaaag.batch) [including 4ms in LoadMessage; 5ms in InitializeSparseNdw; 0ms in FindReuseThetaCacheEntry; 0ms in InitializeTheta; 0ms in CreateRegularizerAgents; 40ms in InferThetaAndUpdateNwtSparse; 0ms in UpdateCacheEntry; 36ms in CalculateScore(^^^ItemsProcessedScore^^^); ]
I0326 13:41:11.034190 81355 processor.cc:820] Processor: start processing batch b5031424-2399-4969-956f-93a9e2c1cd32 into model nwt
I0326 13:41:11.054075 81354 processor.cc:925] Processor: complete processing batch f40c0809-c8bb-467b-8150-88cc715685f0 into model nwt
I0326 13:41:11.056816 81354 cuckoo_watch.h:45] 55ms in ProcessBatch(lectures_batches/aaaaaa.batch) [including 3ms in LoadMessage; 4ms in InitializeSparseNdw; 0ms in FindReuseThetaCacheEntry; 0ms in InitializeTheta; 0ms in CreateRegularizerAgents; 25ms in InferThetaAndUpdateNwtSparse; 0ms in UpdateCacheEntry; 18ms in CalculateScore(^^^ItemsProcessedScore^^^); ]
I0326 13:41:11.062276 81354 processor.cc:820] Processor: start processing batch de2957f0-37c0-4389-a944-52b9a03d520a into model nwt
I0326 13:41:11.130867 81355 processor.cc:925] Processor: complete processing batch b5031424-2399-4969-956f-93a9e2c1cd32 into model nwt
I0326 13:41:11.133778 81355 cuckoo_watch.h:45] 103ms in ProcessBatch(lectures_batches/aaaaad.batch) [including 4ms in LoadMessage; 8ms in InitializeSparseNdw; 0ms in FindReuseThetaCacheEntry; 0ms in InitializeTheta; 0ms in CreateRegularizerAgents; 52ms in InferThetaAndUpdateNwtSparse; 0ms in UpdateCacheEntry; 36ms in CalculateScore(^^^ItemsProcessedScore^^^); ]
I0326 13:41:11.144739 81355 processor.cc:820] Processor: start processing batch 69eefd3f-f18f-4d3f-8218-cbb64963e6e2 into model nwt
I0326 13:41:11.149153 81354 processor.cc:925] Processor: complete processing batch de2957f0-37c0-4389-a944-52b9a03d520a into model nwt
I0326 13:41:11.152140 81354 cuckoo_watch.h:45] 95ms in ProcessBatch(lectures_batches/aaaaac.batch) [including 5ms in LoadMessage; 5ms in InitializeSparseNdw; 0ms in FindReuseThetaCacheEntry; 0ms in InitializeTheta; 0ms in CreateRegularizerAgents; 47ms in InferThetaAndUpdateNwtSparse; 0ms in UpdateCacheEntry; 32ms in CalculateScore(^^^ItemsProcessedScore^^^); ]
I0326 13:41:11.161543 81354 processor.cc:820] Processor: start processing batch c53d3d03-724b-4347-8b1d-36ae6bfa0655 into model nwt
I0326 13:41:11.362267 81354 processor.cc:925] Processor: complete processing batch c53d3d03-724b-4347-8b1d-36ae6bfa0655 into model nwt
I0326 13:41:11.366364 81354 cuckoo_watch.h:45] 214ms in ProcessBatch(lectures_batches/aaaaaf.batch) [including 9ms in LoadMessage; 16ms in InitializeSparseNdw; 0ms in FindReuseThetaCacheEntry; 0ms in InitializeTheta; 0ms in CreateRegularizerAgents; 99ms in InferThetaAndUpdateNwtSparse; 0ms in UpdateCacheEntry; 84ms in CalculateScore(^^^ItemsProcessedScore^^^); ]
I0326 13:41:11.385339 81355 processor.cc:925] Processor: complete processing batch 69eefd3f-f18f-4d3f-8218-cbb64963e6e2 into model nwt
I0326 13:41:11.388049 81354 processor.cc:740] No data in processing queue, waiting...
I0326 13:41:11.391851 81355 cuckoo_watch.h:45] 257ms in ProcessBatch(lectures_batches/aaaaae.batch) [including 10ms in LoadMessage; 20ms in InitializeSparseNdw; 0ms in FindReuseThetaCacheEntry; 0ms in InitializeTheta; 0ms in CreateRegularizerAgents; 116ms in InferThetaAndUpdateNwtSparse; 0ms in UpdateCacheEntry; 102ms in CalculateScore(^^^ItemsProcessedScore^^^); ]
I0326 13:41:11.392081 81170 master_component.cc:1436] RegularizeModelArgs: rwt_target_name=rwt, pwt_source_name=pwt, nwt_source_name=nwt
I0326 13:41:11.392091 81170 master_component.cc:976] MasterComponent: start regularizing model pwt
I0326 13:41:11.412557 81355 processor.cc:740] No data in processing queue, waiting...
I0326 13:41:11.557127 81170 master_component.cc:1002] MasterComponent: complete regularizing model pwt
I0326 13:41:11.557257 81170 master_component.cc:1449] NormalizeModelArgs: pwt_target_name=pwt, nwt_source_name=nwt, rwt_source_name=rwt
I0326 13:41:11.557366 81170 master_component.cc:1006] MasterComponent: start normalizing model nwt
I0326 13:41:11.647517 81170 master_component.cc:1034] MasterComponent: complete normalizing model nwt
I0326 13:41:11.779414 81170 master_component.cc:1473] DisposeModel rwt
I0326 13:41:11.792196 81170 master_component.cc:1059] FitOffline: ItemsProcessed, num_items=1728, num_batches=7, token_weight=808522, token_weight_in_effect=808522
I0326 13:41:40.720940 81170 c_interface.cc:231] ArtmCopyRequestedMessage is copying 545372 bytes...
I0326 13:42:09.358850 81170 c_interface.cc:231] ArtmCopyRequestedMessage is copying 906654 bytes...
I0326 13:42:36.584359 81170 c_interface.cc:231] ArtmCopyRequestedMessage is copying 68913 bytes...
W0326 13:42:36.597774 81170 check_messages.h:1082] Inconsistent fields size in ThetaMatrix: 1728 vs 0 vs 1728 vs 0;
I0326 13:42:36.600267 81170 c_interface.cc:231] ArtmCopyRequestedMessage is copying 62001 bytes...
I0326 13:42:36.602135 81170 c_interface.cc:236] ArtmCopyRequestedObject is copying 207360 bytes...
I0326 13:42:36.608508 81170 phi_matrix_operations.cc:84] RetrieveExternalTopicModel() with 30 topics, 26866 tokens
I0326 13:42:36.653950 81170 c_interface.cc:231] ArtmCopyRequestedMessage is copying 825334 bytes...
I0326 13:42:36.678560 81170 phi_matrix_operations.cc:84] RetrieveExternalTopicModel() with 30 topics, 539 tokens
I0326 13:42:36.679432 81170 c_interface.cc:231] ArtmCopyRequestedMessage is copying 21126 bytes...
I0326 13:42:36.679813 81170 c_interface.cc:236] ArtmCopyRequestedObject is copying 64680 bytes...
I0326 13:50:35.831972 81170 c_interface.cc:231] ArtmCopyRequestedMessage is copying 545372 bytes...
I0326 13:50:36.462662 81170 c_interface.cc:231] ArtmCopyRequestedMessage is copying 906654 bytes...
I0326 13:50:40.507438 81170 c_interface.cc:231] ArtmCopyRequestedMessage is copying 68913 bytes...
W0326 13:50:40.513373 81170 check_messages.h:1082] Inconsistent fields size in ThetaMatrix: 1728 vs 0 vs 1728 vs 0;
I0326 13:50:40.514262 81170 c_interface.cc:231] ArtmCopyRequestedMessage is copying 62001 bytes...
I0326 13:50:40.515237 81170 c_interface.cc:236] ArtmCopyRequestedObject is copying 207360 bytes...
I0326 13:50:40.518831 81170 phi_matrix_operations.cc:84] RetrieveExternalTopicModel() with 30 topics, 26866 tokens
I0326 13:50:40.556623 81170 c_interface.cc:231] ArtmCopyRequestedMessage is copying 825334 bytes...
I0326 13:50:40.582747 81170 phi_matrix_operations.cc:84] RetrieveExternalTopicModel() with 30 topics, 539 tokens
I0326 13:50:40.583436 81170 c_interface.cc:231] ArtmCopyRequestedMessage is copying 21126 bytes...
I0326 13:50:40.583777 81170 c_interface.cc:236] ArtmCopyRequestedObject is copying 64680 bytes...
I0326 13:59:05.647910 81170 c_interface.cc:271] Pass MasterModelConfig: topic_name_size=0, score_config_size=1, num_processors=0, pwt_name=pwt, nwt_name=nwt, num_document_passes=0, reuse_theta=no, cache_theta=no, opt_for_avx=yes, disk_cache_path= to ArtmCreateMasterModel
I0326 13:59:05.648182 81170 c_interface.cc:274] Creating MasterModel (id=4)...
I0326 13:59:05.650346 81170 collection_parser.cc:557] CollectionParserConfig.num_threads is automatically set to 8
W0326 13:59:05.823272 82653 helpers.cc:221] File already exists: lectures_batches/aaaaaa.batch
W0326 13:59:05.860050 82657 helpers.cc:221] File already exists: lectures_batches/aaaaab.batch
W0326 13:59:05.904721 82654 helpers.cc:221] File already exists: lectures_batches/aaaaad.batch
W0326 13:59:05.914451 82659 helpers.cc:221] File already exists: lectures_batches/aaaaac.batch
W0326 13:59:05.923872 82660 helpers.cc:221] File already exists: lectures_batches/aaaaag.batch
W0326 13:59:06.180146 82656 helpers.cc:221] File already exists: lectures_batches/aaaaaf.batch
W0326 13:59:06.269675 82655 helpers.cc:221] File already exists: lectures_batches/aaaaae.batch
I0326 13:59:06.291764 81170 c_interface.cc:375] Pass 8337c229-a397-430d-8019-8ed4867e4834 to MN4artm4core15MasterComponentEFvRKSsE
I0326 13:59:06.291865 81170 c_interface.cc:389] Pass GatherDictionaryArgs: dictionary_target_name=8337c229-a397-430d-8019-8ed4867e4834, data_path=lectures_batches, symmetric_cooc_values=0 to MN4artm4core15MasterComponentEFvRKNS_20GatherDictionaryArgsEE
I0326 13:59:06.291932 81170 dictionary_operations.cc:261] Found 7 batches in 'lectures_batches' folder
I0326 13:59:06.486200 81170 dictionary_operations.cc:325] Find 26866 unique tokens in 1728 items
I0326 13:59:06.525195 81170 dictionary_operations.cc:589] Dictionary name='8337c229-a397-430d-8019-8ed4867e4834' contains entries: author:539; text:26327; 
I0326 13:59:06.526110 81170 c_interface.cc:375] Pass 5706d8a1-ed54-4fee-81f0-2b7e11918019 to MN4artm4core15MasterComponentEFvRKSsE
I0326 13:59:06.536310 81170 c_interface.cc:339] Disposing MasterComponent (id=1)...
I0326 13:59:15.289832 81170 c_interface.cc:271] Pass MasterModelConfig: topic_name_size=30, class=(text:1), class=(author:1), score_config_size=1, num_processors=2, pwt_name=pwt, nwt_name=nwt, num_document_passes=10, reuse_theta=yes, cache_theta=yes, opt_for_avx=yes, disk_cache_path= to ArtmCreateMasterModel
I0326 13:59:15.290099 81170 c_interface.cc:274] Creating MasterModel (id=5)...
I0326 13:59:15.291622 81354 processor.cc:732] Processor thread stopped
I0326 13:59:15.291712 81354 processor.cc:733] Total number of processed batches: 160
I0326 13:59:15.292129 82663 processor.cc:724] Processor thread started
I0326 13:59:15.292343 81355 processor.cc:732] Processor thread stopped
I0326 13:59:15.292371 81355 processor.cc:733] Total number of processed batches: 155
I0326 13:59:15.292537 82662 processor.cc:724] Processor thread started
I0326 13:59:15.313505 82662 processor.cc:740] No data in processing queue, waiting...
I0326 13:59:15.313539 82663 processor.cc:740] No data in processing queue, waiting...
I0326 13:59:15.346108 81170 c_interface.cc:339] Disposing MasterComponent (id=2)...
I0326 13:59:21.076006 81170 c_interface.cc:271] Pass MasterModelConfig: topic_name_size=0, score_config_size=1, num_processors=0, pwt_name=pwt, nwt_name=nwt, num_document_passes=0, reuse_theta=no, cache_theta=no, opt_for_avx=yes, disk_cache_path= to ArtmCreateMasterModel
I0326 13:59:21.076076 81170 c_interface.cc:274] Creating MasterModel (id=6)...
I0326 13:59:21.076907 81170 c_interface.cc:375] Pass dict to MN4artm4core15MasterComponentEFvRKSsE
I0326 13:59:21.101246 81170 c_interface.cc:339] Disposing MasterComponent (id=3)...
I0326 13:59:21.102494 81170 c_interface.cc:375] Pass dict to MN4artm4core15MasterComponentEFvRKSsE
I0326 13:59:21.102720 81170 c_interface.cc:389] Pass GatherDictionaryArgs: dictionary_target_name=dict, data_path=lectures_batches, symmetric_cooc_values=0 to MN4artm4core15MasterComponentEFvRKNS_20GatherDictionaryArgsEE
I0326 13:59:21.102902 81170 dictionary_operations.cc:261] Found 7 batches in 'lectures_batches' folder
I0326 13:59:21.271736 81170 dictionary_operations.cc:325] Find 26866 unique tokens in 1728 items
I0326 13:59:21.302393 81170 dictionary_operations.cc:589] Dictionary name='dict' contains entries: author:539; text:26327; 
I0326 13:59:21.303491 81170 c_interface.cc:375] Pass pwt to MN4artm4core15MasterComponentEFvRKSsE
I0326 13:59:21.303556 81170 c_interface.cc:375] Pass nwt to MN4artm4core15MasterComponentEFvRKSsE
I0326 13:59:21.303686 81170 c_interface.cc:389] Pass InitializeModelArgs: model_name=pwt, dictionary_name=dict, topic_name_size=30, seed=-1 to MN4artm4core15MasterComponentEFvRKNS_19InitializeModelArgsEE
I0326 13:59:21.414368 81170 master_component.cc:664] InitializeModel() created matrix pwt with 30 topics and 26866 tokens; 
I0326 13:59:21.414510 81170 c_interface.cc:389] Pass InitializeModelArgs: model_name=nwt, dictionary_name=dict, topic_name_size=30, seed=-1 to MN4artm4core15MasterComponentEFvRKNS_19InitializeModelArgsEE
I0326 13:59:21.512668 81170 master_component.cc:664] InitializeModel() created matrix nwt with 30 topics and 26866 tokens; 
I0326 13:59:21.512835 81170 c_interface.cc:231] ArtmCopyRequestedMessage is copying 311 bytes...
